ARM Linker, 5.03 [Build 24] [MDK-ARM Standard]

==============================================================================

Section Cross References

    startup_stm32f10x_md.o(STACK) refers (Special) to heapauxi.o(.text) for __use_two_region_memory
    startup_stm32f10x_md.o(HEAP) refers (Special) to heapauxi.o(.text) for __use_two_region_memory
    startup_stm32f10x_md.o(RESET) refers (Special) to heapauxi.o(.text) for __use_two_region_memory
    startup_stm32f10x_md.o(RESET) refers to startup_stm32f10x_md.o(STACK) for __initial_sp
    startup_stm32f10x_md.o(RESET) refers to startup_stm32f10x_md.o(.text) for Reset_Handler
    startup_stm32f10x_md.o(RESET) refers to stm32f10x_it.o(.text) for NMI_Handler
    startup_stm32f10x_md.o(RESET) refers to usart2.o(.text) for TIM4_IRQHandler
    startup_stm32f10x_md.o(RESET) refers to usart.o(.text) for USART1_IRQHandler
    startup_stm32f10x_md.o(.text) refers (Special) to heapauxi.o(.text) for __use_two_region_memory
    startup_stm32f10x_md.o(.text) refers to system_stm32f10x.o(.text) for SystemInit
    startup_stm32f10x_md.o(.text) refers to __main.o(!!!main) for __main
    startup_stm32f10x_md.o(.text) refers to startup_stm32f10x_md.o(HEAP) for Heap_Mem
    startup_stm32f10x_md.o(.text) refers to startup_stm32f10x_md.o(STACK) for Stack_Mem
    main.o(.text) refers to _printf_percent.o(.ARM.Collect$$_printf_percent$$00000000) for _printf_percent
    main.o(.text) refers to _printf_f.o(.ARM.Collect$$_printf_percent$$00000003) for _printf_f
    main.o(.text) refers to printf1.o(x$fpl$printf1) for _printf_fp_dec
    main.o(.text) refers to delay.o(.text) for delay_init
    main.o(.text) refers to misc.o(.text) for NVIC_PriorityGroupConfig
    main.o(.text) refers to malloc.o(.text) for mem_init
    main.o(.text) refers to usart.o(.text) for uart_init
    main.o(.text) refers to usart2.o(.text) for USART2_Init
    main.o(.text) refers to dht11.o(.text) for DHT11_Init
    main.o(.text) refers to tempusart.o(.text) for T_Adc_Init
    main.o(.text) refers to bsp_ds18b20.o(.text) for DS18B20_Init
    main.o(.text) refers to __2printf.o(.text) for __2printf
    main.o(.text) refers to 8266config.o(.text) for ESP8266_check
    main.o(.text) refers to fleqf.o(x$fpl$fleqf) for __aeabi_cfcmple
    main.o(.text) refers to f2d.o(x$fpl$f2d) for __aeabi_f2d
    main.o(.text) refers to __2sprintf.o(.text) for __2sprintf
    main.o(.text) refers to 8266config.o(.bss) for ESP8266
    main.o(.text) refers to main.o(.data) for humi
    main.o(.text) refers to main.o(.constdata) for .constdata
    system_stm32f10x.o(.text) refers to system_stm32f10x.o(.data) for SystemCoreClock
    8266config.o(.text) refers to _printf_percent.o(.ARM.Collect$$_printf_percent$$00000000) for _printf_percent
    8266config.o(.text) refers to _printf_s.o(.ARM.Collect$$_printf_percent$$00000014) for _printf_s
    8266config.o(.text) refers to _printf_str.o(.text) for _printf_str
    8266config.o(.text) refers to __2printf.o(.text) for __2printf
    8266config.o(.text) refers to strstr.o(.text) for strstr
    8266config.o(.text) refers to usart2.o(.text) for u2_printf
    8266config.o(.text) refers to delay.o(.text) for delay_ms
    8266config.o(.text) refers to malloc.o(.text) for mymalloc
    8266config.o(.text) refers to __2sprintf.o(.text) for __2sprintf
    8266config.o(.text) refers to usart2.o(.data) for USART2_RX_STA
    8266config.o(.text) refers to usart2.o(.bss) for USART2_RX_BUF
    8266config.o(.text) refers to 8266config.o(.data) for bigiod_apiKey
    8266config.o(.text) refers to 8266config.o(.bss) for ESP8266
    8266config.o(.data) refers to 8266config.o(.conststring) for .conststring
    delay.o(.text) refers to misc.o(.text) for SysTick_CLKSourceConfig
    delay.o(.text) refers to system_stm32f10x.o(.data) for SystemCoreClock
    delay.o(.text) refers to delay.o(.data) for fac_us
    dht11.o(.text) refers to delay.o(.text) for delay_ms
    dht11.o(.text) refers to fflt_clz.o(x$fpl$ffltu) for __aeabi_ui2f
    dht11.o(.text) refers to stm32f10x_rcc.o(.text) for RCC_APB2PeriphClockCmd
    dht11.o(.text) refers to stm32f10x_gpio.o(.text) for GPIO_Init
    malloc.o(.text) refers to malloc.o(.data) for mallco_dev
    malloc.o(.data) refers to malloc.o(.text) for mem_init
    malloc.o(.data) refers to malloc.o(.bss) for membase
    tempusart.o(.text) refers to stm32f10x_rcc.o(.text) for RCC_APB2PeriphClockCmd
    tempusart.o(.text) refers to stm32f10x_adc.o(.text) for ADC_DeInit
    tempusart.o(.text) refers to delay.o(.text) for delay_ms
    tempusart.o(.text) refers to fflt_clz.o(x$fpl$ffltu) for __aeabi_ui2f
    tempusart.o(.text) refers to f2d.o(x$fpl$f2d) for __aeabi_f2d
    tempusart.o(.text) refers to dmul.o(x$fpl$dmul) for __aeabi_dmul
    tempusart.o(.text) refers to daddsub_clz.o(x$fpl$dsub) for __aeabi_dsub
    tempusart.o(.text) refers to ddiv.o(x$fpl$ddiv) for __aeabi_ddiv
    tempusart.o(.text) refers to daddsub_clz.o(x$fpl$dadd) for __aeabi_dadd
[...]
    i._is_digit                              0x08004fe2   Section        0  __printf_wp.o(i._is_digit)
    locale$$code                             0x08004ff0   Section       44  lc_numeric_c.o(locale$$code)
    locale$$code                             0x0800501c   Section       44  lc_ctype_c.o(locale$$code)
    x$fpl$d2f                                0x08005048   Section       98  d2f.o(x$fpl$d2f)
    x$fpl$dadd                               0x080050ac   Section      336  daddsub_clz.o(x$fpl$dadd)
    _dadd1                                   0x080050bd   Thumb Code     0  daddsub_clz.o(x$fpl$dadd)
    x$fpl$ddiv                               0x080051fc   Section      688  ddiv.o(x$fpl$ddiv)
    ddiv_entry                               0x08005203   Thumb Code     0  ddiv.o(x$fpl$ddiv)
    x$fpl$dfix                               0x080054ac   Section       94  dfix.o(x$fpl$dfix)
    x$fpl$dflt                               0x0800550a   Section       46  dflt_clz.o(x$fpl$dflt)
    x$fpl$dmul                               0x08005538   Section      340  dmul.o(x$fpl$dmul)
    x$fpl$dnaninf                            0x0800568c   Section      156  dnaninf.o(x$fpl$dnaninf)
    x$fpl$dretinf                            0x08005728   Section       12  dretinf.o(x$fpl$dretinf)
    x$fpl$dsub                               0x08005734   Section      468  daddsub_clz.o(x$fpl$dsub)
    _dsub1                                   0x08005745   Thumb Code     0  daddsub_clz.o(x$fpl$dsub)
    x$fpl$f2d                                0x08005908   Section       86  f2d.o(x$fpl$f2d)
    x$fpl$fcmpinf                            0x0800595e   Section       24  fcmpi.o(x$fpl$fcmpinf)
    x$fpl$fflt                               0x08005978   Section       48  fflt_clz.o(x$fpl$fflt)
    x$fpl$ffltu                              0x080059a8   Section       38  fflt_clz.o(x$fpl$ffltu)
    x$fpl$fleqf                              0x080059d0   Section      104  fleqf.o(x$fpl$fleqf)
    x$fpl$fnaninf                            0x08005a38   Section      140  fnaninf.o(x$fpl$fnaninf)
    x$fpl$fretinf                            0x08005ac4   Section       10  fretinf.o(x$fpl$fretinf)
    x$fpl$printf1                            0x08005ace   Section        4  printf1.o(x$fpl$printf1)
    x$fpl$usenofp                            0x08005ad2   Section        0  usenofp.o(x$fpl$usenofp)
    .constdata                               0x08005ad4   Section       85  main.o(.constdata)
    .constdata                               0x08005b29   Section       17  __printf_flags_ss_wp.o(.constdata)
    maptable                                 0x08005b29   Data          17  __printf_flags_ss_wp.o(.constdata)
    .constdata                               0x08005b3c   Section        8  _printf_wctomb.o(.constdata)
    initial_mbstate                          0x08005b3c   Data           8  _printf_wctomb.o(.constdata)
    .constdata                               0x08005b44   Section       40  _printf_hex_int_ll_ptr.o(.constdata)
    uc_hextab                                0x08005b44   Data          20  _printf_hex_int_ll_ptr.o(.constdata)
    lc_hextab                                0x08005b58   Data          20  _printf_hex_int_ll_ptr.o(.constdata)
    .constdata                               0x08005b6c   Section      148  bigflt0.o(.constdata)
    tenpwrs_x                                0x08005b6c   Data          60  bigflt0.o(.constdata)
    tenpwrs_i                                0x08005ba8   Data          64  bigflt0.o(.constdata)
    .conststring                             0x08005c00   Section      236  8266config.o(.conststring)
    locale$$data                             0x08005d0c   Section       28  lc_numeric_c.o(locale$$data)
    __lcnum_c_name                           0x08005d10   Data           2  lc_numeric_c.o(locale$$data)
    __lcnum_c_start                          0x08005d18   Data           0  lc_numeric_c.o(locale$$data)
    __lcnum_c_point                          0x08005d24   Data           0  lc_numeric_c.o(locale$$data)
    __lcnum_c_thousands                      0x08005d26   Data           0  lc_numeric_c.o(locale$$data)
    __lcnum_c_grouping                       0x08005d27   Data           0  lc_numeric_c.o(locale$$data)
    locale$$data                             0x08005d28   Section      272  lc_ctype_c.o(locale$$data)
    __lcnum_c_end                            0x08005d28   Data           0  lc_numeric_c.o(locale$$data)
    __lcctype_c_name                         0x08005d2c   Data           2  lc_ctype_c.o(locale$$data)
    __lcctype_c_start                        0x08005d34   Data           0  lc_ctype_c.o(locale$$data)
    __lcctype_c_end                          0x08005e38   Data           0  lc_ctype_c.o(locale$$data)
    .data                                    0x20000000   Section       16  main.o(.data)
    .data                                    0x20000010   Section       20  system_stm32f10x.o(.data)
    .data                                    0x20000024   Section       92  8266config.o(.data)
    .data                                    0x20000080   Section        4  delay.o(.data)
    fac_us                                   0x20000080   Data           1  delay.o(.data)
    fac_ms                                   0x20000082   Data           2  delay.o(.data)
    .data                                    0x20000084   Section       20  malloc.o(.data)
    .data                                    0x20000098   Section        8  usart.o(.data)
    .data                                    0x200000a0   Section        2  usart2.o(.data)
    .data                                    0x200000a2   Section       20  stm32f10x_rcc.o(.data)
    APBAHBPrescTable                         0x200000a2   Data          16  stm32f10x_rcc.o(.data)
    ADCPrescTable                            0x200000b2   Data           4  stm32f10x_rcc.o(.data)
    .bss                                     0x200000b8   Section       28  8266config.o(.bss)
    .bss                                     0x200000d4   Section    16320  malloc.o(.bss)
    .bss                                     0x20004094   Section      200  usart.o(.bss)
    .bss                                     0x20004160   Section     2048  usart2.o(.bss)
    .bss                                     0x20004960   Section       96  libspace.o(.bss)
    HEAP                                     0x200049c0   Section      512  startup_stm32f10x_md.o(HEAP)
    Heap_Mem                                 0x200049c0   Data         512  startup_stm32f10x_md.o(HEAP)
    STACK                                    0x20004bc0   Section     1024  startup_stm32f10x_md.o(STACK)
    Stack_Mem                                0x20004bc0   Data        1024  startup_stm32f10x_md.o(STACK)
    __initial_sp                             0x20004fc0   Data           0  startup_stm32f10x_md.o(STACK)

    Global Symbols

    Symbol Name                              Value     Ov Type        Size  Object(Section)

    BuildAttributes$$THM_ISAv4$P$D$K$B$S$PE$A:L22UL41UL21$X:L11$S22US41US21$IEEE1$IW$USESV6$~STKCKD$USESV7$~SHL$OTIME$ROPI$IEEEJ$EBA8$UX$STANDARDLIB$REQ8$PRES8$EABIv2 0x00000000   Number         0  anon$$obj.o ABSOLUTE
    __ARM_use_no_argv                        0x00000000   Number         0  main.o ABSOLUTE
    _printf_flags                            0x00000000   Number         0  printf_stubs.o ABSOLUTE
    _printf_return_value                     0x00000000   Number         0  printf_stubs.o ABSOLUTE
    _printf_sizespec                         0x00000000   Number         0  printf_stubs.o ABSOLUTE
    _printf_widthprec                        0x00000000   Number         0  printf_stubs.o ABSOLUTE
    __ARM_exceptions_init                     - Undefined Weak Reference
    __alloca_initialize                       - Undefined Weak Reference
    __cpp_initialize__aeabi_                  - Undefined Weak Reference
    __cxa_finalize                            - Undefined Weak Reference
    __sigvec_lookup                           - Undefined Weak Reference
    _atexit_init                              - Undefined Weak Reference
    _call_atexit_fns                          - Undefined Weak Reference
    _clock_init                               - Undefined Weak Reference
    _fp_trap_init                             - Undefined Weak Reference
    _fp_trap_shutdown                         - Undefined Weak Reference
    _get_lc_collate                           - Undefined Weak Reference
    _get_lc_monetary                          - Undefined Weak Reference
    _get_lc_time                              - Undefined Weak Reference
    _getenv_init                              - Undefined Weak Reference
    _handle_redirection                       - Undefined Weak Reference
    _init_alloc                               - Undefined Weak Reference
    _init_user_alloc                          - Undefined Weak Reference
    _initio                                   - Undefined Weak Reference
    _mutex_acquire                            - Undefined Weak Reference
    _mutex_release                            - Undefined Weak Reference
    _printf_fp_hex                            - Undefined Weak Reference
    _printf_mbtowc                            - Undefined Weak Reference
    _printf_wc                                - Undefined Weak Reference
    _rand_init                                - Undefined Weak Reference
    _signal_finish                            - Undefined Weak Reference
    _signal_init                              - Undefined Weak Reference
    _terminate_alloc                          - Undefined Weak Reference
    _terminate_user_alloc                     - Undefined Weak Reference
    _terminateio                              - Undefined Weak Reference
    __Vectors_Size                           0x000000ec   Number         0  startup_stm32f10x_md.o ABSOLUTE
    __Vectors                                0x08000000   Data           4  startup_stm32f10x_md.o(RESET)
    __Vectors_End                            0x080000ec   Data           0  startup_stm32f10x_md.o(RESET)
    __main                                   0x080000ed   Thumb Code     8  __main.o(!!!main)
    __scatterload                            0x080000f5   Thumb Code     0  __scatter.o(!!!scatter)
    __scatterload_rt2                        0x080000f5   Thumb Code    44  __scatter.o(!!!scatter)
    __scatterload_rt2_thumb_only             0x080000f5   Thumb Code     0  __scatter.o(!!!scatter)
    __scatterload_null                       0x08000103   Thumb Code     0  __scatter.o(!!!scatter)
    __scatterload_copy                       0x08000129   Thumb Code    26  __scatter_copy.o(!!handler_copy)
    __scatterload_zeroinit                   0x08000145   Thumb Code    28  __scatter_zi.o(!!handler_zi)
    _printf_n                                0x08000161   Thumb Code     0  _printf_n.o(.ARM.Collect$$_printf_percent$$00000001)
    _printf_percent                          0x08000161   Thumb Code     0  _printf_percent.o(.ARM.Collect$$_printf_percent$$00000000)
    _printf_p                                0x08000167   Thumb Code     0  _printf_p.o(.ARM.Collect$$_printf_percent$$00000002)
    _printf_f                                0x0800016d   Thumb Code     0  _printf_f.o(.ARM.Collect$$_printf_percent$$00000003)
    _printf_e                                0x08000173   Thumb Code     0  _printf_e.o(.ARM.Collect$$_printf_percent$$00000004)
    _printf_g                                0x08000179   Thumb Code     0  _printf_g.o(.ARM.Collect$$_printf_percent$$00000005)
    _printf_a                                0x0800017f   Thumb Code     0  _printf_a.o(.ARM.Collect$$_printf_percent$$00000006)
    _printf_ll                               0x08000185   Thumb Code     0  _printf_ll.o(.ARM.Collect$$_printf_percent$$00000007)
    _printf_i                                0x0800018f   Thumb Code     0  _printf_i.o(.ARM.Collect$$_printf_percent$$00000008)
    _printf_d                                0x08000195   Thumb Code     0  _printf_d.o(.ARM.Collect$$_printf_percent$$00000009)
    _printf_u                                0x0800019b   Thumb Code     0  _printf_u.o(.ARM.Collect$$_printf_percent$$0000000A)
    _printf_o                                0x080001a1   Thumb Code     0  _printf_o.o(.ARM.Collect$$_printf_percent$$0000000B)
    _printf_x                                0x080001a7   Thumb Code     0  _printf_x.o(.ARM.Collect$$_printf_percent$$0000000C)
    _printf_lli                              0x080001ad   Thumb Code     0  _printf_lli.o(.ARM.Collect$$_printf_percent$$0000000D)
    _printf_lld                              0x080001b3   Thumb Code     0  _printf_lld.o(.ARM.Collect$$_printf_percent$$0000000E)
    _printf_llu                              0x080001b9   Thumb Code     0  _printf_llu.o(.ARM.Collect$$_printf_percent$$0000000F)
    _printf_llo                              0x080001bf   Thumb Code     0  _printf_llo.o(.ARM.Collect$$_printf_percent$$00000010)
    _printf_llx                              0x080001c5   Thumb Code     0  _printf_llx.o(.ARM.Collect$$_printf_percent$$00000011)
    _printf_l                                0x080001cb   Thumb Code     0  _printf_l.o(.ARM.Collect$$_printf_percent$$00000012)
    _printf_c                                0x080001d5   Thumb Code     0  _printf_c.o(.ARM.Collect$$_printf_percent$$00000013)
    _printf_s                                0x080001db   Thumb Code     0  _printf_s.o(.ARM.Collect$$_printf_percent$$00000014)
    _printf_lc                               0x080001e1   Thumb Code     0  _printf_lc.o(.ARM.Collect$$_printf_percent$$00000015)
    _printf_ls                               0x080001e7   Thumb Code     0  _printf_ls.o(.ARM.Collect$$_printf_percent$$00000016)
    _printf_percent_end                      0x080001ed   Thumb Code     0  _printf_percent_end.o(.ARM.Collect$$_printf_percent$$00000017)
    __rt_lib_init                            0x080001f1   Thumb Code     0  libinit.o(.ARM.Collect$$libinit$$00000000)
    __rt_lib_init_fp_1                       0x080001f3   Thumb Code     0  libinit2.o(.ARM.Collect$$libinit$$00000002)
    __rt_lib_init_heap_1                     0x080001f3   Thumb Code     0  libinit2.o(.ARM.Collect$$libinit$$00000008)
    __rt_lib_init_lc_common                  0x080001f3   Thumb Code     0  libinit2.o(.ARM.Collect$$libinit$$0000000D)
    __rt_lib_init_rand_1                     0x080001f3   Thumb Code     0  libinit2.o(.ARM.Collect$$libinit$$0000000C)
    __rt_lib_init_user_alloc_1               0x080001f3   Thumb Code     0  libinit2.o(.ARM.Collect$$libinit$$0000000A)
    __rt_lib_init_lc_collate_1               0x080001f9   Thumb Code     0  libinit2.o(.ARM.Collect$$libinit$$0000000F)
    __rt_lib_init_lc_ctype_2                 0x080001f9   Thumb Code     0  libinit2.o(.ARM.Collect$$libinit$$00000010)
    __rt_lib_init_lc_ctype_1                 0x08000205   Thumb Code     0  libinit2.o(.ARM.Collect$$libinit$$00000011)
    __rt_lib_init_lc_monetary_1              0x08000205   Thumb Code     0  libinit2.o(.ARM.Collect$$libinit$$00000013)
    __rt_lib_init_lc_numeric_2               0x08000205   Thumb Code     0  libinit2.o(.ARM.Collect$$libinit$$00000014)
    __rt_lib_init_alloca_1                   0x0800020f   Thumb Code     0  libinit2.o(.ARM.Collect$$libinit$$0000002C)
    __rt_lib_init_argv_1                     0x0800020f   Thumb Code     0  libinit2.o(.ARM.Collect$$libinit$$0000002A)
    __rt_lib_init_atexit_1                   0x0800020f   Thumb Code     0  libinit2.o(.ARM.Collect$$libinit$$00000019)
    __rt_lib_init_clock_1                    0x0800020f   Thumb Code     0  libinit2.o(.ARM.Collect$$libinit$$0000001F)
    __rt_lib_init_cpp_1                      0x0800020f   Thumb Code     0  libinit2.o(.ARM.Collect$$libinit$$00000030)
    __rt_lib_init_exceptions_1               0x0800020f   Thumb Code     0  libinit2.o(.ARM.Collect$$libinit$$0000002E)
    __rt_lib_init_fp_trap_1                  0x0800020f   Thumb Code     0  libinit2.o(.ARM.Collect$$libinit$$0000001D)
    __rt_lib_init_getenv_1                   0x0800020f   Thumb Code     0  libinit2.o(.ARM.Collect$$libinit$$00000021)
    __rt_lib_init_lc_numeric_1               0x0800020f   Thumb Code     0  libinit2.o(.ARM.Collect$$libinit$$00000015)
    __rt_lib_init_lc_time_1                  0x0800020f   Thumb Code     0  libinit2.o(.ARM.Collect$$libinit$$00000017)
    __rt_lib_init_return                     0x0800020f   Thumb Code     0  libinit2.o(.ARM.Collect$$libinit$$00000031)
    __rt_lib_init_signal_1                   0x0800020f   Thumb Code     0  libinit2.o(.ARM.Collect$$libinit$$0000001B)
    __rt_lib_init_stdio_1                    0x0800020f   Thumb Code     0  libinit2.o(.ARM.Collect$$libinit$$00000023)
    __rt_lib_shutdown                        0x08000211   Thumb Code     0  libshutdown.o(.ARM.Collect$$libshutdown$$00000000)
    __rt_lib_shutdown_fp_trap_1              0x08000213   Thumb Code     0  libshutdown2.o(.ARM.Collect$$libshutdown$$00000006)
    __rt_lib_shutdown_heap_1                 0x08000213   Thumb Code     0  libshutdown2.o(.ARM.Collect$$libshutdown$$0000000E)
    __rt_lib_shutdown_return                 0x08000213   Thumb Code     0  libshutdown2.o(.ARM.Collect$$libshutdown$$0000000F)
    __rt_lib_shutdown_signal_1               0x08000213   Thumb Code     0  libshutdown2.o(.ARM.Collect$$libshutdown$$00000009)
    __rt_lib_shutdown_stdio_1                0x08000213   Thumb Code     0  libshutdown2.o(.ARM.Collect$$libshutdown$$00000003)
    __rt_lib_shutdown_user_alloc_1           0x08000213   Thumb Code     0  libshutdown2.o(.ARM.Collect$$libshutdown$$0000000B)
    __rt_entry                               0x08000215   Thumb Code     0  rtentry.o(.ARM.Collect$$rtentry$$00000000)
    __rt_entry_presh_1                       0x08000215   Thumb Code     0  rtentry2.o(.ARM.Collect$$rtentry$$00000002)
    __rt_entry_sh                            0x08000215   Thumb Code     0  rtentry4.o(.ARM.Collect$$rtentry$$00000004)
    __rt_entry_li                            0x0800021b   Thumb Code     0  rtentry2.o(.ARM.Collect$$rtentry$$0000000A)
    __rt_entry_postsh_1                      0x0800021b   Thumb Code     0  rtentry2.o(.ARM.Collect$$rtentry$$00000009)
    __rt_entry_main                          0x0800021f   Thumb Code     0  rtentry2.o(.ARM.Collect$$rtentry$$0000000D)
    __rt_entry_postli_1                      0x0800021f   Thumb Code     0  rtentry2.o(.ARM.Collect$$rtentry$$0000000C)
    __rt_exit                                0x08000227   Thumb Code     0  rtexit.o(.ARM.Collect$$rtexit$$00000000)
    __rt_exit_ls                             0x08000229   Thumb Code     0  rtexit2.o(.ARM.Collect$$rtexit$$00000003)
    __rt_exit_prels_1                        0x08000229   Thumb Code     0  rtexit2.o(.ARM.Collect$$rtexit$$00000002)
    __rt_exit_exit                           0x0800022d   Thumb Code     0  rtexit2.o(.ARM.Collect$$rtexit$$00000004)
    Reset_Handler                            0x08000235   Thumb Code     8  startup_stm32f10x_md.o(.text)
    ADC1_2_IRQHandler                        0x0800024f   Thumb Code     0  startup_stm32f10x_md.o(.text)
    CAN1_RX1_IRQHandler                      0x0800024f   Thumb Code     0  startup_stm32f10x_md.o(.text)
    CAN1_SCE_IRQHandler                      0x0800024f   Thumb Code     0  startup_stm32f10x_md.o(.text)
    DMA1_Channel1_IRQHandler                 0x0800024f   Thumb Code     0  startup_stm32f10x_md.o(.text)
    DMA1_Channel2_IRQHandler                 0x0800024f   Thumb Code     0  startup_stm32f10x_md.o(.text)
    DMA1_Channel3_IRQHandler                 0x0800024f   Thumb Code     0  startup_stm32f10x_md.o(.text)
    DMA1_Channel4_IRQHandler                 0x0800024f   Thumb Code     0  startup_stm32f10x_md.o(.text)
    DMA1_Channel5_IRQHandler                 0x0800024f   Thumb Code     0  startup_stm32f10x_md.o(.text)
    DMA1_Channel6_IRQHandler                 0x0800024f   Thumb Code     0  startup_stm32f10x_md.o(.text)
    DMA1_Channel7_IRQHandler                 0x0800024f   Thumb Code     0  startup_stm32f10x_md.o(.text)
    EXTI0_IRQHandler                         0x0800024f   Thumb Code     0  startup_stm32f10x_md.o(.text)
    EXTI15_10_IRQHandler                     0x0800024f   Thumb Code     0  startup_stm32f10x_md.o(.text)
    EXTI1_IRQHandler                         0x0800024f   Thumb Code     0  startup_stm32f10x_md.o(.text)
    EXTI2_IRQHandler                         0x0800024f   Thumb Code     0  startup_stm32f10x_md.o(.text)
    EXTI3_IRQHandler                         0x0800024f   Thumb Code     0  startup_stm32f10x_md.o(.text)
    EXTI4_IRQHandler                         0x0800024f   Thumb Code     0  startup_stm32f10x_md.o(.text)
    EXTI9_5_IRQHandler                       0x0800024f   Thumb Code     0  startup_stm32f10x_md.o(.text)
    FLASH_IRQHandler                         0x0800024f   Thumb Code     0  startup_stm32f10x_md.o(.text)
    I2C1_ER_IRQHandler                       0x0800024f   Thumb Code     0  startup_stm32f10x_md.o(.text)
    I2C1_EV_IRQHandler                       0x0800024f   Thumb Code     0  startup_stm32f10x_md.o(.text)
    I2C2_ER_IRQHandler                       0x0800024f   Thumb Code     0  startup_stm32f10x_md.o(.text)
    I2C2_EV_IRQHandler                       0x0800024f   Thumb Code     0  startup_stm32f10x_md.o(.text)
    PVD_IRQHandler                           0x0800024f   Thumb Code     0  startup_stm32f10x_md.o(.text)
    RCC_IRQHandler                           0x0800024f   Thumb Code     0  startup_stm32f10x_md.o(.text)
    RTCAlarm_IRQHandler                      0x0800024f   Thumb Code     0  startup_stm32f10x_md.o(.text)
    RTC_IRQHandler                           0x0800024f   Thumb Code     0  startup_stm32f10x_md.o(.text)
    SPI1_IRQHandler                          0x0800024f   Thumb Code     0  startup_stm32f10x_md.o(.text)
    SPI2_IRQHandler                          0x0800024f   Thumb Code     0  startup_stm32f10x_md.o(.text)
    TAMPER_IRQHandler                        0x0800024f   Thumb Code     0  startup_stm32f10x_md.o(.text)
    TIM1_BRK_IRQHandler                      0x0800024f   Thumb Code     0  startup_stm32f10x_md.o(.text)
    TIM1_CC_IRQHandler                       0x0800024f   Thumb Code     0  startup_stm32f10x_md.o(.text)
    TIM1_TRG_COM_IRQHandler                  0x0800024f   Thumb Code     0  startup_stm32f10x_md.o(.text)
    TIM1_UP_IRQHandler                       0x0800024f   Thumb Code     0  startup_stm32f10x_md.o(.text)
    TIM2_IRQHandler                          0x0800024f   Thumb Code     0  startup_stm32f10x_md.o(.text)
    TIM3_IRQHandler                          0x0800024f   Thumb Code     0  startup_stm32f10x_md.o(.text)
    USART3_IRQHandler                        0x0800024f   Thumb Code     0  startup_stm32f10x_md.o(.text)
    USBWakeUp_IRQHandler                     0x0800024f   Thumb Code     0  startup_stm32f10x_md.o(.text)
    USB_HP_CAN1_TX_IRQHandler                0x0800024f   Thumb Code     0  startup_stm32f10x_md.o(.text)
    USB_LP_CAN1_RX0_IRQHandler               0x0800024f   Thumb Code     0  startup_stm32f10x_md.o(.text)
    WWDG_IRQHandler                          0x0800024f   Thumb Code     0  startup_stm32f10x_md.o(.text)
    __user_initial_stackheap                 0x08000251   Thumb Code     0  startup_stm32f10x_md.o(.text)
    main                                     0x08000275   Thumb Code   364  main.o(.text)
    NMI_Handler                              0x08000435   Thumb Code     2  stm32f10x_it.o(.text)
    HardFault_Handler                        0x08000437   Thumb Code     4  stm32f10x_it.o(.text)
    MemManage_Handler                        0x0800043b   Thumb Code     4  stm32f10x_it.o(.text)
    BusFault_Handler                         0x0800043f   Thumb Code     4  stm32f10x_it.o(.text)
    UsageFault_Handler                       0x08000443   Thumb Code     4  stm32f10x_it.o(.text)
    SVC_Handler                              0x08000447   Thumb Code     2  stm32f10x_it.o(.text)
    DebugMon_Handler                         0x08000449   Thumb Code     2  stm32f10x_it.o(.text)
    PendSV_Handler                           0x0800044b   Thumb Code     2  stm32f10x_it.o(.text)
    SysTick_Handler                          0x0800044d   Thumb Code     2  stm32f10x_it.o(.text)
    SystemInit                               0x0800052d   Thumb Code    78  system_stm32f10x.o(.text)
    SystemCoreClockUpdate                    0x0800057b   Thumb Code   142  system_stm32f10x.o(.text)
    atk_8266_at_response                     0x0800062d   Thumb Code    46  8266config.o(.text)
    atk_8266_check_cmd                       0x0800065b   Thumb Code    44  8266config.o(.text)
    atk_8266_send_cmd                        0x08000687   Thumb Code    84  8266config.o(.text)
    atk_8266_send_data                       0x080006db   Thumb Code    84  8266config.o(.text)
    atk_8266_quit_trans                      0x0800072f   Thumb Code    94  8266config.o(.text)
    atk_8266_apsta_check                     0x0800078d   Thumb Code    62  8266config.o(.text)
    atk_8266_consta_check                    0x080007cb   Thumb Code    36  8266config.o(.text)
    ESP8266_login                            0x080007ef   Thumb Code    80  8266config.o(.text)
    ESP8266_init                             0x0800083f   Thumb Code   312  8266config.o(.text)
    ESP8266_connect                          0x08000977   Thumb Code   630  8266config.o(.text)
    ESP8266_check                            0x08000bed   Thumb Code    26  8266config.o(.text)
    ESP8266_hold                             0x08000c07   Thumb Code   270  8266config.o(.text)
    delay_init                               0x08000d31   Thumb Code    50  delay.o(.text)
    delay_us                                 0x08000d63   Thumb Code    70  delay.o(.text)
    delay_ms                                 0x08000da9   Thumb Code    70  delay.o(.text)
    DHT11_Rst                                0x08000e01   Thumb Code    54  dht11.o(.text)
    DHT11_Check                              0x08000e37   Thumb Code    92  dht11.o(.text)
    DHT11_Read_Bit                           0x08000e93   Thumb Code    70  dht11.o(.text)
    DHT11_Read_Byte                          0x08000ed9   Thumb Code    30  dht11.o(.text)
    DHT11_Read_Data                          0x08000ef7   Thumb Code    96  dht11.o(.text)
    DHT11_Init                               0x08000f57   Thumb Code    62  dht11.o(.text)
    mymemcpy                                 0x08000fa5   Thumb Code    26  malloc.o(.text)
    mymemset                                 0x08000fbf   Thumb Code    20  malloc.o(.text)
    mem_init                                 0x08000fd3   Thumb Code    38  malloc.o(.text)
    mem_perused                              0x08000ff9   Thumb Code    42  malloc.o(.text)
    mem_malloc                               0x08001023   Thumb Code   116  malloc.o(.text)
    mem_free                                 0x08001097   Thumb Code    66  malloc.o(.text)
    myfree                                   0x080010d9   Thumb Code    24  malloc.o(.text)
    mymalloc                                 0x080010f1   Thumb Code    26  malloc.o(.text)
    myrealloc                                0x0800110b   Thumb Code    48  malloc.o(.text)
    T_Adc_Init                               0x08001141   Thumb Code   118  tempusart.o(.text)
    T_Get_Adc                                0x080011b7   Thumb Code    46  tempusart.o(.text)
    T_Get_Temp                               0x080011e5   Thumb Code    42  tempusart.o(.text)
    T_Get_Adc_Average                        0x0800120f   Thumb Code    46  tempusart.o(.text)
    Get_Temprate                             0x0800123d   Thumb Code   100  tempusart.o(.text)
    _sys_exit                                0x080012bd   Thumb Code     6  usart.o(.text)
    fputc                                    0x080012c3   Thumb Code    22  usart.o(.text)
    uart_init                                0x080012d9   Thumb Code   152  usart.o(.text)
    USART1_IRQHandler                        0x08001371   Thumb Code   122  usart.o(.text)
    TIM4_Set                                 0x080013fd   Thumb Code    34  usart2.o(.text)
    USART2_IRQHandler                        0x0800141f   Thumb Code    84  usart2.o(.text)
    TIM4_Init                                0x08001473   Thumb Code    82  usart2.o(.text)
    UART_DMA_Config                          0x080014c5   Thumb Code    72  usart2.o(.text)
    USART2_Init                              0x0800150d   Thumb Code   206  usart2.o(.text)
    UART_DMA_Enable                          0x080015db   Thumb Code    32  usart2.o(.text)
    u2_printf                                0x080015fb   Thumb Code    56  usart2.o(.text)
    TIM4_IRQHandler                          0x08001633   Thumb Code    40  usart2.o(.text)
    DS18B20_Read_Byte                        0x0800179d   Thumb Code    34  bsp_ds18b20.o(.text)
    DS18B20_Write_Byte                       0x080017bf   Thumb Code    96  bsp_ds18b20.o(.text)
    DS18B20_Start                            0x0800181f   Thumb Code    24  bsp_ds18b20.o(.text)
    DS18B20_Init                             0x08001837   Thumb Code    16  bsp_ds18b20.o(.text)
    DS18B20_Get_Temp                         0x08001847   Thumb Code   128  bsp_ds18b20.o(.text)
    NVIC_PriorityGroupConfig                 0x080018d1   Thumb Code    10  misc.o(.text)
    NVIC_Init                                0x080018db   Thumb Code   102  misc.o(.text)
    NVIC_SetVectorTable                      0x08001941   Thumb Code    14  misc.o(.text)
    NVIC_SystemLPConfig                      0x0800194f   Thumb Code    34  misc.o(.text)
    SysTick_CLKSourceConfig                  0x08001971   Thumb Code    40  misc.o(.text)
    ADC_DeInit                               0x080019ad   Thumb Code    78  stm32f10x_adc.o(.text)
    ADC_Init                                 0x080019fb   Thumb Code    70  stm32f10x_adc.o(.text)
    ADC_StructInit                           0x08001a41   Thumb Code    18  stm32f10x_adc.o(.text)
    ADC_Cmd                                  0x08001a53   Thumb Code    22  stm32f10x_adc.o(.text)
    ADC_DMACmd                               0x08001a69   Thumb Code    22  stm32f10x_adc.o(.text)
    ADC_ITConfig                             0x08001a7f   Thumb Code    24  stm32f10x_adc.o(.text)
    ADC_ResetCalibration                     0x08001a97   Thumb Code    10  stm32f10x_adc.o(.text)
    ADC_GetResetCalibrationStatus            0x08001aa1   Thumb Code    20  stm32f10x_adc.o(.text)
    ADC_StartCalibration                     0x08001ab5   Thumb Code    10  stm32f10x_adc.o(.text)
    ADC_GetCalibrationStatus                 0x08001abf   Thumb Code    20  stm32f10x_adc.o(.text)
    ADC_SoftwareStartConvCmd                 0x08001ad3   Thumb Code    22  stm32f10x_adc.o(.text)
    ADC_GetSoftwareStartConvStatus           0x08001ae9   Thumb Code    20  stm32f10x_adc.o(.text)
    ADC_DiscModeChannelCountConfig           0x08001afd   Thumb Code    24  stm32f10x_adc.o(.text)
    ADC_DiscModeCmd                          0x08001b15   Thumb Code    22  stm32f10x_adc.o(.text)
    ADC_RegularChannelConfig                 0x08001b2b   Thumb Code   184  stm32f10x_adc.o(.text)
    ADC_ExternalTrigConvCmd                  0x08001be3   Thumb Code    22  stm32f10x_adc.o(.text)
    ADC_GetConversionValue                   0x08001bf9   Thumb Code     8  stm32f10x_adc.o(.text)
    ADC_GetDualModeConversionValue           0x08001c01   Thumb Code     8  stm32f10x_adc.o(.text)
    ADC_AutoInjectedConvCmd                  0x08001c09   Thumb Code    22  stm32f10x_adc.o(.text)
    ADC_InjectedDiscModeCmd                  0x08001c1f   Thumb Code    22  stm32f10x_adc.o(.text)
    ADC_ExternalTrigInjectedConvConfig       0x08001c35   Thumb Code    16  stm32f10x_adc.o(.text)
    ADC_ExternalTrigInjectedConvCmd          0x08001c45   Thumb Code    22  stm32f10x_adc.o(.text)
    ADC_SoftwareStartInjectedConvCmd         0x08001c5b   Thumb Code    22  stm32f10x_adc.o(.text)
    ADC_GetSoftwareStartInjectedConvCmdStatus 0x08001c71   Thumb Code    20  stm32f10x_adc.o(.text)
    ADC_InjectedChannelConfig                0x08001c85   Thumb Code   130  stm32f10x_adc.o(.text)
    ADC_InjectedSequencerLengthConfig        0x08001d07   Thumb Code    24  stm32f10x_adc.o(.text)
    ADC_SetInjectedOffset                    0x08001d1f   Thumb Code    20  stm32f10x_adc.o(.text)
    ADC_GetInjectedConversionValue           0x08001d33   Thumb Code    28  stm32f10x_adc.o(.text)
    ADC_AnalogWatchdogCmd                    0x08001d4f   Thumb Code    16  stm32f10x_adc.o(.text)
    ADC_AnalogWatchdogThresholdsConfig       0x08001d5f   Thumb Code     6  stm32f10x_adc.o(.text)
    ADC_AnalogWatchdogSingleChannelConfig    0x08001d65   Thumb Code    16  stm32f10x_adc.o(.text)
    ADC_TempSensorVrefintCmd                 0x08001d75   Thumb Code    64  stm32f10x_adc.o(.text)
    ADC_GetFlagStatus                        0x08001db5   Thumb Code    18  stm32f10x_adc.o(.text)
    ADC_ClearFlag                            0x08001dc7   Thumb Code     6  stm32f10x_adc.o(.text)
    ADC_GetITStatus                          0x08001dcd   Thumb Code    36  stm32f10x_adc.o(.text)
    ADC_ClearITPendingBit                    0x08001df1   Thumb Code    10  stm32f10x_adc.o(.text)
    DMA_DeInit                               0x08001dfd   Thumb Code   324  stm32f10x_dma.o(.text)
    DMA_Init                                 0x08001f41   Thumb Code    60  stm32f10x_dma.o(.text)
    DMA_StructInit                           0x08001f7d   Thumb Code    26  stm32f10x_dma.o(.text)
    DMA_Cmd                                  0x08001f97   Thumb Code    24  stm32f10x_dma.o(.text)
    DMA_ITConfig                             0x08001faf   Thumb Code    18  stm32f10x_dma.o(.text)
    DMA_SetCurrDataCounter                   0x08001fc1   Thumb Code     4  stm32f10x_dma.o(.text)
    DMA_GetCurrDataCounter                   0x08001fc5   Thumb Code     8  stm32f10x_dma.o(.text)
    DMA_GetFlagStatus                        0x08001fcd   Thumb Code    38  stm32f10x_dma.o(.text)
    DMA_ClearFlag                            0x08001ff3   Thumb Code    22  stm32f10x_dma.o(.text)
    DMA_GetITStatus                          0x08002009   Thumb Code    38  stm32f10x_dma.o(.text)
    DMA_ClearITPendingBit                    0x0800202f   Thumb Code    22  stm32f10x_dma.o(.text)
    GPIO_DeInit                              0x0800204d   Thumb Code   172  stm32f10x_gpio.o(.text)
    GPIO_AFIODeInit                          0x080020f9   Thumb Code    20  stm32f10x_gpio.o(.text)
    GPIO_Init                                0x0800210d   Thumb Code   274  stm32f10x_gpio.o(.text)
    GPIO_StructInit                          0x0800221f   Thumb Code    16  stm32f10x_gpio.o(.text)
    GPIO_ReadInputDataBit                    0x0800222f   Thumb Code    18  stm32f10x_gpio.o(.text)
    GPIO_ReadInputData                       0x08002241   Thumb Code     8  stm32f10x_gpio.o(.text)
    GPIO_ReadOutputDataBit                   0x08002249   Thumb Code    18  stm32f10x_gpio.o(.text)
    GPIO_ReadOutputData                      0x0800225b   Thumb Code     8  stm32f10x_gpio.o(.text)
    GPIO_SetBits                             0x08002263   Thumb Code     4  stm32f10x_gpio.o(.text)
    GPIO_ResetBits                           0x08002267   Thumb Code     4  stm32f10x_gpio.o(.text)
    GPIO_WriteBit                            0x0800226b   Thumb Code    10  stm32f10x_gpio.o(.text)
    GPIO_Write                               0x08002275   Thumb Code     4  stm32f10x_gpio.o(.text)
    GPIO_PinLockConfig                       0x08002279   Thumb Code    18  stm32f10x_gpio.o(.text)
    GPIO_EventOutputConfig                   0x0800228b   Thumb Code    26  stm32f10x_gpio.o(.text)
    GPIO_EventOutputCmd                      0x080022a5   Thumb Code     6  stm32f10x_gpio.o(.text)
    GPIO_PinRemapConfig                      0x080022ab   Thumb Code   138  stm32f10x_gpio.o(.text)
    GPIO_EXTILineConfig                      0x08002335   Thumb Code    66  stm32f10x_gpio.o(.text)
    GPIO_ETH_MediaInterfaceConfig            0x08002377   Thumb Code     6  stm32f10x_gpio.o(.text)
    RCC_DeInit                               0x080023a5   Thumb Code    64  stm32f10x_rcc.o(.text)
    RCC_HSEConfig                            0x080023e5   Thumb Code    70  stm32f10x_rcc.o(.text)
    RCC_GetFlagStatus                        0x0800242b   Thumb Code    56  stm32f10x_rcc.o(.text)
    RCC_WaitForHSEStartUp                    0x08002463   Thumb Code    56  stm32f10x_rcc.o(.text)
    RCC_AdjustHSICalibrationValue            0x0800249b   Thumb Code    20  stm32f10x_rcc.o(.text)
    RCC_HSICmd                               0x080024af   Thumb Code     6  stm32f10x_rcc.o(.text)
    RCC_PLLConfig                            0x080024b5   Thumb Code    24  stm32f10x_rcc.o(.text)
    RCC_PLLCmd                               0x080024cd   Thumb Code     6  stm32f10x_rcc.o(.text)
    RCC_SYSCLKConfig                         0x080024d3   Thumb Code    18  stm32f10x_rcc.o(.text)
    RCC_GetSYSCLKSource                      0x080024e5   Thumb Code    10  stm32f10x_rcc.o(.text)
    RCC_HCLKConfig                           0x080024ef   Thumb Code    18  stm32f10x_rcc.o(.text)
    RCC_PCLK1Config                          0x08002501   Thumb Code    18  stm32f10x_rcc.o(.text)
    RCC_PCLK2Config                          0x08002513   Thumb Code    20  stm32f10x_rcc.o(.text)
    RCC_ITConfig                             0x08002527   Thumb Code    26  stm32f10x_rcc.o(.text)
    RCC_USBCLKConfig                         0x08002541   Thumb Code     6  stm32f10x_rcc.o(.text)
    RCC_ADCCLKConfig                         0x08002547   Thumb Code    18  stm32f10x_rcc.o(.text)
    RCC_LSEConfig                            0x08002559   Thumb Code    44  stm32f10x_rcc.o(.text)
    RCC_LSICmd                               0x08002585   Thumb Code     6  stm32f10x_rcc.o(.text)
    RCC_RTCCLKConfig                         0x0800258b   Thumb Code    12  stm32f10x_rcc.o(.text)
    RCC_RTCCLKCmd                            0x08002597   Thumb Code     8  stm32f10x_rcc.o(.text)
    RCC_GetClocksFreq                        0x0800259f   Thumb Code   192  stm32f10x_rcc.o(.text)
    RCC_AHBPeriphClockCmd                    0x0800265f   Thumb Code    26  stm32f10x_rcc.o(.text)
    RCC_APB2PeriphClockCmd                   0x08002679   Thumb Code    26  stm32f10x_rcc.o(.text)
    RCC_APB1PeriphClockCmd                   0x08002693   Thumb Code    26  stm32f10x_rcc.o(.text)
    RCC_APB2PeriphResetCmd                   0x080026ad   Thumb Code    26  stm32f10x_rcc.o(.text)
    RCC_APB1PeriphResetCmd                   0x080026c7   Thumb Code    26  stm32f10x_rcc.o(.text)
    RCC_BackupResetCmd                       0x080026e1   Thumb Code     8  stm32f10x_rcc.o(.text)
    RCC_ClockSecuritySystemCmd               0x080026e9   Thumb Code     6  stm32f10x_rcc.o(.text)
    RCC_MCOConfig                            0x080026ef   Thumb Code     6  stm32f10x_rcc.o(.text)
    RCC_ClearFlag                            0x080026f5   Thumb Code    14  stm32f10x_rcc.o(.text)
    RCC_GetITStatus                          0x08002703   Thumb Code    20  stm32f10x_rcc.o(.text)
    RCC_ClearITPendingBit                    0x08002717   Thumb Code     6  stm32f10x_rcc.o(.text)
    TIM_DeInit                               0x08002749   Thumb Code   424  stm32f10x_tim.o(.text)
    TIM_TimeBaseInit                         0x080028f1   Thumb Code   122  stm32f10x_tim.o(.text)
    TIM_OC1Init                              0x0800296b   Thumb Code   132  stm32f10x_tim.o(.text)
    TIM_OC2Init                              0x080029ef   Thumb Code   154  stm32f10x_tim.o(.text)
    TIM_OC3Init                              0x08002a89   Thumb Code   150  stm32f10x_tim.o(.text)
    TIM_OC4Init                              0x08002b1f   Thumb Code   182  stm32f10x_tim.o(.text)
    TIM_SetIC4Prescaler                      0x08002bd5   Thumb Code    26  stm32f10x_tim.o(.text)
    TIM_SetIC3Prescaler                      0x08002c71   Thumb Code    18  stm32f10x_tim.o(.text)
    TIM_SetIC2Prescaler                      0x08002cfd   Thumb Code    26  stm32f10x_tim.o(.text)
    TIM_SetIC1Prescaler                      0x08002d99   Thumb Code    18  stm32f10x_tim.o(.text)
    TIM_ICInit                               0x08002e17   Thumb Code   150  stm32f10x_tim.o(.text)
    TIM_PWMIConfig                           0x08002ead   Thumb Code   124  stm32f10x_tim.o(.text)
    TIM_BDTRConfig                           0x08002f29   Thumb Code    32  stm32f10x_tim.o(.text)
    TIM_TimeBaseStructInit                   0x08002f49   Thumb Code    18  stm32f10x_tim.o(.text)
    TIM_OCStructInit                         0x08002f5b   Thumb Code    20  stm32f10x_tim.o(.text)
    TIM_ICStructInit                         0x08002f6f   Thumb Code    18  stm32f10x_tim.o(.text)
    TIM_BDTRStructInit                       0x08002f81   Thumb Code    40  stm32f10x_tim.o(.text)
    TIM_Cmd                                  0x08002fa9   Thumb Code    24  stm32f10x_tim.o(.text)
    TIM_CtrlPWMOutputs                       0x08002fc1   Thumb Code    30  stm32f10x_tim.o(.text)
    TIM_ITConfig                             0x08002fdf   Thumb Code    18  stm32f10x_tim.o(.text)
    TIM_GenerateEvent                        0x08002ff1   Thumb Code     4  stm32f10x_tim.o(.text)
    TIM_DMAConfig                            0x08002ff5   Thumb Code    10  stm32f10x_tim.o(.text)
    TIM_DMACmd                               0x08002fff   Thumb Code    18  stm32f10x_tim.o(.text)
    TIM_InternalClockConfig                  0x08003011   Thumb Code    12  stm32f10x_tim.o(.text)
    TIM_SelectInputTrigger                   0x0800301d   Thumb Code    18  stm32f10x_tim.o(.text)
    TIM_ITRxExternalClockConfig              0x0800302f   Thumb Code    24  stm32f10x_tim.o(.text)
    TIM_TIxExternalClockConfig               0x08003047   Thumb Code    62  stm32f10x_tim.o(.text)
    TIM_ETRConfig                            0x08003085   Thumb Code    28  stm32f10x_tim.o(.text)
    TIM_ETRClockMode1Config                  0x080030a1   Thumb Code    54  stm32f10x_tim.o(.text)
    TIM_ETRClockMode2Config                  0x080030d7   Thumb Code    32  stm32f10x_tim.o(.text)
    TIM_PrescalerConfig                      0x080030f7   Thumb Code     6  stm32f10x_tim.o(.text)
    TIM_CounterModeConfig                    0x080030fd   Thumb Code    18  stm32f10x_tim.o(.text)
    TIM_EncoderInterfaceConfig               0x0800310f   Thumb Code    66  stm32f10x_tim.o(.text)
    TIM_ForcedOC1Config                      0x08003151   Thumb Code    18  stm32f10x_tim.o(.text)
    TIM_ForcedOC2Config                      0x08003163   Thumb Code    26  stm32f10x_tim.o(.text)
    TIM_ForcedOC3Config                      0x0800317d   Thumb Code    18  stm32f10x_tim.o(.text)
    TIM_ForcedOC4Config                      0x0800318f   Thumb Code    26  stm32f10x_tim.o(.text)
    TIM_ARRPreloadConfig                     0x080031a9   Thumb Code    24  stm32f10x_tim.o(.text)
    TIM_SelectCOM                            0x080031c1   Thumb Code    24  stm32f10x_tim.o(.text)
    TIM_SelectCCDMA                          0x080031d9   Thumb Code    24  stm32f10x_tim.o(.text)
    TIM_CCPreloadControl                     0x080031f1   Thumb Code    24  stm32f10x_tim.o(.text)
    TIM_OC1PreloadConfig                     0x08003209   Thumb Code    18  stm32f10x_tim.o(.text)
    TIM_OC2PreloadConfig                     0x0800321b   Thumb Code    26  stm32f10x_tim.o(.text)
    TIM_OC3PreloadConfig                     0x08003235   Thumb Code    18  stm32f10x_tim.o(.text)
    TIM_OC4PreloadConfig                     0x08003247   Thumb Code    26  stm32f10x_tim.o(.text)
    TIM_OC1FastConfig                        0x08003261   Thumb Code    18  stm32f10x_tim.o(.text)
    TIM_OC2FastConfig                        0x08003273   Thumb Code    26  stm32f10x_tim.o(.text)
    TIM_OC3FastConfig                        0x0800328d   Thumb Code    18  stm32f10x_tim.o(.text)
    TIM_OC4FastConfig                        0x0800329f   Thumb Code    26  stm32f10x_tim.o(.text)
    TIM_ClearOC1Ref                          0x080032b9   Thumb Code    18  stm32f10x_tim.o(.text)
    TIM_ClearOC2Ref                          0x080032cb   Thumb Code    24  stm32f10x_tim.o(.text)
    TIM_ClearOC3Ref                          0x080032e3   Thumb Code    18  stm32f10x_tim.o(.text)
    TIM_ClearOC4Ref                          0x080032f5   Thumb Code    24  stm32f10x_tim.o(.text)
    TIM_OC1PolarityConfig                    0x0800330d   Thumb Code    18  stm32f10x_tim.o(.text)
    TIM_OC1NPolarityConfig                   0x0800331f   Thumb Code    18  stm32f10x_tim.o(.text)
    TIM_OC2PolarityConfig                    0x08003331   Thumb Code    26  stm32f10x_tim.o(.text)
    TIM_OC2NPolarityConfig                   0x0800334b   Thumb Code    26  stm32f10x_tim.o(.text)
    TIM_OC3PolarityConfig                    0x08003365   Thumb Code    26  stm32f10x_tim.o(.text)
    TIM_OC3NPolarityConfig                   0x0800337f   Thumb Code    26  stm32f10x_tim.o(.text)
    TIM_OC4PolarityConfig                    0x08003399   Thumb Code    26  stm32f10x_tim.o(.text)
    TIM_CCxCmd                               0x080033b3   Thumb Code    30  stm32f10x_tim.o(.text)
    TIM_CCxNCmd                              0x080033d1   Thumb Code    30  stm32f10x_tim.o(.text)
    TIM_SelectOCxM                           0x080033ef   Thumb Code    82  stm32f10x_tim.o(.text)
    TIM_UpdateDisableConfig                  0x08003441   Thumb Code    24  stm32f10x_tim.o(.text)
    TIM_UpdateRequestConfig                  0x08003459   Thumb Code    24  stm32f10x_tim.o(.text)
    TIM_SelectHallSensor                     0x08003471   Thumb Code    24  stm32f10x_tim.o(.text)
    TIM_SelectOnePulseMode                   0x08003489   Thumb Code    18  stm32f10x_tim.o(.text)
    TIM_SelectOutputTrigger                  0x0800349b   Thumb Code    18  stm32f10x_tim.o(.text)
    TIM_SelectSlaveMode                      0x080034ad   Thumb Code    18  stm32f10x_tim.o(.text)
    TIM_SelectMasterSlaveMode                0x080034bf   Thumb Code    18  stm32f10x_tim.o(.text)
    TIM_SetCounter                           0x080034d1   Thumb Code     4  stm32f10x_tim.o(.text)
    TIM_SetAutoreload                        0x080034d5   Thumb Code     4  stm32f10x_tim.o(.text)
    TIM_SetCompare1                          0x080034d9   Thumb Code     4  stm32f10x_tim.o(.text)
    TIM_SetCompare2                          0x080034dd   Thumb Code     4  stm32f10x_tim.o(.text)
    TIM_SetCompare3                          0x080034e1   Thumb Code     4  stm32f10x_tim.o(.text)
    TIM_SetCompare4                          0x080034e5   Thumb Code     6  stm32f10x_tim.o(.text)
    TIM_SetClockDivision                     0x080034eb   Thumb Code    18  stm32f10x_tim.o(.text)
    TIM_GetCapture1                          0x080034fd   Thumb Code     6  stm32f10x_tim.o(.text)
    TIM_GetCapture2                          0x08003503   Thumb Code     6  stm32f10x_tim.o(.text)
    TIM_GetCapture3                          0x08003509   Thumb Code     6  stm32f10x_tim.o(.text)
    TIM_GetCapture4                          0x0800350f   Thumb Code     8  stm32f10x_tim.o(.text)
    TIM_GetCounter                           0x08003517   Thumb Code     6  stm32f10x_tim.o(.text)
    TIM_GetPrescaler                         0x0800351d   Thumb Code     6  stm32f10x_tim.o(.text)
    TIM_GetFlagStatus                        0x08003523   Thumb Code    18  stm32f10x_tim.o(.text)
    TIM_ClearFlag                            0x08003535   Thumb Code     6  stm32f10x_tim.o(.text)
    TIM_GetITStatus                          0x0800353b   Thumb Code    34  stm32f10x_tim.o(.text)
    TIM_ClearITPendingBit                    0x0800355d   Thumb Code     6  stm32f10x_tim.o(.text)
    USART_DeInit                             0x08003565   Thumb Code   134  stm32f10x_usart.o(.text)
    USART_Init                               0x080035eb   Thumb Code   210  stm32f10x_usart.o(.text)
    USART_StructInit                         0x080036bd   Thumb Code    24  stm32f10x_usart.o(.text)
    USART_ClockInit                          0x080036d5   Thumb Code    34  stm32f10x_usart.o(.text)
    USART_ClockStructInit                    0x080036f7   Thumb Code    12  stm32f10x_usart.o(.text)
    USART_Cmd                                0x08003703   Thumb Code    24  stm32f10x_usart.o(.text)
    USART_ITConfig                           0x0800371b   Thumb Code    74  stm32f10x_usart.o(.text)
    USART_DMACmd                             0x08003765   Thumb Code    18  stm32f10x_usart.o(.text)
    USART_SetAddress                         0x08003777   Thumb Code    18  stm32f10x_usart.o(.text)
    USART_WakeUpConfig                       0x08003789   Thumb Code    18  stm32f10x_usart.o(.text)
    USART_ReceiverWakeUpCmd                  0x0800379b   Thumb Code    24  stm32f10x_usart.o(.text)
    USART_LINBreakDetectLengthConfig         0x080037b3   Thumb Code    18  stm32f10x_usart.o(.text)
    USART_LINCmd                             0x080037c5   Thumb Code    24  stm32f10x_usart.o(.text)
    USART_SendData                           0x080037dd   Thumb Code     8  stm32f10x_usart.o(.text)
    USART_ReceiveData                        0x080037e5   Thumb Code    10  stm32f10x_usart.o(.text)
    USART_SendBreak                          0x080037ef   Thumb Code    10  stm32f10x_usart.o(.text)
    USART_SetGuardTime                       0x080037f9   Thumb Code    16  stm32f10x_usart.o(.text)
    USART_SetPrescaler                       0x08003809   Thumb Code    16  stm32f10x_usart.o(.text)
    USART_SmartCardCmd                       0x08003819   Thumb Code    24  stm32f10x_usart.o(.text)
    USART_SmartCardNACKCmd                   0x08003831   Thumb Code    24  stm32f10x_usart.o(.text)
    USART_HalfDuplexCmd                      0x08003849   Thumb Code    24  stm32f10x_usart.o(.text)
    USART_OverSampling8Cmd                   0x08003861   Thumb Code    22  stm32f10x_usart.o(.text)
    USART_OneBitMethodCmd                    0x08003877   Thumb Code    24  stm32f10x_usart.o(.text)
    USART_IrDAConfig                         0x0800388f   Thumb Code    18  stm32f10x_usart.o(.text)
    USART_IrDACmd                            0x080038a1   Thumb Code    24  stm32f10x_usart.o(.text)
    USART_GetFlagStatus                      0x080038b9   Thumb Code    26  stm32f10x_usart.o(.text)
    USART_ClearFlag                          0x080038d3   Thumb Code    18  stm32f10x_usart.o(.text)
    USART_GetITStatus                        0x080038e5   Thumb Code    84  stm32f10x_usart.o(.text)
    USART_ClearITPendingBit                  0x08003939   Thumb Code    52  stm32f10x_usart.o(.text)
    __use_no_semihosting                     0x0800396d   Thumb Code     2  use_no_semi_2.o(.text)
    __c89vsprintf                            0x08003971   Thumb Code    32  c89vsprintf.o(.text)
    __2printf                                0x08003995   Thumb Code    20  __2printf.o(.text)
    __2sprintf                               0x080039ad   Thumb Code    38  __2sprintf.o(.text)
    _printf_str                              0x080039d9   Thumb Code    82  _printf_str.o(.text)
    __printf                                 0x08003a2d   Thumb Code   390  __printf_flags_ss_wp.o(.text)
    strstr                                   0x08003bb9   Thumb Code    36  strstr.o(.text)
    strlen                                   0x08003bdd   Thumb Code    62  strlen.o(.text)
    __use_two_region_memory                  0x08003c1b   Thumb Code     2  heapauxi.o(.text)
    __rt_heap_escrow$2region                 0x08003c1d   Thumb Code     2  heapauxi.o(.text)
    __rt_heap_expand$2region                 0x08003c1f   Thumb Code     2  heapauxi.o(.text)
    __I$use$semihosting                      0x08003c21   Thumb Code     0  use_no_semi.o(.text)
    __use_no_semihosting_swi                 0x08003c21   Thumb Code     2  use_no_semi.o(.text)
    _printf_pre_padding                      0x08003c23   Thumb Code    46  _printf_pad.o(.text)
    _printf_post_padding                     0x08003c51   Thumb Code    36  _printf_pad.o(.text)
    _printf_truncate_signed                  0x08003c75   Thumb Code    18  _printf_truncate.o(.text)
    _printf_truncate_unsigned                0x08003c87   Thumb Code    18  _printf_truncate.o(.text)
    _printf_int_dec                          0x08003c99   Thumb Code   102  _printf_dec.o(.text)
    _printf_charcount                        0x08003d11   Thumb Code    42  _printf_charcount.o(.text)
    __lib_sel_fp_printf                      0x08003d3b   Thumb Code     2  _printf_fp_dec.o(.text)
    _printf_fp_dec_real                      0x08003ee7   Thumb Code   628  _printf_fp_dec.o(.text)
    _printf_char_common                      0x08004167   Thumb Code    32  _printf_char_common.o(.text)
    _sputc                                   0x0800418d   Thumb Code    10  _sputc.o(.text)
    _printf_cs_common                        0x08004197   Thumb Code    20  _printf_char.o(.text)
    _printf_char                             0x080041ab   Thumb Code    16  _printf_char.o(.text)
    _printf_string                           0x080041bb   Thumb Code     8  _printf_char.o(.text)
    _printf_char_file                        0x080041c5   Thumb Code    32  _printf_char_file.o(.text)
    _printf_wctomb                           0x080041e9   Thumb Code   182  _printf_wctomb.o(.text)
    _printf_longlong_dec                     0x080042a5   Thumb Code   104  _printf_longlong_dec.o(.text)
    _printf_longlong_oct                     0x0800431d   Thumb Code    76  _printf_oct_int_ll.o(.text)
    _printf_int_oct                          0x08004369   Thumb Code    24  _printf_oct_int_ll.o(.text)
    _printf_ll_oct                           0x08004381   Thumb Code    12  _printf_oct_int_ll.o(.text)
    _printf_longlong_hex                     0x08004395   Thumb Code    92  _printf_hex_int_ll_ptr.o(.text)
    _printf_int_hex                          0x080043f1   Thumb Code    28  _printf_hex_int_ll_ptr.o(.text)
    _printf_ll_hex                           0x0800440d   Thumb Code    12  _printf_hex_int_ll_ptr.o(.text)
    _printf_hex_ptr                          0x08004419   Thumb Code    18  _printf_hex_int_ll_ptr.o(.text)
    __rt_locale                              0x08004431   Thumb Code     8  rt_locale_intlibspace.o(.text)
    _ll_udiv10                               0x08004439   Thumb Code   138  lludiv10.o(.text)
    _printf_int_common                       0x080044c3   Thumb Code   184  _printf_intcommon.o(.text)
    _printf_fp_infnan                        0x0800457d   Thumb Code   112  _printf_fp_infnan.o(.text)
    _printf_lcs_common                       0x080045fd   Thumb Code    20  _printf_wchar.o(.text)
    _printf_wchar                            0x08004611   Thumb Code    16  _printf_wchar.o(.text)
    _printf_wstring                          0x08004621   Thumb Code     8  _printf_wchar.o(.text)
    _btod_etento                             0x08004629   Thumb Code   222  bigflt0.o(.text)
    ferror                                   0x0800470d   Thumb Code     8  ferror.o(.text)
    _wcrtomb                                 0x08004715   Thumb Code    64  _wcrtomb.o(.text)
    __user_libspace                          0x08004755   Thumb Code     8  libspace.o(.text)
    __user_perproc_libspace                  0x08004755   Thumb Code     0  libspace.o(.text)
    __user_perthread_libspace                0x08004755   Thumb Code     0  libspace.o(.text)
    __user_setup_stackheap                   0x0800475d   Thumb Code    74  sys_stackheap_outer.o(.text)
    __rt_ctype_table                         0x080047a9   Thumb Code    16  rt_ctype_table.o(.text)
    exit                                     0x080047b9   Thumb Code    12  exit.o(.text)
    strcmp                                   0x080047c5   Thumb Code   128  strcmpv7m.o(.text)
    _btod_d2e                                0x08004845   Thumb Code    62  btod.o(CL$$btod_d2e)
    _d2e_denorm_low                          0x08004883   Thumb Code    70  btod.o(CL$$btod_d2e_denorm_low)
    _d2e_norm_op1                            0x080048c9   Thumb Code    96  btod.o(CL$$btod_d2e_norm_op1)
    __btod_div_common                        0x08004929   Thumb Code   696  btod.o(CL$$btod_div_common)
    _e2e                                     0x08004c61   Thumb Code   198  btod.o(CL$$btod_e2e)
    _btod_ediv                               0x08004d27   Thumb Code    40  btod.o(CL$$btod_ediv)
    _btod_emul                               0x08004d4f   Thumb Code    40  btod.o(CL$$btod_emul)
    __btod_mult_common                       0x08004d77   Thumb Code   580  btod.o(CL$$btod_mult_common)
    __ARM_fpclassify                         0x08004fbb   Thumb Code    40  fpclassify.o(i.__ARM_fpclassify)
    _is_digit                                0x08004fe3   Thumb Code    14  __printf_wp.o(i._is_digit)
    _get_lc_numeric                          0x08004ff1   Thumb Code    44  lc_numeric_c.o(locale$$code)
    _get_lc_ctype                            0x0800501d   Thumb Code    44  lc_ctype_c.o(locale$$code)
    __aeabi_d2f                              0x08005049   Thumb Code     0  d2f.o(x$fpl$d2f)
    _d2f                                     0x08005049   Thumb Code    98  d2f.o(x$fpl$d2f)
    __aeabi_dadd                             0x080050ad   Thumb Code     0  daddsub_clz.o(x$fpl$dadd)
    _dadd                                    0x080050ad   Thumb Code   332  daddsub_clz.o(x$fpl$dadd)
    __aeabi_ddiv                             0x080051fd   Thumb Code     0  ddiv.o(x$fpl$ddiv)
    _ddiv                                    0x080051fd   Thumb Code   552  ddiv.o(x$fpl$ddiv)
    __aeabi_d2iz                             0x080054ad   Thumb Code     0  dfix.o(x$fpl$dfix)
    _dfix                                    0x080054ad   Thumb Code    94  dfix.o(x$fpl$dfix)
    __aeabi_i2d                              0x0800550b   Thumb Code     0  dflt_clz.o(x$fpl$dflt)
    _dflt                                    0x0800550b   Thumb Code    46  dflt_clz.o(x$fpl$dflt)
    __aeabi_dmul                             0x08005539   Thumb Code     0  dmul.o(x$fpl$dmul)
    _dmul                                    0x08005539   Thumb Code   332  dmul.o(x$fpl$dmul)
    __fpl_dnaninf                            0x0800568d   Thumb Code   156  dnaninf.o(x$fpl$dnaninf)
    __fpl_dretinf                            0x08005729   Thumb Code    12  dretinf.o(x$fpl$dretinf)
    __aeabi_dsub                             0x08005735   Thumb Code     0  daddsub_clz.o(x$fpl$dsub)
    _dsub                                    0x08005735   Thumb Code   464  daddsub_clz.o(x$fpl$dsub)
    __aeabi_f2d                              0x08005909   Thumb Code     0  f2d.o(x$fpl$f2d)
    _f2d                                     0x08005909   Thumb Code    86  f2d.o(x$fpl$f2d)
    __fpl_fcmp_Inf                           0x0800595f   Thumb Code    24  fcmpi.o(x$fpl$fcmpinf)
    __aeabi_i2f                              0x08005979   Thumb Code     0  fflt_clz.o(x$fpl$fflt)
    _fflt                                    0x08005979   Thumb Code    48  fflt_clz.o(x$fpl$fflt)
    __aeabi_ui2f                             0x080059a9   Thumb Code     0  fflt_clz.o(x$fpl$ffltu)
    _ffltu                                   0x080059a9   Thumb Code    38  fflt_clz.o(x$fpl$ffltu)
    __aeabi_cfcmple                          0x080059d1   Thumb Code     0  fleqf.o(x$fpl$fleqf)
    _fcmple                                  0x080059d1   Thumb Code   104  fleqf.o(x$fpl$fleqf)
    __fpl_fcmple_InfNaN                      0x08005a23   Thumb Code     0  fleqf.o(x$fpl$fleqf)
    __fpl_fnaninf                            0x08005a39   Thumb Code   140  fnaninf.o(x$fpl$fnaninf)
    __fpl_fretinf                            0x08005ac5   Thumb Code    10  fretinf.o(x$fpl$fretinf)
    _printf_fp_dec                           0x08005acf   Thumb Code     4  printf1.o(x$fpl$printf1)
    __I$use$fp                               0x08005ad2   Number         0  usenofp.o(x$fpl$usenofp)
    Region$$Table$$Base                      0x08005cec   Number         0  anon$$obj.o(Region$$Table)
    Region$$Table$$Limit                     0x08005d0c   Number         0  anon$$obj.o(Region$$Table)
    __ctype                                  0x08005d35   Data           0  lc_ctype_c.o(locale$$data)
    tem                                      0x20000000   Data           4  main.o(.data)
    temp                                     0x20000004   Data           4  main.o(.data)
    humi                                     0x20000008   Data           4  main.o(.data)
    Temp                                     0x2000000c   Data           4  main.o(.data)
    SystemCoreClock                          0x20000010   Data           4  system_stm32f10x.o(.data)
    AHBPrescTable                            0x20000014   Data          16  system_stm32f10x.o(.data)
    esp8266_                                 0x20000024   Data           4  8266config.o(.data)
    portnum                                  0x20000028   Data           4  8266config.o(.data)
    bigiod_ip                                0x2000002c   Data           4  8266config.o(.data)
    bigiod_portnum                           0x20000030   Data           4  8266config.o(.data)
    bigiod_ID                                0x20000034   Data           4  8266config.o(.data)
    bigiod_apiKey                            0x20000038   Data           4  8266config.o(.data)
    wifista_ssid                             0x2000003c   Data           4  8266config.o(.data)
    wifista_encryption                       0x20000040   Data           4  8266config.o(.data)
    wifista_password                         0x20000044   Data           4  8266config.o(.data)
    wifiap_ssid                              0x20000048   Data           4  8266config.o(.data)
    wifiap_encryption                        0x2000004c   Data           4  8266config.o(.data)
    wifiap_password                          0x20000050   Data           4  8266config.o(.data)
    ATK_ESP8266_CWMODE_TBL                   0x20000054   Data          12  8266config.o(.data)
    ATK_ESP8266_WORKMODE_TBL                 0x20000060   Data          12  8266config.o(.data)
    ATK_ESP8266_ECN_TBL                      0x2000006c   Data          20  8266config.o(.data)
    mallco_dev                               0x20000084   Data          20  malloc.o(.data)
    USART_RX_STA                             0x20000098   Data           2  usart.o(.data)
    __stdout                                 0x2000009c   Data           4  usart.o(.data)
    USART2_RX_STA                            0x200000a0   Data           2  usart2.o(.data)
    ESP8266                                  0x200000b8   Data          28  8266config.o(.bss)
    membase                                  0x200000d4   Data       15360  malloc.o(.bss)
    memmapbase                               0x20003cd4   Data         960  malloc.o(.bss)
    USART_RX_BUF                             0x20004094   Data         200  usart.o(.bss)
    USART2_TX_BUF                            0x20004160   Data        1024  usart2.o(.bss)
    USART2_RX_BUF                            0x20004560   Data        1024  usart2.o(.bss)
    __libspace_start                         0x20004960   Data          96  libspace.o(.bss)
    __temporary_stack_top$libspace           0x200049c0   Data           0  libspace.o(.bss)



==============================================================================

Memory Map of the image

  Image Entry point : 0x08000235

  Load Region LR_1 (Base: 0x08000000, Size: 0x00005ef0, Max: 0xffffffff, ABSOLUTE)

    Execution Region ER_RO (Base: 0x08000000, Size: 0x00005e38, Max: 0xffffffff, ABSOLUTE)

    Base Addr    Size         Type   Attr      Idx    E Section Name        Object

    0x08000000   0x000000ec   Data   RO            3    RESET               startup_stm32f10x_md.o
    0x080000ec   0x00000008   Code   RO          718  * !!!main             c_w.l(__main.o)
    0x080000f4   0x00000034   Code   RO         1048    !!!scatter          c_w.l(__scatter.o)
    0x08000128   0x0000001a   Code   RO         1050    !!handler_copy      c_w.l(__scatter_copy.o)
    0x08000142   0x00000002   PAD
    0x08000144   0x0000001c   Code   RO         1052    !!handler_zi        c_w.l(__scatter_zi.o)
    0x08000160   0x00000000   Code   RO          711    .ARM.Collect$$_printf_percent$$00000000  c_w.l(_printf_percent.o)
    0x08000160   0x00000006   Code   RO          810    .ARM.Collect$$_printf_percent$$00000001  c_w.l(_printf_n.o)
    0x08000166   0x00000006   Code   RO          812    .ARM.Collect$$_printf_percent$$00000002  c_w.l(_printf_p.o)
    0x0800016c   0x00000006   Code   RO          710    .ARM.Collect$$_printf_percent$$00000003  c_w.l(_printf_f.o)
    0x08000172   0x00000006   Code   RO          817    .ARM.Collect$$_printf_percent$$00000004  c_w.l(_printf_e.o)
    0x08000178   0x00000006   Code   RO          818    .ARM.Collect$$_printf_percent$$00000005  c_w.l(_printf_g.o)
    0x0800017e   0x00000006   Code   RO          819    .ARM.Collect$$_printf_percent$$00000006  c_w.l(_printf_a.o)
    0x08000184   0x0000000a   Code   RO          824    .ARM.Collect$$_printf_percent$$00000007  c_w.l(_printf_ll.o)
    0x0800018e   0x00000006   Code   RO          814    .ARM.Collect$$_printf_percent$$00000008  c_w.l(_printf_i.o)
    0x08000194   0x00000006   Code   RO          815    .ARM.Collect$$_printf_percent$$00000009  c_w.l(_printf_d.o)
    0x0800019a   0x00000006   Code   RO          816    .ARM.Collect$$_printf_percent$$0000000A  c_w.l(_printf_u.o)
    0x080001a0   0x00000006   Code   RO          813    .ARM.Collect$$_printf_percent$$0000000B  c_w.l(_printf_o.o)
    0x080001a6   0x00000006   Code   RO          811    .ARM.Collect$$_printf_percent$$0000000C  c_w.l(_printf_x.o)
    0x080001ac   0x00000006   Code   RO          821    .ARM.Collect$$_printf_percent$$0000000D  c_w.l(_printf_lli.o)
    0x080001b2   0x00000006   Code   RO          822    .ARM.Collect$$_printf_percent$$0000000E  c_w.l(_printf_lld.o)
    0x080001b8   0x00000006   Code   RO          823    .ARM.Collect$$_printf_percent$$0000000F  c_w.l(_printf_llu.o)
    0x080001be   0x00000006   Code   RO          828    .ARM.Collect$$_printf_percent$$00000010  c_w.l(_printf_llo.o)
    0x080001c4   0x00000006   Code   RO          829    .ARM.Collect$$_printf_percent$$00000011  c_w.l(_printf_llx.o)
    0x080001ca   0x0000000a   Code   RO          825    .ARM.Collect$$_printf_percent$$00000012  c_w.l(_printf_l.o)
    0x080001d4   0x00000006   Code   RO          809    .ARM.Collect$$_printf_percent$$00000013  c_w.l(_printf_c.o)
    0x080001da   0x00000006   Code   RO          709    .ARM.Collect$$_printf_percent$$00000014  c_w.l(_printf_s.o)
    0x080001e0   0x00000006   Code   RO          826    .ARM.Collect$$_printf_percent$$00000015  c_w.l(_printf_lc.o)
    0x080001e6   0x00000006   Code   RO          827    .ARM.Collect$$_printf_percent$$00000016  c_w.l(_printf_ls.o)
    0x080001ec   0x00000004   Code   RO          820    .ARM.Collect$$_printf_percent$$00000017  c_w.l(_printf_percent_end.o)
    0x080001f0   0x00000002   Code   RO          925    .ARM.Collect$$libinit$$00000000  c_w.l(libinit.o)
    0x080001f2   0x00000000   Code   RO          927    .ARM.Collect$$libinit$$00000002  c_w.l(libinit2.o)
    0x080001f2   0x00000000   Code   RO          930    .ARM.Collect$$libinit$$00000008  c_w.l(libinit2.o)
    0x080001f2   0x00000000   Code   RO          932    .ARM.Collect$$libinit$$0000000A  c_w.l(libinit2.o)
    0x080001f2   0x00000000   Code   RO          934    .ARM.Collect$$libinit$$0000000C  c_w.l(libinit2.o)
    0x080001f2   0x00000006   Code   RO          935    .ARM.Collect$$libinit$$0000000D  c_w.l(libinit2.o)
    0x080001f8   0x00000000   Code   RO          937    .ARM.Collect$$libinit$$0000000F  c_w.l(libinit2.o)
    0x080001f8   0x0000000c   Code   RO          938    .ARM.Collect$$libinit$$00000010  c_w.l(libinit2.o)
    0x08000204   0x00000000   Code   RO          939    .ARM.Collect$$libinit$$00000011  c_w.l(libinit2.o)
    0x08000204   0x00000000   Code   RO          941    .ARM.Collect$$libinit$$00000013  c_w.l(libinit2.o)
    0x08000204   0x0000000a   Code   RO          942    .ARM.Collect$$libinit$$00000014  c_w.l(libinit2.o)
    0x0800020e   0x00000000   Code   RO          943    .ARM.Collect$$libinit$$00000015  c_w.l(libinit2.o)
    0x0800020e   0x00000000   Code   RO          945    .ARM.Collect$$libinit$$00000017  c_w.l(libinit2.o)
    0x0800020e   0x00000000   Code   RO          947    .ARM.Collect$$libinit$$00000019  c_w.l(libinit2.o)
    0x0800020e   0x00000000   Code   RO          949    .ARM.Collect$$libinit$$0000001B  c_w.l(libinit2.o)
    0x0800020e   0x00000000   Code   RO          951    .ARM.Collect$$libinit$$0000001D  c_w.l(libinit2.o)
    0x0800020e   0x00000000   Code   RO          953    .ARM.Collect$$libinit$$0000001F  c_w.l(libinit2.o)
    0x0800020e   0x00000000   Code   RO          955    .ARM.Collect$$libinit$$00000021  c_w.l(libinit2.o)
    0x0800020e   0x00000000   Code   RO          957    .ARM.Collect$$libinit$$00000023  c_w.l(libinit2.o)
    0x0800020e   0x00000000   Code   RO          961    .ARM.Collect$$libinit$$0000002A  c_w.l(libinit2.o)
    0x0800020e   0x00000000   Code   RO          963    .ARM.Collect$$libinit$$0000002C  c_w.l(libinit2.o)
    0x0800020e   0x00000000   Code   RO          965    .ARM.Collect$$libinit$$0000002E  c_w.l(libinit2.o)
    0x0800020e   0x00000000   Code   RO          967    .ARM.Collect$$libinit$$00000030  c_w.l(libinit2.o)
    0x0800020e   0x00000002   Code   RO          968    .ARM.Collect$$libinit$$00000031  c_w.l(libinit2.o)
    0x08000210   0x00000002   Code   RO          999    .ARM.Collect$$libshutdown$$00000000  c_w.l(libshutdown.o)
    0x08000212   0x00000000   Code   RO         1009    .ARM.Collect$$libshutdown$$00000003  c_w.l(libshutdown2.o)
    0x08000212   0x00000000   Code   RO         1012    .ARM.Collect$$libshutdown$$00000006  c_w.l(libshutdown2.o)
    0x08000212   0x00000000   Code   RO         1015    .ARM.Collect$$libshutdown$$00000009  c_w.l(libshutdown2.o)
    0x08000212   0x00000000   Code   RO         1017    .ARM.Collect$$libshutdown$$0000000B  c_w.l(libshutdown2.o)
    0x08000212   0x00000000   Code   RO         1020    .ARM.Collect$$libshutdown$$0000000E  c_w.l(libshutdown2.o)
    0x08000212   0x00000002   Code   RO         1021    .ARM.Collect$$libshutdown$$0000000F  c_w.l(libshutdown2.o)
    0x08000214   0x00000000   Code   RO          758    .ARM.Collect$$rtentry$$00000000  c_w.l(rtentry.o)
    0x08000214   0x00000000   Code   RO          842    .ARM.Collect$$rtentry$$00000002  c_w.l(rtentry2.o)
    0x08000214   0x00000006   Code   RO          854    .ARM.Collect$$rtentry$$00000004  c_w.l(rtentry4.o)
    0x0800021a   0x00000000   Code   RO          844    .ARM.Collect$$rtentry$$00000009  c_w.l(rtentry2.o)
    0x0800021a   0x00000004   Code   RO          845    .ARM.Collect$$rtentry$$0000000A  c_w.l(rtentry2.o)
    0x0800021e   0x00000000   Code   RO          847    .ARM.Collect$$rtentry$$0000000C  c_w.l(rtentry2.o)
    0x0800021e   0x00000008   Code   RO          848    .ARM.Collect$$rtentry$$0000000D  c_w.l(rtentry2.o)
    0x08000226   0x00000002   Code   RO          969    .ARM.Collect$$rtexit$$00000000  c_w.l(rtexit.o)
    0x08000228   0x00000000   Code   RO          979    .ARM.Collect$$rtexit$$00000002  c_w.l(rtexit2.o)
    0x08000228   0x00000004   Code   RO          980    .ARM.Collect$$rtexit$$00000003  c_w.l(rtexit2.o)
    0x0800022c   0x00000006   Code   RO          981    .ARM.Collect$$rtexit$$00000004  c_w.l(rtexit2.o)
    0x08000232   0x00000002   PAD
    0x08000234   0x00000040   Code   RO            4  * .text               startup_stm32f10x_md.o
    0x08000274   0x000001c0   Code   RO           10    .text               main.o
    0x08000434   0x0000001a   Code   RO          154    .text               stm32f10x_it.o
    0x0800044e   0x00000002   PAD
    0x08000450   0x000001dc   Code   RO          195    .text               system_stm32f10x.o
    0x0800062c   0x00000704   Code   RO          213    .text               8266config.o
    0x08000d30   0x000000d0   Code   RO          238    .text               delay.o
    0x08000e00   0x000001a4   Code   RO          252    .text               dht11.o
    0x08000fa4   0x0000019c   Code   RO          267    .text               malloc.o
    0x08001140   0x0000017c   Code   RO          303    .text               tempusart.o
    0x080012bc   0x00000140   Code   RO          319    .text               usart.o
    0x080013fc   0x0000027c   Code   RO          342    .text               usart2.o
    0x08001678   0x00000258   Code   RO          371    .text               bsp_ds18b20.o
    0x080018d0   0x000000dc   Code   RO          393    .text               misc.o
    0x080019ac   0x0000044e   Code   RO          405    .text               stm32f10x_adc.o
    0x08001dfa   0x00000002   PAD
    0x08001dfc   0x00000250   Code   RO          489    .text               stm32f10x_dma.o
    0x0800204c   0x00000358   Code   RO          537    .text               stm32f10x_gpio.o
    0x080023a4   0x000003a4   Code   RO          585    .text               stm32f10x_rcc.o
    0x08002748   0x00000e1a   Code   RO          635    .text               stm32f10x_tim.o
    0x08003562   0x00000002   PAD
    0x08003564   0x00000408   Code   RO          647    .text               stm32f10x_usart.o
    0x0800396c   0x00000002   Code   RO          673    .text               c_w.l(use_no_semi_2.o)
    0x0800396e   0x00000002   PAD
    0x08003970   0x00000024   Code   RO          675    .text               c_w.l(c89vsprintf.o)
    0x08003994   0x00000018   Code   RO          677    .text               c_w.l(__2printf.o)
    0x080039ac   0x0000002c   Code   RO          679    .text               c_w.l(__2sprintf.o)
    0x080039d8   0x00000052   Code   RO          687    .text               c_w.l(_printf_str.o)
    0x08003a2a   0x00000002   PAD
    0x08003a2c   0x0000018c   Code   RO          706    .text               c_w.l(__printf_flags_ss_wp.o)
    0x08003bb8   0x00000024   Code   RO          712    .text               c_w.l(strstr.o)
    0x08003bdc   0x0000003e   Code   RO          714    .text               c_w.l(strlen.o)
    0x08003c1a   0x00000006   Code   RO          716    .text               c_w.l(heapauxi.o)
    0x08003c20   0x00000002   Code   RO          756    .text               c_w.l(use_no_semi.o)
    0x08003c22   0x00000052   Code   RO          759    .text               c_w.l(_printf_pad.o)
    0x08003c74   0x00000024   Code   RO          761    .text               c_w.l(_printf_truncate.o)
    0x08003c98   0x00000078   Code   RO          763    .text               c_w.l(_printf_dec.o)
    0x08003d10   0x0000002a   Code   RO          765    .text               c_w.l(_printf_charcount.o)
    0x08003d3a   0x00000420   Code   RO          767    .text               c_w.l(_printf_fp_dec.o)
    0x0800415a   0x00000002   PAD
    0x0800415c   0x00000030   Code   RO          769    .text               c_w.l(_printf_char_common.o)
    0x0800418c   0x0000000a   Code   RO          771    .text               c_w.l(_sputc.o)
    0x08004196   0x0000002c   Code   RO          773    .text               c_w.l(_printf_char.o)
    0x080041c2   0x00000002   PAD
    0x080041c4   0x00000024   Code   RO          775    .text               c_w.l(_printf_char_file.o)
    0x080041e8   0x000000bc   Code   RO          777    .text               c_w.l(_printf_wctomb.o)
    0x080042a4   0x00000078   Code   RO          780    .text               c_w.l(_printf_longlong_dec.o)
    0x0800431c   0x00000078   Code   RO          786    .text               c_w.l(_printf_oct_int_ll.o)
    0x08004394   0x0000009c   Code   RO          806    .text               c_w.l(_printf_hex_int_ll_ptr.o)
    0x08004430   0x00000008   Code   RO          859    .text               c_w.l(rt_locale_intlibspace.o)
    0x08004438   0x0000008a   Code   RO          861    .text               c_w.l(lludiv10.o)
    0x080044c2   0x000000b8   Code   RO          863    .text               c_w.l(_printf_intcommon.o)
    0x0800457a   0x00000002   PAD
    0x0800457c   0x00000080   Code   RO          865    .text               c_w.l(_printf_fp_infnan.o)
    0x080045fc   0x0000002c   Code   RO          869    .text               c_w.l(_printf_wchar.o)
    0x08004628   0x000000e4   Code   RO          871    .text               c_w.l(bigflt0.o)
    0x0800470c   0x00000008   Code   RO          896    .text               c_w.l(ferror.o)
    0x08004714   0x00000040   Code   RO          900    .text               c_w.l(_wcrtomb.o)
    0x08004754   0x00000008   Code   RO          909    .text               c_w.l(libspace.o)
    0x0800475c   0x0000004a   Code   RO          912    .text               c_w.l(sys_stackheap_outer.o)
    0x080047a6   0x00000002   PAD
    0x080047a8   0x00000010   Code   RO          914    .text               c_w.l(rt_ctype_table.o)
    0x080047b8   0x0000000c   Code   RO          916    .text               c_w.l(exit.o)
    0x080047c4   0x00000080   Code   RO          918    .text               c_w.l(strcmpv7m.o)
    0x08004844   0x0000003e   Code   RO          874    CL$$btod_d2e        c_w.l(btod.o)
    0x08004882   0x00000046   Code   RO          876    CL$$btod_d2e_denorm_low  c_w.l(btod.o)
    0x080048c8   0x00000060   Code   RO          875    CL$$btod_d2e_norm_op1  c_w.l(btod.o)
    0x08004928   0x00000338   Code   RO          884    CL$$btod_div_common  c_w.l(btod.o)
    0x08004c60   0x000000c6   Code   RO          881    CL$$btod_e2e        c_w.l(btod.o)
    0x08004d26   0x00000028   Code   RO          878    CL$$btod_ediv       c_w.l(btod.o)
    0x08004d4e   0x00000028   Code   RO          877    CL$$btod_emul       c_w.l(btod.o)
    0x08004d76   0x00000244   Code   RO          883    CL$$btod_mult_common  c_w.l(btod.o)
    0x08004fba   0x00000028   Code   RO          907    i.__ARM_fpclassify  m_ws.l(fpclassify.o)
    0x08004fe2   0x0000000e   Code   RO          699    i._is_digit         c_w.l(__printf_wp.o)
    0x08004ff0   0x0000002c   Code   RO          903    locale$$code        c_w.l(lc_numeric_c.o)
    0x0800501c   0x0000002c   Code   RO          972    locale$$code        c_w.l(lc_ctype_c.o)
    0x08005048   0x00000062   Code   RO          720    x$fpl$d2f           fz_ws.l(d2f.o)
    0x080050aa   0x00000002   PAD
    0x080050ac   0x00000150   Code   RO          722    x$fpl$dadd          fz_ws.l(daddsub_clz.o)
    0x080051fc   0x000002b0   Code   RO          729    x$fpl$ddiv          fz_ws.l(ddiv.o)
    0x080054ac   0x0000005e   Code   RO          732    x$fpl$dfix          fz_ws.l(dfix.o)
    0x0800550a   0x0000002e   Code   RO          737    x$fpl$dflt          fz_ws.l(dflt_clz.o)
    0x08005538   0x00000154   Code   RO          742    x$fpl$dmul          fz_ws.l(dmul.o)
    0x0800568c   0x0000009c   Code   RO          830    x$fpl$dnaninf       fz_ws.l(dnaninf.o)
    0x08005728   0x0000000c   Code   RO          832    x$fpl$dretinf       fz_ws.l(dretinf.o)
    0x08005734   0x000001d4   Code   RO          724    x$fpl$dsub          fz_ws.l(daddsub_clz.o)
    0x08005908   0x00000056   Code   RO          744    x$fpl$f2d           fz_ws.l(f2d.o)
    0x0800595e   0x00000018   Code   RO          834    x$fpl$fcmpinf       fz_ws.l(fcmpi.o)
    0x08005976   0x00000002   PAD
    0x08005978   0x00000030   Code   RO          747    x$fpl$fflt          fz_ws.l(fflt_clz.o)
    0x080059a8   0x00000026   Code   RO          746    x$fpl$ffltu         fz_ws.l(fflt_clz.o)
    0x080059ce   0x00000002   PAD
    0x080059d0   0x00000068   Code   RO          752    x$fpl$fleqf         fz_ws.l(fleqf.o)
    0x08005a38   0x0000008c   Code   RO          836    x$fpl$fnaninf       fz_ws.l(fnaninf.o)
    0x08005ac4   0x0000000a   Code   RO          838    x$fpl$fretinf       fz_ws.l(fretinf.o)
    0x08005ace   0x00000004   Code   RO          754    x$fpl$printf1       fz_ws.l(printf1.o)
    0x08005ad2   0x00000000   Code   RO          840    x$fpl$usenofp       fz_ws.l(usenofp.o)
    0x08005ad2   0x00000002   PAD
    0x08005ad4   0x00000055   Data   RO           11    .constdata          main.o
    0x08005b29   0x00000011   Data   RO          707    .constdata          c_w.l(__printf_flags_ss_wp.o)
    0x08005b3a   0x00000002   PAD
    0x08005b3c   0x00000008   Data   RO          778    .constdata          c_w.l(_printf_wctomb.o)
    0x08005b44   0x00000028   Data   RO          807    .constdata          c_w.l(_printf_hex_int_ll_ptr.o)
    0x08005b6c   0x00000094   Data   RO          872    .constdata          c_w.l(bigflt0.o)
    0x08005c00   0x000000ec   Data   RO          215    .conststring        8266config.o
    0x08005cec   0x00000020   Data   RO         1046    Region$$Table       anon$$obj.o
    0x08005d0c   0x0000001c   Data   RO          902    locale$$data        c_w.l(lc_numeric_c.o)
    0x08005d28   0x00000110   Data   RO          971    locale$$data        c_w.l(lc_ctype_c.o)


    Execution Region ER_RW (Base: 0x20000000, Size: 0x000000b8, Max: 0xffffffff, ABSOLUTE)

    Base Addr    Size         Type   Attr      Idx    E Section Name        Object

    0x20000000   0x00000010   Data   RW           12    .data               main.o
    0x20000010   0x00000014   Data   RW          196    .data               system_stm32f10x.o
    0x20000024   0x0000005c   Data   RW          216    .data               8266config.o
    0x20000080   0x00000004   Data   RW          239    .data               delay.o
    0x20000084   0x00000014   Data   RW          270    .data               malloc.o
    0x20000098   0x00000008   Data   RW          321    .data               usart.o
    0x200000a0   0x00000002   Data   RW          344    .data               usart2.o
    0x200000a2   0x00000014   Data   RW          586    .data               stm32f10x_rcc.o


    Execution Region ER_ZI (Base: 0x200000b8, Size: 0x00004f08, Max: 0xffffffff, ABSOLUTE)

    Base Addr    Size         Type   Attr      Idx    E Section Name        Object

    0x200000b8   0x0000001c   Zero   RW          214    .bss                8266config.o
    0x200000d4   0x00003fc0   Zero   RW          268    .bss                malloc.o
    0x20004094   0x000000c8   Zero   RW          320    .bss                usart.o
    0x2000415c   0x00000004   PAD
    0x20004160   0x00000800   Zero   RW          343    .bss                usart2.o
    0x20004960   0x00000060   Zero   RW          910    .bss                c_w.l(libspace.o)
    0x200049c0   0x00000200   Zero   RW            2    HEAP                startup_stm32f10x_md.o
    0x20004bc0   0x00000400   Zero   RW            1    STACK               startup_stm32f10x_md.o


==============================================================================

Image component sizes


      Code (inc. data)   RO Data    RW Data    ZI Data      Debug   Object Name

      1796        450        236         92         28       5752   8266config.o
       600         10          0          0          0       2359   bsp_ds18b20.o
       208         18          0          4          0        879   delay.o
       420         16          0          0          0       1714   dht11.o
       448         84         85         16          0     270876   main.o
       412          6          0         20      16320       3661   malloc.o
       220         20          0          0          0       1677   misc.o
        64         26        236          0       1536        760   startup_stm32f10x_md.o
      1102         26          0          0          0      10709   stm32f10x_adc.o
       592          8          0          0          0       4202   stm32f10x_dma.o
       856         40          0          0          0       5525   stm32f10x_gpio.o
        26          0          0          0          0       1158   stm32f10x_it.o
       932         44          0         20          0       8640   stm32f10x_rcc.o
      3610         88          0          0          0      22008   stm32f10x_tim.o
      1032         22          0          0          0       8244   stm32f10x_usart.o
       476         36          0         20          0       1631   system_stm32f10x.o
       380         28          0          0          0       1425   tempusart.o
       320         18          0          8        200       2846   usart.o
       636         30          0          2       2048       3301   usart2.o

    ----------------------------------------------------------------------
     14136        970        589        184      20136     357367   Object Totals
         0          0         32          0          0          0   (incl. Generated)
         6          0          0          2          4          0   (incl. Padding)

    ----------------------------------------------------------------------

      Code (inc. data)   RO Data    RW Data    ZI Data      Debug   Library Member Name

        24          4          0          0          0         84   __2printf.o
        44          6          0          0          0         84   __2sprintf.o
         8          0          0          0          0         68   __main.o
       396          6         17          0          0         92   __printf_flags_ss_wp.o
        14          0          0          0          0         68   __printf_wp.o
        52          8          0          0          0          0   __scatter.o
        26          0          0          0          0          0   __scatter_copy.o
        28          0          0          0          0          0   __scatter_zi.o
         6          0          0          0          0          0   _printf_a.o
         6          0          0          0          0          0   _printf_c.o
        44          0          0          0          0        108   _printf_char.o
        48          6          0          0          0         96   _printf_char_common.o
        36          4          0          0          0         80   _printf_char_file.o
        42          0          0          0          0         68   _printf_charcount.o
         6          0          0          0          0          0   _printf_d.o
       120         18          0          0          0         92   _printf_dec.o
         6          0          0          0          0          0   _printf_e.o
         6          0          0          0          0          0   _printf_f.o
      1056          0          0          0          0        212   _printf_fp_dec.o
       128         16          0          0          0         84   _printf_fp_infnan.o
         6          0          0          0          0          0   _printf_g.o
       156          6         40          0          0        160   _printf_hex_int_ll_ptr.o
         6          0          0          0          0          0   _printf_i.o
       184          0          0          0          0         88   _printf_intcommon.o
        10          0          0          0          0          0   _printf_l.o
         6          0          0          0          0          0   _printf_lc.o
        10          0          0          0          0          0   _printf_ll.o
         6          0          0          0          0          0   _printf_lld.o
         6          0          0          0          0          0   _printf_lli.o
         6          0          0          0          0          0   _printf_llo.o
         6          0          0          0          0          0   _printf_llu.o
         6          0          0          0          0          0   _printf_llx.o
       120         16          0          0          0         92   _printf_longlong_dec.o
         6          0          0          0          0          0   _printf_ls.o
         6          0          0          0          0          0   _printf_n.o
         6          0          0          0          0          0   _printf_o.o
       120          8          0          0          0        124   _printf_oct_int_ll.o
         6          0          0          0          0          0   _printf_p.o
        82          0          0          0          0        108   _printf_pad.o
         0          0          0          0          0          0   _printf_percent.o
         4          0          0          0          0          0   _printf_percent_end.o
         6          0          0          0          0          0   _printf_s.o
        82          0          0          0          0         80   _printf_str.o
        36          0          0          0          0         84   _printf_truncate.o
         6          0          0          0          0          0   _printf_u.o
        44          0          0          0          0        108   _printf_wchar.o
       188          6          8          0          0         92   _printf_wctomb.o
         6          0          0          0          0          0   _printf_x.o
        10          0          0          0          0         68   _sputc.o
        64          0          0          0          0         92   _wcrtomb.o
       228          6        148          0          0         96   bigflt0.o
      1910        128          0          0          0        672   btod.o
        36          4          0          0          0         76   c89vsprintf.o
        12          0          0          0          0         72   exit.o
         8          0          0          0          0         68   ferror.o
         6          0          0          0          0        152   heapauxi.o
        44         10        272          0          0         76   lc_ctype_c.o
        44         10         28          0          0         76   lc_numeric_c.o
         2          0          0          0          0          0   libinit.o
        30          0          0          0          0          0   libinit2.o
         2          0          0          0          0          0   libshutdown.o
         2          0          0          0          0          0   libshutdown2.o
         8          4          0          0         96         68   libspace.o
       138          0          0          0          0         80   lludiv10.o
        16          4          0          0          0         76   rt_ctype_table.o
         8          4          0          0          0         68   rt_locale_intlibspace.o
         0          0          0          0          0          0   rtentry.o
        12          0          0          0          0          0   rtentry2.o
         6          0          0          0          0          0   rtentry4.o
         2          0          0          0          0          0   rtexit.o
        10          0          0          0          0          0   rtexit2.o
       128          0          0          0          0         68   strcmpv7m.o
        62          0          0          0          0         76   strlen.o
        36          0          0          0          0         80   strstr.o
        74          0          0          0          0         80   sys_stackheap_outer.o
         2          0          0          0          0         68   use_no_semi.o
         2          0          0          0          0         68   use_no_semi_2.o
        98          4          0          0          0         92   d2f.o
       804         16          0          0          0        280   daddsub_clz.o
       688        140          0          0          0        212   ddiv.o
        94          4          0          0          0         92   dfix.o
        46          0          0          0          0         68   dflt_clz.o
       340         12          0          0          0        104   dmul.o
       156          4          0          0          0         92   dnaninf.o
        12          0          0          0          0         68   dretinf.o
        86          4          0          0          0         84   f2d.o
        24          0          0          0          0         68   fcmpi.o
        86          0          0          0          0        136   fflt_clz.o
       104          4          0          0          0         84   fleqf.o
       140          4          0          0          0         84   fnaninf.o
        10          0          0          0          0         68   fretinf.o
         4          0          0          0          0         68   printf1.o
         0          0          0          0          0          0   usenofp.o
        40          0          0          0          0         68   fpclassify.o

    ----------------------------------------------------------------------
      8880        466        515          0         96       5920   Library Totals
        24          0          2          0          0          0   (incl. Padding)

    ----------------------------------------------------------------------

      Code (inc. data)   RO Data    RW Data    ZI Data      Debug   Library Name

      6124        274        513          0         96       4252   c_w.l
      2692        192          0          0          0       1600   fz_ws.l
        40          0          0          0          0         68   m_ws.l

    ----------------------------------------------------------------------
      8880        466        515          0         96       5920   Library Totals

    ----------------------------------------------------------------------

==============================================================================


      Code (inc. data)   RO Data    RW Data    ZI Data      Debug   

     23016       1436       1104        184      20232     358295   Grand Totals
     23016       1436       1104        184      20232     358295   ELF Image Totals
     23016       1436       1104        184          0          0   ROM Totals

==============================================================================

    Total RO  Size (Code + RO Data)                24120 (  23.55kB)
    Total RW  Size (RW Data + ZI Data)             20416 (  19.94kB)
    Total ROM Size (Code + RO Data + RW Data)      24304 (  23.73kB)

==============================================================================

