ARM Linker, 5.03 [Build 24] [MDK-ARM Standard]

==============================================================================

Section Cross References

    startup_stm32f10x_md.o(STACK) refers (Special) to heapauxi.o(.text) for __use_two_region_memory
    startup_stm32f10x_md.o(HEAP) refers (Special) to heapauxi.o(.text) for __use_two_region_memory
    startup_stm32f10x_md.o(RESET) refers (Special) to heapauxi.o(.text) for __use_two_region_memory
    startup_stm32f10x_md.o(RESET) refers to startup_stm32f10x_md.o(STACK) for __initial_sp
    startup_stm32f10x_md.o(RESET) refers to startup_stm32f10x_md.o(.text) for Reset_Handler
    startup_stm32f10x_md.o(RESET) refers to stm32f10x_it.o(.text) for NMI_Handler
    startup_stm32f10x_md.o(RESET) refers to dht11.o(.text) for TIM3_IRQHandler
    startup_stm32f10x_md.o(RESET) refers to usart.o(.text) for USART1_IRQHandler
    startup_stm32f10x_md.o(.text) refers (Special) to heapauxi.o(.text) for __use_two_region_memory
    startup_stm32f10x_md.o(.text) refers to system_stm32f10x.o(.text) for SystemInit
    startup_stm32f10x_md.o(.text) refers to __main.o(!!!main) for __main
    startup_stm32f10x_md.o(.text) refers to startup_stm32f10x_md.o(HEAP) for Heap_Mem
    startup_stm32f10x_md.o(.text) refers to startup_stm32f10x_md.o(STACK) for Stack_Mem
    system_stm32f10x.o(.text) refers to system_stm32f10x.o(.data) for SystemCoreClock
    main.o(.text) refers to _printf_percent.o(.ARM.Collect$$_printf_percent$$00000000) for _printf_percent
    main.o(.text) refers to _printf_d.o(.ARM.Collect$$_printf_percent$$00000009) for _printf_d
    main.o(.text) refers to _printf_dec.o(.text) for _printf_int_dec
    main.o(.text) refers to _printf_f.o(.ARM.Collect$$_printf_percent$$00000003) for _printf_f
    main.o(.text) refers to printf1.o(x$fpl$printf1) for _printf_fp_dec
    main.o(.text) refers to delay.o(.text) for delay_init
    main.o(.text) refers to misc.o(.text) for NVIC_PriorityGroupConfig
    main.o(.text) refers to usart.o(.text) for uart_init
    main.o(.text) refers to dht11.o(.text) for TIM3_Int_Init
    main.o(.text) refers to noretval__2printf.o(.text) for __2printf
    main.o(.text) refers to ds18b20.o(.text) for DS18B20_Init
    main.o(.text) refers to fleqf.o(x$fpl$fleqf) for __aeabi_cfcmple
    main.o(.text) refers to f2d.o(x$fpl$f2d) for __aeabi_f2d
    main.o(.text) refers to main.o(.data) for humidity
    dht11.o(.text) refers to _printf_percent.o(.ARM.Collect$$_printf_percent$$00000000) for _printf_percent
    dht11.o(.text) refers to _printf_d.o(.ARM.Collect$$_printf_percent$$00000009) for _printf_d
    dht11.o(.text) refers to _printf_dec.o(.text) for _printf_int_dec
    dht11.o(.text) refers to delay.o(.text) for delay_ms
    dht11.o(.text) refers to stm32f10x_rcc.o(.text) for RCC_APB2PeriphClockCmd
    dht11.o(.text) refers to stm32f10x_gpio.o(.text) for GPIO_Init
    dht11.o(.text) refers to stm32f10x_tim.o(.text) for TIM_TimeBaseInit
    dht11.o(.text) refers to misc.o(.text) for NVIC_Init
    dht11.o(.text) refers to noretval__2printf.o(.text) for __2printf
    dht11.o(.text) refers to main.o(.data) for temperature
    delay.o(.text) refers to misc.o(.text) for SysTick_CLKSourceConfig
    delay.o(.text) refers to system_stm32f10x.o(.data) for SystemCoreClock
    delay.o(.text) refers to delay.o(.data) for fac_us
    usart.o(.text) refers (Special) to use_no_semi_2.o(.text) for __use_no_semihosting
    usart.o(.text) refers to stm32f10x_rcc.o(.text) for RCC_APB2PeriphClockCmd
    usart.o(.text) refers to stm32f10x_gpio.o(.text) for GPIO_Init
    usart.o(.text) refers to misc.o(.text) for NVIC_Init
    usart.o(.text) refers to stm32f10x_usart.o(.text) for USART_Init
    usart.o(.text) refers to usart.o(.data) for USART_RX_STA
    usart.o(.text) refers to usart.o(.bss) for USART_RX_BUF
    usart.o(.bss) refers (Special) to use_no_semi_2.o(.text) for __use_no_semihosting
    usart.o(.data) refers (Special) to use_no_semi_2.o(.text) for __use_no_semihosting
    ds18b20.o(.text) refers to delay.o(.text) for delay_us
    ds18b20.o(.text) refers to stm32f10x_rcc.o(.text) for RCC_APB2PeriphClockCmd
    ds18b20.o(.text) refers to stm32f10x_gpio.o(.text) for GPIO_Init
    ds18b20.o(.text) refers to fflt_clz.o(x$fpl$fflt) for __aeabi_i2f
    ds18b20.o(.text) refers to f2d.o(x$fpl$f2d) for __aeabi_f2d
    ds18b20.o(.text) refers to dmul.o(x$fpl$dmul) for __aeabi_dmul
    ds18b20.o(.text) refers to dfix.o(x$fpl$dfix) for __aeabi_d2iz
    stm32f10x_adc.o(.text) refers to stm32f10x_rcc.o(.text) for RCC_APB2PeriphResetCmd
    stm32f10x_bkp.o(.text) refers to stm32f10x_rcc.o(.text) for RCC_BackupResetCmd
    stm32f10x_can.o(.text) refers to stm32f10x_rcc.o(.text) for RCC_APB1PeriphResetCmd
    stm32f10x_cec.o(.text) refers to stm32f10x_rcc.o(.text) for RCC_APB1PeriphResetCmd
    stm32f10x_dac.o(.text) refers to stm32f10x_rcc.o(.text) for RCC_APB1PeriphResetCmd
    stm32f10x_gpio.o(.text) refers to stm32f10x_rcc.o(.text) for RCC_APB2PeriphResetCmd
[...]
    libinit2.o(.ARM.Collect$$libinit$$00000012) refers to libinit2.o(.ARM.Collect$$libinit$$0000000D) for .ARM.Collect$$libinit$$0000000D
    libinit2.o(.ARM.Collect$$libinit$$00000014) refers to libinit2.o(.ARM.Collect$$libinit$$0000000D) for .ARM.Collect$$libinit$$0000000D
    libinit2.o(.ARM.Collect$$libinit$$00000014) refers (Weak) to lc_numeric_c.o(locale$$code) for _get_lc_numeric
    libinit2.o(.ARM.Collect$$libinit$$00000016) refers to libinit2.o(.ARM.Collect$$libinit$$0000000D) for .ARM.Collect$$libinit$$0000000D
    libinit2.o(.ARM.Collect$$libinit$$00000024) refers to argv_veneer.o(.emb_text) for __ARM_argv_veneer
    libinit2.o(.ARM.Collect$$libinit$$00000025) refers to argv_veneer.o(.emb_text) for __ARM_argv_veneer
    rtexit.o(.ARM.Collect$$rtexit$$00000000) refers (Special) to rtexit2.o(.ARM.Collect$$rtexit$$00000004) for __rt_exit_exit
    rtexit.o(.ARM.Collect$$rtexit$$00000000) refers (Special) to rtexit2.o(.ARM.Collect$$rtexit$$00000003) for __rt_exit_ls
    rtexit.o(.ARM.Collect$$rtexit$$00000000) refers (Special) to rtexit2.o(.ARM.Collect$$rtexit$$00000002) for __rt_exit_prels_1
    rtexit.o(.ARM.exidx) refers (Special) to rtexit2.o(.ARM.Collect$$rtexit$$00000004) for __rt_exit_exit
    rtexit.o(.ARM.exidx) refers (Special) to rtexit2.o(.ARM.Collect$$rtexit$$00000003) for __rt_exit_ls
    rtexit.o(.ARM.exidx) refers (Special) to rtexit2.o(.ARM.Collect$$rtexit$$00000002) for __rt_exit_prels_1
    rtexit.o(.ARM.exidx) refers to rtexit.o(.ARM.Collect$$rtexit$$00000000) for .ARM.Collect$$rtexit$$00000000
    argv_veneer.o(.emb_text) refers to no_argv.o(.text) for __ARM_get_argv
    rtexit2.o(.ARM.Collect$$rtexit$$00000003) refers to libshutdown.o(.ARM.Collect$$libshutdown$$00000000) for __rt_lib_shutdown
    rtexit2.o(.ARM.Collect$$rtexit$$00000004) refers to usart.o(.text) for _sys_exit
    rtexit2.o(.ARM.exidx) refers to rtexit2.o(.ARM.Collect$$rtexit$$00000001) for .ARM.Collect$$rtexit$$00000001
    rtexit2.o(.ARM.exidx) refers to rtexit2.o(.ARM.Collect$$rtexit$$00000003) for .ARM.Collect$$rtexit$$00000003
    rtexit2.o(.ARM.exidx) refers to rtexit2.o(.ARM.Collect$$rtexit$$00000004) for .ARM.Collect$$rtexit$$00000004
    _get_argv_nomalloc.o(.text) refers (Special) to hrguard.o(.text) for __heap_region$guard
    _get_argv_nomalloc.o(.text) refers to defsig_rtmem_outer.o(.text) for __rt_SIGRTMEM
    _get_argv_nomalloc.o(.text) refers to sys_command.o(.text) for _sys_command_string
    sys_command.o(.text) refers (Special) to use_no_semi.o(.text) for __I$use$semihosting
    sys_command.o(.text) refers (Special) to indicate_semi.o(.text) for __semihosting_library_function
    defsig_rtmem_outer.o(.text) refers to defsig_rtmem_inner.o(.text) for __rt_SIGRTMEM_inner
    defsig_rtmem_outer.o(.text) refers to defsig_exit.o(.text) for __sig_exit
    defsig_rtmem_formal.o(.text) refers to rt_raise.o(.text) for __rt_raise
    libshutdown.o(.ARM.Collect$$libshutdown$$00000000) refers (Special) to libshutdown2.o(.ARM.Collect$$libshutdown$$00000006) for __rt_lib_shutdown_fp_trap_1
    libshutdown.o(.ARM.Collect$$libshutdown$$00000000) refers (Special) to libshutdown2.o(.ARM.Collect$$libshutdown$$0000000E) for __rt_lib_shutdown_heap_1
    libshutdown.o(.ARM.Collect$$libshutdown$$00000000) refers (Special) to libshutdown2.o(.ARM.Collect$$libshutdown$$0000000F) for __rt_lib_shutdown_return
    libshutdown.o(.ARM.Collect$$libshutdown$$00000000) refers (Special) to libshutdown2.o(.ARM.Collect$$libshutdown$$00000009) for __rt_lib_shutdown_signal_1
    libshutdown.o(.ARM.Collect$$libshutdown$$00000000) refers (Special) to libshutdown2.o(.ARM.Collect$$libshutdown$$00000003) for __rt_lib_shutdown_stdio_1
    libshutdown.o(.ARM.Collect$$libshutdown$$00000000) refers (Special) to libshutdown2.o(.ARM.Collect$$libshutdown$$0000000B) for __rt_lib_shutdown_user_alloc_1
    rt_raise.o(.text) refers to __raise.o(.text) for __raise
    rt_raise.o(.text) refers to usart.o(.text) for _sys_exit
    defsig_exit.o(.text) refers to usart.o(.text) for _sys_exit
    defsig_rtmem_inner.o(.text) refers to defsig_general.o(.text) for __default_signal_display
    __raise.o(.text) refers to defsig.o(CL$$defsig) for __default_signal_handler
    defsig_general.o(.text) refers to sys_wrch.o(.text) for _ttywrch
    sys_wrch.o(.text) refers (Special) to use_no_semi.o(.text) for __I$use$semihosting
    sys_wrch.o(.text) refers (Special) to indicate_semi.o(.text) for __semihosting_library_function
    defsig.o(CL$$defsig) refers to defsig_rtmem_inner.o(.text) for __rt_SIGRTMEM_inner
    defsig_abrt_inner.o(.text) refers to defsig_general.o(.text) for __default_signal_display
    defsig_fpe_inner.o(.text) refers to defsig_general.o(.text) for __default_signal_display
    defsig_rtred_inner.o(.text) refers to defsig_general.o(.text) for __default_signal_display
    defsig_stak_inner.o(.text) refers to defsig_general.o(.text) for __default_signal_display
    defsig_pvfn_inner.o(.text) refers to defsig_general.o(.text) for __default_signal_display
    defsig_cppl_inner.o(.text) refers to defsig_general.o(.text) for __default_signal_display
    defsig_segv_inner.o(.text) refers to defsig_general.o(.text) for __default_signal_display
    defsig_other.o(.text) refers to defsig_general.o(.text) for __default_signal_display


==============================================================================

Removing Unused input sections from the image.

    Removing sys.o(.emb_text), (6 bytes).
    Removing sys.o(.text), (12 bytes).
    Removing core_cm3.o(.emb_text), (32 bytes).
    Removing stm32f10x_adc.o(.text), (1102 bytes).
    Removing stm32f10x_bkp.o(.text), (196 bytes).
    Removing stm32f10x_can.o(.text), (2536 bytes).
    Removing stm32f10x_cec.o(.text), (288 bytes).
    Removing stm32f10x_crc.o(.text), (72 bytes).
    Removing stm32f10x_dac.o(.text), (396 bytes).
    Removing stm32f10x_dbgmcu.o(.text), (48 bytes).
    Removing stm32f10x_dma.o(.text), (592 bytes).
    Removing stm32f10x_exti.o(.text), (284 bytes).
    Removing stm32f10x_flash.o(.text), (1468 bytes).
    Removing stm32f10x_fsmc.o(.text), (1560 bytes).
    Removing stm32f10x_i2c.o(.text), (1028 bytes).
    Removing stm32f10x_iwdg.o(.text), (64 bytes).
    Removing stm32f10x_pwr.o(.text), (204 bytes).
    Removing stm32f10x_rtc.o(.text), (324 bytes).
    Removing stm32f10x_sdio.o(.text), (472 bytes).
    Removing stm32f10x_spi.o(.text), (780 bytes).
    Removing stm32f10x_wwdg.o(.text), (136 bytes).

21 unused section(s) (total 11600 bytes) removed from the image.

==============================================================================

Image Symbol Table

    Local Symbols

    Symbol Name                              Value     Ov Type        Size  Object(Section)

    ../clib/angel/boardlib.s                 0x00000000   Number         0  boardshut.o ABSOLUTE
    ../clib/angel/boardlib.s                 0x00000000   Number         0  boardinit1.o ABSOLUTE
    ../clib/angel/boardlib.s                 0x00000000   Number         0  boardinit2.o ABSOLUTE
    ../clib/angel/boardlib.s                 0x00000000   Number         0  boardinit3.o ABSOLUTE
    ../clib/angel/handlers.s                 0x00000000   Number         0  __scatter_zi.o ABSOLUTE
    ../clib/angel/handlers.s                 0x00000000   Number         0  __scatter_copy.o ABSOLUTE
    ../clib/angel/kernel.s                   0x00000000   Number         0  rtentry.o ABSOLUTE
    ../clib/angel/kernel.s                   0x00000000   Number         0  rtentry4.o ABSOLUTE
    ../clib/angel/kernel.s                   0x00000000   Number         0  rtexit2.o ABSOLUTE
    ../clib/angel/kernel.s                   0x00000000   Number         0  rtexit.o ABSOLUTE
    ../clib/angel/kernel.s                   0x00000000   Number         0  rtentry2.o ABSOLUTE
    ../clib/angel/rt.s                       0x00000000   Number         0  rt_locale.o ABSOLUTE
    ../clib/angel/rt.s                       0x00000000   Number         0  rt_locale_intlibspace.o ABSOLUTE
    ../clib/angel/rt.s                       0x00000000   Number         0  rt_raise.o ABSOLUTE
    ../clib/angel/scatter.s                  0x00000000   Number         0  __scatter.o ABSOLUTE
    ../clib/angel/startup.s                  0x00000000   Number         0  __main.o ABSOLUTE
    ../clib/angel/sys.s                      0x00000000   Number         0  use_no_semi.o ABSOLUTE
    ../clib/angel/sys.s                      0x00000000   Number         0  libspace.o ABSOLUTE
    ../clib/angel/sys.s                      0x00000000   Number         0  sys_stackheap_outer.o ABSOLUTE
    ../clib/angel/sys.s                      0x00000000   Number         0  use_no_semi_2.o ABSOLUTE
    ../clib/angel/sys.s                      0x00000000   Number         0  indicate_semi.o ABSOLUTE
    ../clib/angel/sysapp.c                   0x00000000   Number         0  sys_wrch.o ABSOLUTE
    ../clib/angel/sysapp.c                   0x00000000   Number         0  sys_command.o ABSOLUTE
    ../clib/armsys.c                         0x00000000   Number         0  argv_veneer.o ABSOLUTE
    ../clib/armsys.c                         0x00000000   Number         0  no_argv.o ABSOLUTE
    ../clib/armsys.c                         0x00000000   Number         0  _get_argv_nomalloc.o ABSOLUTE
    ../clib/armsys.c                         0x00000000   Number         0  argv_veneer.o ABSOLUTE
    ../clib/bigflt.c                         0x00000000   Number         0  bigflt0.o ABSOLUTE
    ../clib/btod.s                           0x00000000   Number         0  btod.o ABSOLUTE
    ../clib/heapalloc.c                      0x00000000   Number         0  hrguard.o ABSOLUTE
    ../clib/heapaux.c                        0x00000000   Number         0  heapauxi.o ABSOLUTE
    ../clib/libinit.s                        0x00000000   Number         0  libinit.o ABSOLUTE
    ../clib/libinit.s                        0x00000000   Number         0  libinit2.o ABSOLUTE
    ../clib/libinit.s                        0x00000000   Number         0  libshutdown2.o ABSOLUTE
    ../clib/libinit.s                        0x00000000   Number         0  libshutdown.o ABSOLUTE
    ../clib/locale.s                         0x00000000   Number         0  lc_numeric_c.o ABSOLUTE
    ../clib/longlong.s                       0x00000000   Number         0  lludiv10.o ABSOLUTE
    ../clib/memcpset.s                       0x00000000   Number         0  strcmpv7m.o ABSOLUTE
    ../clib/misc.s                           0x00000000   Number         0  printf_stubs.o ABSOLUTE
    ../clib/printf.c                         0x00000000   Number         0  __printf_ss.o ABSOLUTE
    ../clib/printf.c                         0x00000000   Number         0  __printf_flags_ss.o ABSOLUTE
    ../clib/printf.c                         0x00000000   Number         0  __printf_flags_wp.o ABSOLUTE
    ../clib/printf.c                         0x00000000   Number         0  __printf_ss_wp.o ABSOLUTE
    ../clib/printf.c                         0x00000000   Number         0  __printf_flags_ss_wp.o ABSOLUTE
    ../clib/printf.c                         0x00000000   Number         0  __printf_nopercent.o ABSOLUTE
    ../clib/printf.c                         0x00000000   Number         0  _printf_fp_dec.o ABSOLUTE
    ../clib/printf.c                         0x00000000   Number         0  _printf_fp_infnan.o ABSOLUTE
    ../clib/printf.c                         0x00000000   Number         0  _printf_char_file.o ABSOLUTE
    ../clib/printf.c                         0x00000000   Number         0  _printf_char_common.o ABSOLUTE
    ../clib/printf.c                         0x00000000   Number         0  _printf_intcommon.o ABSOLUTE
    ../clib/printf.c                         0x00000000   Number         0  __2printf.o ABSOLUTE
    ../clib/printf.c                         0x00000000   Number         0  __printf_wp.o ABSOLUTE
    ../clib/printf.c                         0x00000000   Number         0  noretval__2printf.o ABSOLUTE
    ../clib/printf.c                         0x00000000   Number         0  __printf.o ABSOLUTE
    ../clib/printf.c                         0x00000000   Number         0  _printf_dec.o ABSOLUTE
    ../clib/printf.c                         0x00000000   Number         0  __printf_flags.o ABSOLUTE
    ../clib/printf_percent.s                 0x00000000   Number         0  _printf_d.o ABSOLUTE
    ../clib/printf_percent.s                 0x00000000   Number         0  _printf_f.o ABSOLUTE
    ../clib/printf_percent.s                 0x00000000   Number         0  _printf_percent.o ABSOLUTE
    ../clib/printf_percent.s                 0x00000000   Number         0  _printf_percent_end.o ABSOLUTE
    ../clib/signal.c                         0x00000000   Number         0  __raise.o ABSOLUTE
    ../clib/signal.c                         0x00000000   Number         0  defsig_other.o ABSOLUTE
    ../clib/signal.c                         0x00000000   Number         0  defsig_segv_inner.o ABSOLUTE
    ../clib/signal.c                         0x00000000   Number         0  defsig_cppl_inner.o ABSOLUTE
    ../clib/signal.c                         0x00000000   Number         0  defsig_pvfn_inner.o ABSOLUTE
    ../clib/signal.c                         0x00000000   Number         0  defsig_stak_inner.o ABSOLUTE
    ../clib/signal.c                         0x00000000   Number         0  defsig_fpe_inner.o ABSOLUTE
    ../clib/signal.c                         0x00000000   Number         0  defsig_abrt_inner.o ABSOLUTE
    ../clib/signal.c                         0x00000000   Number         0  defsig_general.o ABSOLUTE
    ../clib/signal.c                         0x00000000   Number         0  defsig_rtmem_inner.o ABSOLUTE
    ../clib/signal.c                         0x00000000   Number         0  defsig_exit.o ABSOLUTE
    ../clib/signal.c                         0x00000000   Number         0  defsig_rtred_inner.o ABSOLUTE
    ../clib/signal.c                         0x00000000   Number         0  defsig_rtmem_formal.o ABSOLUTE
    ../clib/signal.c                         0x00000000   Number         0  defsig_rtmem_outer.o ABSOLUTE
    ../clib/signal.s                         0x00000000   Number         0  defsig.o ABSOLUTE
    ../clib/stdio.c                          0x00000000   Number         0  ferror.o ABSOLUTE
    ../clib/stdio.c                          0x00000000   Number         0  ferror_locked.o ABSOLUTE
    ../clib/stdlib.c                         0x00000000   Number         0  exit.o ABSOLUTE
    ../fplib/dfix.s                          0x00000000   Number         0  dfix.o ABSOLUTE
    ../fplib/dmul.s                          0x00000000   Number         0  dmul.o ABSOLUTE
    ../fplib/dnaninf.s                       0x00000000   Number         0  dnaninf.o ABSOLUTE
    ../fplib/dretinf.s                       0x00000000   Number         0  dretinf.o ABSOLUTE
    ../fplib/f2d.s                           0x00000000   Number         0  f2d.o ABSOLUTE
    ../fplib/fcmpi.s                         0x00000000   Number         0  fcmpi.o ABSOLUTE
    ../fplib/fflt.s                          0x00000000   Number         0  fflt_clz.o ABSOLUTE
    ../fplib/fleqf.s                         0x00000000   Number         0  fleqf.o ABSOLUTE
    ../fplib/fnaninf.s                       0x00000000   Number         0  fnaninf.o ABSOLUTE
    ../fplib/fpinit.s                        0x00000000   Number         0  fpinit.o ABSOLUTE
    ../fplib/istatus.s                       0x00000000   Number         0  istatus.o ABSOLUTE
    ../fplib/printf1.s                       0x00000000   Number         0  printf1.o ABSOLUTE
    ../fplib/usenofp.s                       0x00000000   Number         0  usenofp.o ABSOLUTE
    ../mathlib/fpclassify.c                  0x00000000   Number         0  fpclassify.o ABSOLUTE
    ..\..\CORE\core_cm3.c                    0x00000000   Number         0  core_cm3.o ABSOLUTE
    ..\..\STM32_FWLIB\src\misc.c             0x00000000   Number         0  misc.o ABSOLUTE
    ..\..\STM32_FWLIB\src\stm32f10x_adc.c    0x00000000   Number         0  stm32f10x_adc.o ABSOLUTE
    ..\..\STM32_FWLIB\src\stm32f10x_bkp.c    0x00000000   Number         0  stm32f10x_bkp.o ABSOLUTE
    ..\..\STM32_FWLIB\src\stm32f10x_can.c    0x00000000   Number         0  stm32f10x_can.o ABSOLUTE
    ..\..\STM32_FWLIB\src\stm32f10x_cec.c    0x00000000   Number         0  stm32f10x_cec.o ABSOLUTE
    ..\..\STM32_FWLIB\src\stm32f10x_crc.c    0x00000000   Number         0  stm32f10x_crc.o ABSOLUTE
    ..\..\STM32_FWLIB\src\stm32f10x_dac.c    0x00000000   Number         0  stm32f10x_dac.o ABSOLUTE
    ..\..\STM32_FWLIB\src\stm32f10x_dbgmcu.c 0x00000000   Number         0  stm32f10x_dbgmcu.o ABSOLUTE
    ..\..\STM32_FWLIB\src\stm32f10x_dma.c    0x00000000   Number         0  stm32f10x_dma.o ABSOLUTE
    ..\..\STM32_FWLIB\src\stm32f10x_exti.c   0x00000000   Number         0  stm32f10x_exti.o ABSOLUTE
    ..\..\STM32_FWLIB\src\stm32f10x_flash.c  0x00000000   Number         0  stm32f10x_flash.o ABSOLUTE
    ..\..\STM32_FWLIB\src\stm32f10x_fsmc.c   0x00000000   Number         0  stm32f10x_fsmc.o ABSOLUTE
    ..\..\STM32_FWLIB\src\stm32f10x_gpio.c   0x00000000   Number         0  stm32f10x_gpio.o ABSOLUTE
    ..\..\STM32_FWLIB\src\stm32f10x_i2c.c    0x00000000   Number         0  stm32f10x_i2c.o ABSOLUTE
    ..\..\STM32_FWLIB\src\stm32f10x_iwdg.c   0x00000000   Number         0  stm32f10x_iwdg.o ABSOLUTE
    ..\..\STM32_FWLIB\src\stm32f10x_pwr.c    0x00000000   Number         0  stm32f10x_pwr.o ABSOLUTE
    ..\..\STM32_FWLIB\src\stm32f10x_rcc.c    0x00000000   Number         0  stm32f10x_rcc.o ABSOLUTE
    ..\..\STM32_FWLIB\src\stm32f10x_rtc.c    0x00000000   Number         0  stm32f10x_rtc.o ABSOLUTE
    ..\..\STM32_FWLIB\src\stm32f10x_sdio.c   0x00000000   Number         0  stm32f10x_sdio.o ABSOLUTE
    ..\..\STM32_FWLIB\src\stm32f10x_spi.c    0x00000000   Number         0  stm32f10x_spi.o ABSOLUTE
    ..\..\STM32_FWLIB\src\stm32f10x_tim.c    0x00000000   Number         0  stm32f10x_tim.o ABSOLUTE
    ..\..\STM32_FWLIB\src\stm32f10x_usart.c  0x00000000   Number         0  stm32f10x_usart.o ABSOLUTE
    ..\..\STM32_FWLIB\src\stm32f10x_wwdg.c   0x00000000   Number         0  stm32f10x_wwdg.o ABSOLUTE
    ..\..\SYSTEM\DHT11\dht11.c               0x00000000   Number         0  dht11.o ABSOLUTE
    ..\..\SYSTEM\delay\delay.c               0x00000000   Number         0  delay.o ABSOLUTE
    ..\..\SYSTEM\sys\sys.c                   0x00000000   Number         0  sys.o ABSOLUTE
    ..\..\SYSTEM\usart\usart.c               0x00000000   Number         0  usart.o ABSOLUTE
    ..\..\USER\stm32f10x_it.c                0x00000000   Number         0  stm32f10x_it.o ABSOLUTE
    ..\..\USER\system_stm32f10x.c            0x00000000   Number         0  system_stm32f10x.o ABSOLUTE
    ..\\..\\CORE\\core_cm3.c                 0x00000000   Number         0  core_cm3.o ABSOLUTE
    ..\\..\\SYSTEM\\sys\\sys.c               0x00000000   Number         0  sys.o ABSOLUTE
    dc.s                                     0x00000000   Number         0  dc.o ABSOLUTE
    ds18b20.c                                0x00000000   Number         0  ds18b20.o ABSOLUTE
    main.c                                   0x00000000   Number         0  main.o ABSOLUTE
    startup_stm32f10x_md.s                   0x00000000   Number         0  startup_stm32f10x_md.o ABSOLUTE
    RESET                                    0x08000000   Section      236  startup_stm32f10x_md.o(RESET)
    !!!main                                  0x080000ec   Section        8  __main.o(!!!main)
    !!!scatter                               0x080000f4   Section       52  __scatter.o(!!!scatter)
    !!handler_copy                           0x08000128   Section       26  __scatter_copy.o(!!handler_copy)
    !!handler_zi                             0x08000144   Section       28  __scatter_zi.o(!!handler_zi)
    .ARM.Collect$$_printf_percent$$00000000  0x08000160   Section        0  _printf_percent.o(.ARM.Collect$$_printf_percent$$00000000)
    .ARM.Collect$$_printf_percent$$00000003  0x08000160   Section        6  _printf_f.o(.ARM.Collect$$_printf_percent$$00000003)
    .ARM.Collect$$_printf_percent$$00000009  0x08000166   Section        6  _printf_d.o(.ARM.Collect$$_printf_percent$$00000009)
    .ARM.Collect$$_printf_percent$$00000017  0x0800016c   Section        4  _printf_percent_end.o(.ARM.Collect$$_printf_percent$$00000017)
    .ARM.Collect$$libinit$$00000000          0x08000170   Section        2  libinit.o(.ARM.Collect$$libinit$$00000000)
    .ARM.Collect$$libinit$$00000002          0x08000172   Section        0  libinit2.o(.ARM.Collect$$libinit$$00000002)
    .ARM.Collect$$libinit$$00000008          0x08000172   Section        0  libinit2.o(.ARM.Collect$$libinit$$00000008)
    .ARM.Collect$$libinit$$0000000A          0x08000172   Section        0  libinit2.o(.ARM.Collect$$libinit$$0000000A)
    .ARM.Collect$$libinit$$0000000C          0x08000172   Section        0  libinit2.o(.ARM.Collect$$libinit$$0000000C)
    .ARM.Collect$$libinit$$0000000D          0x08000172   Section        6  libinit2.o(.ARM.Collect$$libinit$$0000000D)
    .ARM.Collect$$libinit$$0000000F          0x08000178   Section        0  libinit2.o(.ARM.Collect$$libinit$$0000000F)
    .ARM.Collect$$libinit$$00000011          0x08000178   Section        0  libinit2.o(.ARM.Collect$$libinit$$00000011)
    .ARM.Collect$$libinit$$00000013          0x08000178   Section        0  libinit2.o(.ARM.Collect$$libinit$$00000013)
    .ARM.Collect$$libinit$$00000014          0x08000178   Section       10  libinit2.o(.ARM.Collect$$libinit$$00000014)
    .ARM.Collect$$libinit$$00000015          0x08000182   Section        0  libinit2.o(.ARM.Collect$$libinit$$00000015)
    .ARM.Collect$$libinit$$00000017          0x08000182   Section        0  libinit2.o(.ARM.Collect$$libinit$$00000017)
    .ARM.Collect$$libinit$$00000019          0x08000182   Section        0  libinit2.o(.ARM.Collect$$libinit$$00000019)
    .ARM.Collect$$libinit$$0000001B          0x08000182   Section        0  libinit2.o(.ARM.Collect$$libinit$$0000001B)
    .ARM.Collect$$libinit$$0000001D          0x08000182   Section        0  libinit2.o(.ARM.Collect$$libinit$$0000001D)
    .ARM.Collect$$libinit$$0000001F          0x08000182   Section        0  libinit2.o(.ARM.Collect$$libinit$$0000001F)
    .ARM.Collect$$libinit$$00000021          0x08000182   Section        0  libinit2.o(.ARM.Collect$$libinit$$00000021)
    .ARM.Collect$$libinit$$00000023          0x08000182   Section        0  libinit2.o(.ARM.Collect$$libinit$$00000023)
    .ARM.Collect$$libinit$$0000002A          0x08000182   Section        0  libinit2.o(.ARM.Collect$$libinit$$0000002A)
    .ARM.Collect$$libinit$$0000002C          0x08000182   Section        0  libinit2.o(.ARM.Collect$$libinit$$0000002C)
    .ARM.Collect$$libinit$$0000002E          0x08000182   Section        0  libinit2.o(.ARM.Collect$$libinit$$0000002E)
    .ARM.Collect$$libinit$$00000030          0x08000182   Section        0  libinit2.o(.ARM.Collect$$libinit$$00000030)
    .ARM.Collect$$libinit$$00000031          0x08000182   Section        2  libinit2.o(.ARM.Collect$$libinit$$00000031)
    .ARM.Collect$$libshutdown$$00000000      0x08000184   Section        2  libshutdown.o(.ARM.Collect$$libshutdown$$00000000)
    .ARM.Collect$$libshutdown$$00000003      0x08000186   Section        0  libshutdown2.o(.ARM.Collect$$libshutdown$$00000003)
    .ARM.Collect$$libshutdown$$00000006      0x08000186   Section        0  libshutdown2.o(.ARM.Collect$$libshutdown$$00000006)
    .ARM.Collect$$libshutdown$$00000009      0x08000186   Section        0  libshutdown2.o(.ARM.Collect$$libshutdown$$00000009)
    .ARM.Collect$$libshutdown$$0000000B      0x08000186   Section        0  libshutdown2.o(.ARM.Collect$$libshutdown$$0000000B)
    .ARM.Collect$$libshutdown$$0000000E      0x08000186   Section        0  libshutdown2.o(.ARM.Collect$$libshutdown$$0000000E)
    .ARM.Collect$$libshutdown$$0000000F      0x08000186   Section        2  libshutdown2.o(.ARM.Collect$$libshutdown$$0000000F)
    .ARM.Collect$$rtentry$$00000000          0x08000188   Section        0  rtentry.o(.ARM.Collect$$rtentry$$00000000)
    .ARM.Collect$$rtentry$$00000002          0x08000188   Section        0  rtentry2.o(.ARM.Collect$$rtentry$$00000002)
    .ARM.Collect$$rtentry$$00000004          0x08000188   Section        6  rtentry4.o(.ARM.Collect$$rtentry$$00000004)
    .ARM.Collect$$rtentry$$00000009          0x0800018e   Section        0  rtentry2.o(.ARM.Collect$$rtentry$$00000009)
    .ARM.Collect$$rtentry$$0000000A          0x0800018e   Section        4  rtentry2.o(.ARM.Collect$$rtentry$$0000000A)
    .ARM.Collect$$rtentry$$0000000C          0x08000192   Section        0  rtentry2.o(.ARM.Collect$$rtentry$$0000000C)
    .ARM.Collect$$rtentry$$0000000D          0x08000192   Section        8  rtentry2.o(.ARM.Collect$$rtentry$$0000000D)
    .ARM.Collect$$rtexit$$00000000           0x0800019a   Section        2  rtexit.o(.ARM.Collect$$rtexit$$00000000)
    .ARM.Collect$$rtexit$$00000002           0x0800019c   Section        0  rtexit2.o(.ARM.Collect$$rtexit$$00000002)
    .ARM.Collect$$rtexit$$00000003           0x0800019c   Section        4  rtexit2.o(.ARM.Collect$$rtexit$$00000003)
    .ARM.Collect$$rtexit$$00000004           0x080001a0   Section        6  rtexit2.o(.ARM.Collect$$rtexit$$00000004)
    .text                                    0x080001a8   Section       64  startup_stm32f10x_md.o(.text)
    .text                                    0x080001e8   Section        0  system_stm32f10x.o(.text)
    SetSysClockTo72                          0x080001e9   Thumb Code   212  system_stm32f10x.o(.text)
    SetSysClock                              0x080002bd   Thumb Code     8  system_stm32f10x.o(.text)
    .text                                    0x080003c4   Section        0  stm32f10x_it.o(.text)
    .text                                    0x080003e0   Section        0  main.o(.text)
    .text                                    0x080004f0   Section        0  dht11.o(.text)
    .text                                    0x0800074c   Section        0  delay.o(.text)
    .text                                    0x0800081c   Section        0  usart.o(.text)
    .text                                    0x0800095c   Section        0  ds18b20.o(.text)
    .text                                    0x08000bd4   Section        0  misc.o(.text)
    .text                                    0x08000cb0   Section        0  stm32f10x_gpio.o(.text)
    .text                                    0x08001008   Section        0  stm32f10x_rcc.o(.text)
    .text                                    0x080013ac   Section        0  stm32f10x_tim.o(.text)
    TI4_Config                               0x08001853   Thumb Code   130  stm32f10x_tim.o(.text)
    TI3_Config                               0x080018e7   Thumb Code   122  stm32f10x_tim.o(.text)
    TI2_Config                               0x0800197b   Thumb Code   130  stm32f10x_tim.o(.text)
    TI1_Config                               0x08001a0f   Thumb Code   108  stm32f10x_tim.o(.text)
    .text                                    0x080021c8   Section        0  stm32f10x_usart.o(.text)
    .text                                    0x080025d0   Section        2  use_no_semi_2.o(.text)
    .text                                    0x080025d4   Section        0  noretval__2printf.o(.text)
    .text                                    0x080025ec   Section        0  _printf_dec.o(.text)
    .text                                    0x08002664   Section        0  __printf_wp.o(.text)
    .text                                    0x08002772   Section        0  heapauxi.o(.text)
    .text                                    0x08002778   Section        2  use_no_semi.o(.text)
    .text                                    0x0800277a   Section        0  _printf_intcommon.o(.text)
    .text                                    0x08002832   Section        0  _printf_fp_dec.o(.text)
    _fp_digits                               0x08002835   Thumb Code   426  _printf_fp_dec.o(.text)
    .text                                    0x08002c54   Section        0  _printf_char_file.o(.text)
    .text                                    0x08002c78   Section        8  rt_locale_intlibspace.o(.text)
    .text                                    0x08002c80   Section      138  lludiv10.o(.text)
    .text                                    0x08002d0c   Section        0  _printf_char_common.o(.text)
    _printf_input_char                       0x08002d0d   Thumb Code    10  _printf_char_common.o(.text)
    .text                                    0x08002d3c   Section        0  _printf_fp_infnan.o(.text)
    .text                                    0x08002dbc   Section        0  bigflt0.o(.text)
    .text                                    0x08002ea0   Section        0  ferror.o(.text)
    .text                                    0x08002ea8   Section        8  libspace.o(.text)
    .text                                    0x08002eb0   Section       74  sys_stackheap_outer.o(.text)
    .text                                    0x08002efa   Section        0  exit.o(.text)
    .text                                    0x08002f08   Section      128  strcmpv7m.o(.text)
    CL$$btod_d2e                             0x08002f88   Section       62  btod.o(CL$$btod_d2e)
    CL$$btod_d2e_denorm_low                  0x08002fc6   Section       70  btod.o(CL$$btod_d2e_denorm_low)
    CL$$btod_d2e_norm_op1                    0x0800300c   Section       96  btod.o(CL$$btod_d2e_norm_op1)
    CL$$btod_div_common                      0x0800306c   Section      824  btod.o(CL$$btod_div_common)
    CL$$btod_e2e                             0x080033a4   Section      198  btod.o(CL$$btod_e2e)
    CL$$btod_ediv                            0x0800346a   Section       40  btod.o(CL$$btod_ediv)
    CL$$btod_emul                            0x08003492   Section       40  btod.o(CL$$btod_emul)
    CL$$btod_mult_common                     0x080034ba   Section      580  btod.o(CL$$btod_mult_common)
    i.__ARM_fpclassify                       0x080036fe   Section        0  fpclassify.o(i.__ARM_fpclassify)
    i._is_digit                              0x08003726   Section        0  __printf_wp.o(i._is_digit)
    locale$$code                             0x08003734   Section       44  lc_numeric_c.o(locale$$code)
    x$fpl$dfix                               0x08003760   Section       94  dfix.o(x$fpl$dfix)
    x$fpl$dmul                               0x080037c0   Section      340  dmul.o(x$fpl$dmul)
    x$fpl$dnaninf                            0x08003914   Section      156  dnaninf.o(x$fpl$dnaninf)
    x$fpl$dretinf                            0x080039b0   Section       12  dretinf.o(x$fpl$dretinf)
    x$fpl$f2d                                0x080039bc   Section       86  f2d.o(x$fpl$f2d)
    x$fpl$fcmpinf                            0x08003a12   Section       24  fcmpi.o(x$fpl$fcmpinf)
    x$fpl$fflt                               0x08003a2c   Section       48  fflt_clz.o(x$fpl$fflt)
    x$fpl$fleqf                              0x08003a5c   Section      104  fleqf.o(x$fpl$fleqf)
    x$fpl$fnaninf                            0x08003ac4   Section      140  fnaninf.o(x$fpl$fnaninf)
    x$fpl$printf1                            0x08003b50   Section        4  printf1.o(x$fpl$printf1)
    .constdata                               0x08003b54   Section      148  bigflt0.o(.constdata)
    x$fpl$usenofp                            0x08003b54   Section        0  usenofp.o(x$fpl$usenofp)
    tenpwrs_x                                0x08003b54   Data          60  bigflt0.o(.constdata)
    tenpwrs_i                                0x08003b90   Data          64  bigflt0.o(.constdata)
    locale$$data                             0x08003c08   Section       28  lc_numeric_c.o(locale$$data)
    __lcnum_c_name                           0x08003c0c   Data           2  lc_numeric_c.o(locale$$data)
    __lcnum_c_start                          0x08003c14   Data           0  lc_numeric_c.o(locale$$data)
    __lcnum_c_point                          0x08003c20   Data           0  lc_numeric_c.o(locale$$data)
    __lcnum_c_thousands                      0x08003c22   Data           0  lc_numeric_c.o(locale$$data)
    __lcnum_c_grouping                       0x08003c23   Data           0  lc_numeric_c.o(locale$$data)
    __lcnum_c_end                            0x08003c24   Data           0  lc_numeric_c.o(locale$$data)
    .data                                    0x20000000   Section       20  system_stm32f10x.o(.data)
    .data                                    0x20000014   Section        2  main.o(.data)
    .data                                    0x20000016   Section        4  delay.o(.data)
    fac_us                                   0x20000016   Data           1  delay.o(.data)
    fac_ms                                   0x20000018   Data           2  delay.o(.data)
    .data                                    0x2000001c   Section        8  usart.o(.data)
    .data                                    0x20000024   Section       20  stm32f10x_rcc.o(.data)
    APBAHBPrescTable                         0x20000024   Data          16  stm32f10x_rcc.o(.data)
    ADCPrescTable                            0x20000034   Data           4  stm32f10x_rcc.o(.data)
    .bss                                     0x20000038   Section      200  usart.o(.bss)
    .bss                                     0x20000100   Section       96  libspace.o(.bss)
    HEAP                                     0x20000160   Section      512  startup_stm32f10x_md.o(HEAP)
    Heap_Mem                                 0x20000160   Data         512  startup_stm32f10x_md.o(HEAP)
    STACK                                    0x20000360   Section     1024  startup_stm32f10x_md.o(STACK)
    Stack_Mem                                0x20000360   Data        1024  startup_stm32f10x_md.o(STACK)
    __initial_sp                             0x20000760   Data           0  startup_stm32f10x_md.o(STACK)

    Global Symbols

    Symbol Name                              Value     Ov Type        Size  Object(Section)

    BuildAttributes$$THM_ISAv4$P$D$K$B$S$PE$A:L22UL41UL21$X:L11$S22US41US21$IEEE1$IW$USESV6$~STKCKD$USESV7$~SHL$OTIME$ROPI$IEEEJ$EBA8$UX$STANDARDLIB$REQ8$PRES8$EABIv2 0x00000000   Number         0  anon$$obj.o ABSOLUTE
    __ARM_use_no_argv                        0x00000000   Number         0  main.o ABSOLUTE
    _printf_flags                            0x00000000   Number         0  printf_stubs.o ABSOLUTE
    _printf_return_value                     0x00000000   Number         0  printf_stubs.o ABSOLUTE
    _printf_sizespec                         0x00000000   Number         0  printf_stubs.o ABSOLUTE
    _printf_widthprec                        0x00000000   Number         0  printf_stubs.o ABSOLUTE
    __ARM_exceptions_init                     - Undefined Weak Reference
    __alloca_initialize                       - Undefined Weak Reference
    __cpp_initialize__aeabi_                  - Undefined Weak Reference
    __cxa_finalize                            - Undefined Weak Reference
    __sigvec_lookup                           - Undefined Weak Reference
    _atexit_init                              - Undefined Weak Reference
    _call_atexit_fns                          - Undefined Weak Reference
    _clock_init                               - Undefined Weak Reference
    _fp_trap_init                             - Undefined Weak Reference
    _fp_trap_shutdown                         - Undefined Weak Reference
    _get_lc_collate                           - Undefined Weak Reference
    _get_lc_ctype                             - Undefined Weak Reference
    _get_lc_monetary                          - Undefined Weak Reference
    _get_lc_time                              - Undefined Weak Reference
    _getenv_init                              - Undefined Weak Reference
    _handle_redirection                       - Undefined Weak Reference
    _init_alloc                               - Undefined Weak Reference
    _init_user_alloc                          - Undefined Weak Reference
    _initio                                   - Undefined Weak Reference
    _mutex_acquire                            - Undefined Weak Reference
    _mutex_release                            - Undefined Weak Reference
    _printf_post_padding                      - Undefined Weak Reference
    _printf_pre_padding                       - Undefined Weak Reference
    _printf_truncate_signed                   - Undefined Weak Reference
    _printf_truncate_unsigned                 - Undefined Weak Reference
    _rand_init                                - Undefined Weak Reference
    _signal_finish                            - Undefined Weak Reference
    _signal_init                              - Undefined Weak Reference
    _terminate_alloc                          - Undefined Weak Reference
    _terminate_user_alloc                     - Undefined Weak Reference
    _terminateio                              - Undefined Weak Reference
    __Vectors_Size                           0x000000ec   Number         0  startup_stm32f10x_md.o ABSOLUTE
    __Vectors                                0x08000000   Data           4  startup_stm32f10x_md.o(RESET)
    __Vectors_End                            0x080000ec   Data           0  startup_stm32f10x_md.o(RESET)
    __main                                   0x080000ed   Thumb Code     8  __main.o(!!!main)
    __scatterload                            0x080000f5   Thumb Code     0  __scatter.o(!!!scatter)
    __scatterload_rt2                        0x080000f5   Thumb Code    44  __scatter.o(!!!scatter)
    __scatterload_rt2_thumb_only             0x080000f5   Thumb Code     0  __scatter.o(!!!scatter)
    __scatterload_null                       0x08000103   Thumb Code     0  __scatter.o(!!!scatter)
    __scatterload_copy                       0x08000129   Thumb Code    26  __scatter_copy.o(!!handler_copy)
    __scatterload_zeroinit                   0x08000145   Thumb Code    28  __scatter_zi.o(!!handler_zi)
    _printf_f                                0x08000161   Thumb Code     0  _printf_f.o(.ARM.Collect$$_printf_percent$$00000003)
    _printf_percent                          0x08000161   Thumb Code     0  _printf_percent.o(.ARM.Collect$$_printf_percent$$00000000)
    _printf_d                                0x08000167   Thumb Code     0  _printf_d.o(.ARM.Collect$$_printf_percent$$00000009)
    _printf_percent_end                      0x0800016d   Thumb Code     0  _printf_percent_end.o(.ARM.Collect$$_printf_percent$$00000017)
    __rt_lib_init                            0x08000171   Thumb Code     0  libinit.o(.ARM.Collect$$libinit$$00000000)
    __rt_lib_init_fp_1                       0x08000173   Thumb Code     0  libinit2.o(.ARM.Collect$$libinit$$00000002)
    __rt_lib_init_heap_1                     0x08000173   Thumb Code     0  libinit2.o(.ARM.Collect$$libinit$$00000008)
    __rt_lib_init_lc_common                  0x08000173   Thumb Code     0  libinit2.o(.ARM.Collect$$libinit$$0000000D)
    __rt_lib_init_rand_1                     0x08000173   Thumb Code     0  libinit2.o(.ARM.Collect$$libinit$$0000000C)
    __rt_lib_init_user_alloc_1               0x08000173   Thumb Code     0  libinit2.o(.ARM.Collect$$libinit$$0000000A)
    __rt_lib_init_lc_collate_1               0x08000179   Thumb Code     0  libinit2.o(.ARM.Collect$$libinit$$0000000F)
    __rt_lib_init_lc_ctype_1                 0x08000179   Thumb Code     0  libinit2.o(.ARM.Collect$$libinit$$00000011)
    __rt_lib_init_lc_monetary_1              0x08000179   Thumb Code     0  libinit2.o(.ARM.Collect$$libinit$$00000013)
    __rt_lib_init_lc_numeric_2               0x08000179   Thumb Code     0  libinit2.o(.ARM.Collect$$libinit$$00000014)
    __rt_lib_init_alloca_1                   0x08000183   Thumb Code     0  libinit2.o(.ARM.Collect$$libinit$$0000002C)
    __rt_lib_init_argv_1                     0x08000183   Thumb Code     0  libinit2.o(.ARM.Collect$$libinit$$0000002A)
    __rt_lib_init_atexit_1                   0x08000183   Thumb Code     0  libinit2.o(.ARM.Collect$$libinit$$00000019)
    __rt_lib_init_clock_1                    0x08000183   Thumb Code     0  libinit2.o(.ARM.Collect$$libinit$$0000001F)
    __rt_lib_init_cpp_1                      0x08000183   Thumb Code     0  libinit2.o(.ARM.Collect$$libinit$$00000030)
    __rt_lib_init_exceptions_1               0x08000183   Thumb Code     0  libinit2.o(.ARM.Collect$$libinit$$0000002E)
    __rt_lib_init_fp_trap_1                  0x08000183   Thumb Code     0  libinit2.o(.ARM.Collect$$libinit$$0000001D)
    __rt_lib_init_getenv_1                   0x08000183   Thumb Code     0  libinit2.o(.ARM.Collect$$libinit$$00000021)
    __rt_lib_init_lc_numeric_1               0x08000183   Thumb Code     0  libinit2.o(.ARM.Collect$$libinit$$00000015)
    __rt_lib_init_lc_time_1                  0x08000183   Thumb Code     0  libinit2.o(.ARM.Collect$$libinit$$00000017)
    __rt_lib_init_return                     0x08000183   Thumb Code     0  libinit2.o(.ARM.Collect$$libinit$$00000031)
    __rt_lib_init_signal_1                   0x08000183   Thumb Code     0  libinit2.o(.ARM.Collect$$libinit$$0000001B)
    __rt_lib_init_stdio_1                    0x08000183   Thumb Code     0  libinit2.o(.ARM.Collect$$libinit$$00000023)
    __rt_lib_shutdown                        0x08000185   Thumb Code     0  libshutdown.o(.ARM.Collect$$libshutdown$$00000000)
    __rt_lib_shutdown_fp_trap_1              0x08000187   Thumb Code     0  libshutdown2.o(.ARM.Collect$$libshutdown$$00000006)
    __rt_lib_shutdown_heap_1                 0x08000187   Thumb Code     0  libshutdown2.o(.ARM.Collect$$libshutdown$$0000000E)
    __rt_lib_shutdown_return                 0x08000187   Thumb Code     0  libshutdown2.o(.ARM.Collect$$libshutdown$$0000000F)
    __rt_lib_shutdown_signal_1               0x08000187   Thumb Code     0  libshutdown2.o(.ARM.Collect$$libshutdown$$00000009)
    __rt_lib_shutdown_stdio_1                0x08000187   Thumb Code     0  libshutdown2.o(.ARM.Collect$$libshutdown$$00000003)
    __rt_lib_shutdown_user_alloc_1           0x08000187   Thumb Code     0  libshutdown2.o(.ARM.Collect$$libshutdown$$0000000B)
    __rt_entry                               0x08000189   Thumb Code     0  rtentry.o(.ARM.Collect$$rtentry$$00000000)
    __rt_entry_presh_1                       0x08000189   Thumb Code     0  rtentry2.o(.ARM.Collect$$rtentry$$00000002)
    __rt_entry_sh                            0x08000189   Thumb Code     0  rtentry4.o(.ARM.Collect$$rtentry$$00000004)
    __rt_entry_li                            0x0800018f   Thumb Code     0  rtentry2.o(.ARM.Collect$$rtentry$$0000000A)
    __rt_entry_postsh_1                      0x0800018f   Thumb Code     0  rtentry2.o(.ARM.Collect$$rtentry$$00000009)
    __rt_entry_main                          0x08000193   Thumb Code     0  rtentry2.o(.ARM.Collect$$rtentry$$0000000D)
    __rt_entry_postli_1                      0x08000193   Thumb Code     0  rtentry2.o(.ARM.Collect$$rtentry$$0000000C)
    __rt_exit                                0x0800019b   Thumb Code     0  rtexit.o(.ARM.Collect$$rtexit$$00000000)
    __rt_exit_ls                             0x0800019d   Thumb Code     0  rtexit2.o(.ARM.Collect$$rtexit$$00000003)
    __rt_exit_prels_1                        0x0800019d   Thumb Code     0  rtexit2.o(.ARM.Collect$$rtexit$$00000002)
    __rt_exit_exit                           0x080001a1   Thumb Code     0  rtexit2.o(.ARM.Collect$$rtexit$$00000004)
    Reset_Handler                            0x080001a9   Thumb Code     8  startup_stm32f10x_md.o(.text)
    ADC1_2_IRQHandler                        0x080001c3   Thumb Code     0  startup_stm32f10x_md.o(.text)
    CAN1_RX1_IRQHandler                      0x080001c3   Thumb Code     0  startup_stm32f10x_md.o(.text)
    CAN1_SCE_IRQHandler                      0x080001c3   Thumb Code     0  startup_stm32f10x_md.o(.text)
    DMA1_Channel1_IRQHandler                 0x080001c3   Thumb Code     0  startup_stm32f10x_md.o(.text)
    DMA1_Channel2_IRQHandler                 0x080001c3   Thumb Code     0  startup_stm32f10x_md.o(.text)
    DMA1_Channel3_IRQHandler                 0x080001c3   Thumb Code     0  startup_stm32f10x_md.o(.text)
    DMA1_Channel4_IRQHandler                 0x080001c3   Thumb Code     0  startup_stm32f10x_md.o(.text)
    DMA1_Channel5_IRQHandler                 0x080001c3   Thumb Code     0  startup_stm32f10x_md.o(.text)
    DMA1_Channel6_IRQHandler                 0x080001c3   Thumb Code     0  startup_stm32f10x_md.o(.text)
    DMA1_Channel7_IRQHandler                 0x080001c3   Thumb Code     0  startup_stm32f10x_md.o(.text)
    EXTI0_IRQHandler                         0x080001c3   Thumb Code     0  startup_stm32f10x_md.o(.text)
    EXTI15_10_IRQHandler                     0x080001c3   Thumb Code     0  startup_stm32f10x_md.o(.text)
    EXTI1_IRQHandler                         0x080001c3   Thumb Code     0  startup_stm32f10x_md.o(.text)
    EXTI2_IRQHandler                         0x080001c3   Thumb Code     0  startup_stm32f10x_md.o(.text)
    EXTI3_IRQHandler                         0x080001c3   Thumb Code     0  startup_stm32f10x_md.o(.text)
    EXTI4_IRQHandler                         0x080001c3   Thumb Code     0  startup_stm32f10x_md.o(.text)
    EXTI9_5_IRQHandler                       0x080001c3   Thumb Code     0  startup_stm32f10x_md.o(.text)
    FLASH_IRQHandler                         0x080001c3   Thumb Code     0  startup_stm32f10x_md.o(.text)
    I2C1_ER_IRQHandler                       0x080001c3   Thumb Code     0  startup_stm32f10x_md.o(.text)
    I2C1_EV_IRQHandler                       0x080001c3   Thumb Code     0  startup_stm32f10x_md.o(.text)
    I2C2_ER_IRQHandler                       0x080001c3   Thumb Code     0  startup_stm32f10x_md.o(.text)
    I2C2_EV_IRQHandler                       0x080001c3   Thumb Code     0  startup_stm32f10x_md.o(.text)
    PVD_IRQHandler                           0x080001c3   Thumb Code     0  startup_stm32f10x_md.o(.text)
    RCC_IRQHandler                           0x080001c3   Thumb Code     0  startup_stm32f10x_md.o(.text)
    RTCAlarm_IRQHandler                      0x080001c3   Thumb Code     0  startup_stm32f10x_md.o(.text)
    RTC_IRQHandler                           0x080001c3   Thumb Code     0  startup_stm32f10x_md.o(.text)
    SPI1_IRQHandler                          0x080001c3   Thumb Code     0  startup_stm32f10x_md.o(.text)
    SPI2_IRQHandler                          0x080001c3   Thumb Code     0  startup_stm32f10x_md.o(.text)
    TAMPER_IRQHandler                        0x080001c3   Thumb Code     0  startup_stm32f10x_md.o(.text)
    TIM1_BRK_IRQHandler                      0x080001c3   Thumb Code     0  startup_stm32f10x_md.o(.text)
    TIM1_CC_IRQHandler                       0x080001c3   Thumb Code     0  startup_stm32f10x_md.o(.text)
    TIM1_TRG_COM_IRQHandler                  0x080001c3   Thumb Code     0  startup_stm32f10x_md.o(.text)
    TIM1_UP_IRQHandler                       0x080001c3   Thumb Code     0  startup_stm32f10x_md.o(.text)
    TIM2_IRQHandler                          0x080001c3   Thumb Code     0  startup_stm32f10x_md.o(.text)
    TIM4_IRQHandler                          0x080001c3   Thumb Code     0  startup_stm32f10x_md.o(.text)
    USART2_IRQHandler                        0x080001c3   Thumb Code     0  startup_stm32f10x_md.o(.text)
    USART3_IRQHandler                        0x080001c3   Thumb Code     0  startup_stm32f10x_md.o(.text)
    USBWakeUp_IRQHandler                     0x080001c3   Thumb Code     0  startup_stm32f10x_md.o(.text)
    USB_HP_CAN1_TX_IRQHandler                0x080001c3   Thumb Code     0  startup_stm32f10x_md.o(.text)
    USB_LP_CAN1_RX0_IRQHandler               0x080001c3   Thumb Code     0  startup_stm32f10x_md.o(.text)
    WWDG_IRQHandler                          0x080001c3   Thumb Code     0  startup_stm32f10x_md.o(.text)
    __user_initial_stackheap                 0x080001c5   Thumb Code     0  startup_stm32f10x_md.o(.text)
    SystemInit                               0x080002c5   Thumb Code    78  system_stm32f10x.o(.text)
    SystemCoreClockUpdate                    0x08000313   Thumb Code   142  system_stm32f10x.o(.text)
    NMI_Handler                              0x080003c5   Thumb Code     2  stm32f10x_it.o(.text)
    HardFault_Handler                        0x080003c7   Thumb Code     4  stm32f10x_it.o(.text)
    MemManage_Handler                        0x080003cb   Thumb Code     4  stm32f10x_it.o(.text)
    BusFault_Handler                         0x080003cf   Thumb Code     4  stm32f10x_it.o(.text)
    UsageFault_Handler                       0x080003d3   Thumb Code     4  stm32f10x_it.o(.text)
    SVC_Handler                              0x080003d7   Thumb Code     2  stm32f10x_it.o(.text)
    DebugMon_Handler                         0x080003d9   Thumb Code     2  stm32f10x_it.o(.text)
    PendSV_Handler                           0x080003db   Thumb Code     2  stm32f10x_it.o(.text)
    SysTick_Handler                          0x080003dd   Thumb Code     2  stm32f10x_it.o(.text)
    main                                     0x080003e1   Thumb Code   176  main.o(.text)
    DHT11_Rst                                0x080004f1   Thumb Code    54  dht11.o(.text)
    DHT11_Check                              0x08000527   Thumb Code    92  dht11.o(.text)
    DHT11_Read_Bit                           0x08000583   Thumb Code    70  dht11.o(.text)
    DHT11_Read_Byte                          0x080005c9   Thumb Code    30  dht11.o(.text)
    DHT11_Read_Data                          0x080005e7   Thumb Code    88  dht11.o(.text)
    DHT11_Init                               0x0800063f   Thumb Code    62  dht11.o(.text)
    TIM3_Int_Init                            0x0800067d   Thumb Code    90  dht11.o(.text)
    TIM3_IRQHandler                          0x080006d7   Thumb Code    42  dht11.o(.text)
    delay_init                               0x0800074d   Thumb Code    50  delay.o(.text)
    delay_us                                 0x0800077f   Thumb Code    70  delay.o(.text)
    delay_ms                                 0x080007c5   Thumb Code    70  delay.o(.text)
    _sys_exit                                0x0800081d   Thumb Code     6  usart.o(.text)
    fputc                                    0x08000823   Thumb Code    22  usart.o(.text)
    uart_init                                0x08000839   Thumb Code   152  usart.o(.text)
    USART1_IRQHandler                        0x080008d1   Thumb Code   122  usart.o(.text)
    DS18B20_Rst                              0x0800095d   Thumb Code    54  ds18b20.o(.text)
    DS18B20_Check                            0x08000993   Thumb Code    92  ds18b20.o(.text)
    DS18B20_Read_Bit                         0x080009ef   Thumb Code    96  ds18b20.o(.text)
    DS18B20_Read_Byte                        0x08000a4f   Thumb Code    34  ds18b20.o(.text)
    DS18B20_Write_Byte                       0x08000a71   Thumb Code   106  ds18b20.o(.text)
    DS18B20_Start                            0x08000adb   Thumb Code    24  ds18b20.o(.text)
    DS18B20_Init                             0x08000af3   Thumb Code    62  ds18b20.o(.text)
    DS18B20_Get_Temp                         0x08000b31   Thumb Code   142  ds18b20.o(.text)
    NVIC_PriorityGroupConfig                 0x08000bd5   Thumb Code    10  misc.o(.text)
    NVIC_Init                                0x08000bdf   Thumb Code   102  misc.o(.text)
    NVIC_SetVectorTable                      0x08000c45   Thumb Code    14  misc.o(.text)
    NVIC_SystemLPConfig                      0x08000c53   Thumb Code    34  misc.o(.text)
    SysTick_CLKSourceConfig                  0x08000c75   Thumb Code    40  misc.o(.text)
    GPIO_DeInit                              0x08000cb1   Thumb Code   172  stm32f10x_gpio.o(.text)
    GPIO_AFIODeInit                          0x08000d5d   Thumb Code    20  stm32f10x_gpio.o(.text)
    GPIO_Init                                0x08000d71   Thumb Code   274  stm32f10x_gpio.o(.text)
    GPIO_StructInit                          0x08000e83   Thumb Code    16  stm32f10x_gpio.o(.text)
    GPIO_ReadInputDataBit                    0x08000e93   Thumb Code    18  stm32f10x_gpio.o(.text)
    GPIO_ReadInputData                       0x08000ea5   Thumb Code     8  stm32f10x_gpio.o(.text)
    GPIO_ReadOutputDataBit                   0x08000ead   Thumb Code    18  stm32f10x_gpio.o(.text)
    GPIO_ReadOutputData                      0x08000ebf   Thumb Code     8  stm32f10x_gpio.o(.text)
    GPIO_SetBits                             0x08000ec7   Thumb Code     4  stm32f10x_gpio.o(.text)
    GPIO_ResetBits                           0x08000ecb   Thumb Code     4  stm32f10x_gpio.o(.text)
    GPIO_WriteBit                            0x08000ecf   Thumb Code    10  stm32f10x_gpio.o(.text)
    GPIO_Write                               0x08000ed9   Thumb Code     4  stm32f10x_gpio.o(.text)
    GPIO_PinLockConfig                       0x08000edd   Thumb Code    18  stm32f10x_gpio.o(.text)
    GPIO_EventOutputConfig                   0x08000eef   Thumb Code    26  stm32f10x_gpio.o(.text)
    GPIO_EventOutputCmd                      0x08000f09   Thumb Code     6  stm32f10x_gpio.o(.text)
    GPIO_PinRemapConfig                      0x08000f0f   Thumb Code   138  stm32f10x_gpio.o(.text)
    GPIO_EXTILineConfig                      0x08000f99   Thumb Code    66  stm32f10x_gpio.o(.text)
    GPIO_ETH_MediaInterfaceConfig            0x08000fdb   Thumb Code     6  stm32f10x_gpio.o(.text)
    RCC_DeInit                               0x08001009   Thumb Code    64  stm32f10x_rcc.o(.text)
    RCC_HSEConfig                            0x08001049   Thumb Code    70  stm32f10x_rcc.o(.text)
    RCC_GetFlagStatus                        0x0800108f   Thumb Code    56  stm32f10x_rcc.o(.text)
    RCC_WaitForHSEStartUp                    0x080010c7   Thumb Code    56  stm32f10x_rcc.o(.text)
    RCC_AdjustHSICalibrationValue            0x080010ff   Thumb Code    20  stm32f10x_rcc.o(.text)
    RCC_HSICmd                               0x08001113   Thumb Code     6  stm32f10x_rcc.o(.text)
    RCC_PLLConfig                            0x08001119   Thumb Code    24  stm32f10x_rcc.o(.text)
    RCC_PLLCmd                               0x08001131   Thumb Code     6  stm32f10x_rcc.o(.text)
    RCC_SYSCLKConfig                         0x08001137   Thumb Code    18  stm32f10x_rcc.o(.text)
    RCC_GetSYSCLKSource                      0x08001149   Thumb Code    10  stm32f10x_rcc.o(.text)
    RCC_HCLKConfig                           0x08001153   Thumb Code    18  stm32f10x_rcc.o(.text)
    RCC_PCLK1Config                          0x08001165   Thumb Code    18  stm32f10x_rcc.o(.text)
    RCC_PCLK2Config                          0x08001177   Thumb Code    20  stm32f10x_rcc.o(.text)
    RCC_ITConfig                             0x0800118b   Thumb Code    26  stm32f10x_rcc.o(.text)
    RCC_USBCLKConfig                         0x080011a5   Thumb Code     6  stm32f10x_rcc.o(.text)
    RCC_ADCCLKConfig                         0x080011ab   Thumb Code    18  stm32f10x_rcc.o(.text)
    RCC_LSEConfig                            0x080011bd   Thumb Code    44  stm32f10x_rcc.o(.text)
    RCC_LSICmd                               0x080011e9   Thumb Code     6  stm32f10x_rcc.o(.text)
    RCC_RTCCLKConfig                         0x080011ef   Thumb Code    12  stm32f10x_rcc.o(.text)
    RCC_RTCCLKCmd                            0x080011fb   Thumb Code     8  stm32f10x_rcc.o(.text)
    RCC_GetClocksFreq                        0x08001203   Thumb Code   192  stm32f10x_rcc.o(.text)
    RCC_AHBPeriphClockCmd                    0x080012c3   Thumb Code    26  stm32f10x_rcc.o(.text)
    RCC_APB2PeriphClockCmd                   0x080012dd   Thumb Code    26  stm32f10x_rcc.o(.text)
    RCC_APB1PeriphClockCmd                   0x080012f7   Thumb Code    26  stm32f10x_rcc.o(.text)
    RCC_APB2PeriphResetCmd                   0x08001311   Thumb Code    26  stm32f10x_rcc.o(.text)
    RCC_APB1PeriphResetCmd                   0x0800132b   Thumb Code    26  stm32f10x_rcc.o(.text)
    RCC_BackupResetCmd                       0x08001345   Thumb Code     8  stm32f10x_rcc.o(.text)
    RCC_ClockSecuritySystemCmd               0x0800134d   Thumb Code     6  stm32f10x_rcc.o(.text)
    RCC_MCOConfig                            0x08001353   Thumb Code     6  stm32f10x_rcc.o(.text)
    RCC_ClearFlag                            0x08001359   Thumb Code    14  stm32f10x_rcc.o(.text)
    RCC_GetITStatus                          0x08001367   Thumb Code    20  stm32f10x_rcc.o(.text)
    RCC_ClearITPendingBit                    0x0800137b   Thumb Code     6  stm32f10x_rcc.o(.text)
    TIM_DeInit                               0x080013ad   Thumb Code   424  stm32f10x_tim.o(.text)
    TIM_TimeBaseInit                         0x08001555   Thumb Code   122  stm32f10x_tim.o(.text)
    TIM_OC1Init                              0x080015cf   Thumb Code   132  stm32f10x_tim.o(.text)
    TIM_OC2Init                              0x08001653   Thumb Code   154  stm32f10x_tim.o(.text)
    TIM_OC3Init                              0x080016ed   Thumb Code   150  stm32f10x_tim.o(.text)
    TIM_OC4Init                              0x08001783   Thumb Code   182  stm32f10x_tim.o(.text)
    TIM_SetIC4Prescaler                      0x08001839   Thumb Code    26  stm32f10x_tim.o(.text)
    TIM_SetIC3Prescaler                      0x080018d5   Thumb Code    18  stm32f10x_tim.o(.text)
    TIM_SetIC2Prescaler                      0x08001961   Thumb Code    26  stm32f10x_tim.o(.text)
    TIM_SetIC1Prescaler                      0x080019fd   Thumb Code    18  stm32f10x_tim.o(.text)
    TIM_ICInit                               0x08001a7b   Thumb Code   150  stm32f10x_tim.o(.text)
    TIM_PWMIConfig                           0x08001b11   Thumb Code   124  stm32f10x_tim.o(.text)
    TIM_BDTRConfig                           0x08001b8d   Thumb Code    32  stm32f10x_tim.o(.text)
    TIM_TimeBaseStructInit                   0x08001bad   Thumb Code    18  stm32f10x_tim.o(.text)
    TIM_OCStructInit                         0x08001bbf   Thumb Code    20  stm32f10x_tim.o(.text)
    TIM_ICStructInit                         0x08001bd3   Thumb Code    18  stm32f10x_tim.o(.text)
    TIM_BDTRStructInit                       0x08001be5   Thumb Code    40  stm32f10x_tim.o(.text)
    TIM_Cmd                                  0x08001c0d   Thumb Code    24  stm32f10x_tim.o(.text)
    TIM_CtrlPWMOutputs                       0x08001c25   Thumb Code    30  stm32f10x_tim.o(.text)
    TIM_ITConfig                             0x08001c43   Thumb Code    18  stm32f10x_tim.o(.text)
    TIM_GenerateEvent                        0x08001c55   Thumb Code     4  stm32f10x_tim.o(.text)
    TIM_DMAConfig                            0x08001c59   Thumb Code    10  stm32f10x_tim.o(.text)
    TIM_DMACmd                               0x08001c63   Thumb Code    18  stm32f10x_tim.o(.text)
    TIM_InternalClockConfig                  0x08001c75   Thumb Code    12  stm32f10x_tim.o(.text)
    TIM_SelectInputTrigger                   0x08001c81   Thumb Code    18  stm32f10x_tim.o(.text)
    TIM_ITRxExternalClockConfig              0x08001c93   Thumb Code    24  stm32f10x_tim.o(.text)
    TIM_TIxExternalClockConfig               0x08001cab   Thumb Code    62  stm32f10x_tim.o(.text)
    TIM_ETRConfig                            0x08001ce9   Thumb Code    28  stm32f10x_tim.o(.text)
    TIM_ETRClockMode1Config                  0x08001d05   Thumb Code    54  stm32f10x_tim.o(.text)
    TIM_ETRClockMode2Config                  0x08001d3b   Thumb Code    32  stm32f10x_tim.o(.text)
    TIM_PrescalerConfig                      0x08001d5b   Thumb Code     6  stm32f10x_tim.o(.text)
    TIM_CounterModeConfig                    0x08001d61   Thumb Code    18  stm32f10x_tim.o(.text)
    TIM_EncoderInterfaceConfig               0x08001d73   Thumb Code    66  stm32f10x_tim.o(.text)
    TIM_ForcedOC1Config                      0x08001db5   Thumb Code    18  stm32f10x_tim.o(.text)
    TIM_ForcedOC2Config                      0x08001dc7   Thumb Code    26  stm32f10x_tim.o(.text)
    TIM_ForcedOC3Config                      0x08001de1   Thumb Code    18  stm32f10x_tim.o(.text)
    TIM_ForcedOC4Config                      0x08001df3   Thumb Code    26  stm32f10x_tim.o(.text)
    TIM_ARRPreloadConfig                     0x08001e0d   Thumb Code    24  stm32f10x_tim.o(.text)
    TIM_SelectCOM                            0x08001e25   Thumb Code    24  stm32f10x_tim.o(.text)
    TIM_SelectCCDMA                          0x08001e3d   Thumb Code    24  stm32f10x_tim.o(.text)
    TIM_CCPreloadControl                     0x08001e55   Thumb Code    24  stm32f10x_tim.o(.text)
    TIM_OC1PreloadConfig                     0x08001e6d   Thumb Code    18  stm32f10x_tim.o(.text)
    TIM_OC2PreloadConfig                     0x08001e7f   Thumb Code    26  stm32f10x_tim.o(.text)
    TIM_OC3PreloadConfig                     0x08001e99   Thumb Code    18  stm32f10x_tim.o(.text)
    TIM_OC4PreloadConfig                     0x08001eab   Thumb Code    26  stm32f10x_tim.o(.text)
    TIM_OC1FastConfig                        0x08001ec5   Thumb Code    18  stm32f10x_tim.o(.text)
    TIM_OC2FastConfig                        0x08001ed7   Thumb Code    26  stm32f10x_tim.o(.text)
    TIM_OC3FastConfig                        0x08001ef1   Thumb Code    18  stm32f10x_tim.o(.text)
    TIM_OC4FastConfig                        0x08001f03   Thumb Code    26  stm32f10x_tim.o(.text)
    TIM_ClearOC1Ref                          0x08001f1d   Thumb Code    18  stm32f10x_tim.o(.text)
    TIM_ClearOC2Ref                          0x08001f2f   Thumb Code    24  stm32f10x_tim.o(.text)
    TIM_ClearOC3Ref                          0x08001f47   Thumb Code    18  stm32f10x_tim.o(.text)
    TIM_ClearOC4Ref                          0x08001f59   Thumb Code    24  stm32f10x_tim.o(.text)
    TIM_OC1PolarityConfig                    0x08001f71   Thumb Code    18  stm32f10x_tim.o(.text)
    TIM_OC1NPolarityConfig                   0x08001f83   Thumb Code    18  stm32f10x_tim.o(.text)
    TIM_OC2PolarityConfig                    0x08001f95   Thumb Code    26  stm32f10x_tim.o(.text)
    TIM_OC2NPolarityConfig                   0x08001faf   Thumb Code    26  stm32f10x_tim.o(.text)
    TIM_OC3PolarityConfig                    0x08001fc9   Thumb Code    26  stm32f10x_tim.o(.text)
    TIM_OC3NPolarityConfig                   0x08001fe3   Thumb Code    26  stm32f10x_tim.o(.text)
    TIM_OC4PolarityConfig                    0x08001ffd   Thumb Code    26  stm32f10x_tim.o(.text)
    TIM_CCxCmd                               0x08002017   Thumb Code    30  stm32f10x_tim.o(.text)
    TIM_CCxNCmd                              0x08002035   Thumb Code    30  stm32f10x_tim.o(.text)
    TIM_SelectOCxM                           0x08002053   Thumb Code    82  stm32f10x_tim.o(.text)
    TIM_UpdateDisableConfig                  0x080020a5   Thumb Code    24  stm32f10x_tim.o(.text)
    TIM_UpdateRequestConfig                  0x080020bd   Thumb Code    24  stm32f10x_tim.o(.text)
    TIM_SelectHallSensor                     0x080020d5   Thumb Code    24  stm32f10x_tim.o(.text)
    TIM_SelectOnePulseMode                   0x080020ed   Thumb Code    18  stm32f10x_tim.o(.text)
    TIM_SelectOutputTrigger                  0x080020ff   Thumb Code    18  stm32f10x_tim.o(.text)
    TIM_SelectSlaveMode                      0x08002111   Thumb Code    18  stm32f10x_tim.o(.text)
    TIM_SelectMasterSlaveMode                0x08002123   Thumb Code    18  stm32f10x_tim.o(.text)
    TIM_SetCounter                           0x08002135   Thumb Code     4  stm32f10x_tim.o(.text)
    TIM_SetAutoreload                        0x08002139   Thumb Code     4  stm32f10x_tim.o(.text)
    TIM_SetCompare1                          0x0800213d   Thumb Code     4  stm32f10x_tim.o(.text)
    TIM_SetCompare2                          0x08002141   Thumb Code     4  stm32f10x_tim.o(.text)
    TIM_SetCompare3                          0x08002145   Thumb Code     4  stm32f10x_tim.o(.text)
    TIM_SetCompare4                          0x08002149   Thumb Code     6  stm32f10x_tim.o(.text)
    TIM_SetClockDivision                     0x0800214f   Thumb Code    18  stm32f10x_tim.o(.text)
    TIM_GetCapture1                          0x08002161   Thumb Code     6  stm32f10x_tim.o(.text)
    TIM_GetCapture2                          0x08002167   Thumb Code     6  stm32f10x_tim.o(.text)
    TIM_GetCapture3                          0x0800216d   Thumb Code     6  stm32f10x_tim.o(.text)
    TIM_GetCapture4                          0x08002173   Thumb Code     8  stm32f10x_tim.o(.text)
    TIM_GetCounter                           0x0800217b   Thumb Code     6  stm32f10x_tim.o(.text)
    TIM_GetPrescaler                         0x08002181   Thumb Code     6  stm32f10x_tim.o(.text)
    TIM_GetFlagStatus                        0x08002187   Thumb Code    18  stm32f10x_tim.o(.text)
    TIM_ClearFlag                            0x08002199   Thumb Code     6  stm32f10x_tim.o(.text)
    TIM_GetITStatus                          0x0800219f   Thumb Code    34  stm32f10x_tim.o(.text)
    TIM_ClearITPendingBit                    0x080021c1   Thumb Code     6  stm32f10x_tim.o(.text)
    USART_DeInit                             0x080021c9   Thumb Code   134  stm32f10x_usart.o(.text)
    USART_Init                               0x0800224f   Thumb Code   210  stm32f10x_usart.o(.text)
    USART_StructInit                         0x08002321   Thumb Code    24  stm32f10x_usart.o(.text)
    USART_ClockInit                          0x08002339   Thumb Code    34  stm32f10x_usart.o(.text)
    USART_ClockStructInit                    0x0800235b   Thumb Code    12  stm32f10x_usart.o(.text)
    USART_Cmd                                0x08002367   Thumb Code    24  stm32f10x_usart.o(.text)
    USART_ITConfig                           0x0800237f   Thumb Code    74  stm32f10x_usart.o(.text)
    USART_DMACmd                             0x080023c9   Thumb Code    18  stm32f10x_usart.o(.text)
    USART_SetAddress                         0x080023db   Thumb Code    18  stm32f10x_usart.o(.text)
    USART_WakeUpConfig                       0x080023ed   Thumb Code    18  stm32f10x_usart.o(.text)
    USART_ReceiverWakeUpCmd                  0x080023ff   Thumb Code    24  stm32f10x_usart.o(.text)
    USART_LINBreakDetectLengthConfig         0x08002417   Thumb Code    18  stm32f10x_usart.o(.text)
    USART_LINCmd                             0x08002429   Thumb Code    24  stm32f10x_usart.o(.text)
    USART_SendData                           0x08002441   Thumb Code     8  stm32f10x_usart.o(.text)
    USART_ReceiveData                        0x08002449   Thumb Code    10  stm32f10x_usart.o(.text)
    USART_SendBreak                          0x08002453   Thumb Code    10  stm32f10x_usart.o(.text)
    USART_SetGuardTime                       0x0800245d   Thumb Code    16  stm32f10x_usart.o(.text)
    USART_SetPrescaler                       0x0800246d   Thumb Code    16  stm32f10x_usart.o(.text)
    USART_SmartCardCmd                       0x0800247d   Thumb Code    24  stm32f10x_usart.o(.text)
    USART_SmartCardNACKCmd                   0x08002495   Thumb Code    24  stm32f10x_usart.o(.text)
    USART_HalfDuplexCmd                      0x080024ad   Thumb Code    24  stm32f10x_usart.o(.text)
    USART_OverSampling8Cmd                   0x080024c5   Thumb Code    22  stm32f10x_usart.o(.text)
    USART_OneBitMethodCmd                    0x080024db   Thumb Code    24  stm32f10x_usart.o(.text)
    USART_IrDAConfig                         0x080024f3   Thumb Code    18  stm32f10x_usart.o(.text)
    USART_IrDACmd                            0x08002505   Thumb Code    24  stm32f10x_usart.o(.text)
    USART_GetFlagStatus                      0x0800251d   Thumb Code    26  stm32f10x_usart.o(.text)
    USART_ClearFlag                          0x08002537   Thumb Code    18  stm32f10x_usart.o(.text)
    USART_GetITStatus                        0x08002549   Thumb Code    84  stm32f10x_usart.o(.text)
    USART_ClearITPendingBit                  0x0800259d   Thumb Code    52  stm32f10x_usart.o(.text)
    __use_no_semihosting                     0x080025d1   Thumb Code     2  use_no_semi_2.o(.text)
    __2printf                                0x080025d5   Thumb Code    20  noretval__2printf.o(.text)
    _printf_int_dec                          0x080025ed   Thumb Code   102  _printf_dec.o(.text)
    __printf                                 0x08002665   Thumb Code   270  __printf_wp.o(.text)
    __use_two_region_memory                  0x08002773   Thumb Code     2  heapauxi.o(.text)
    __rt_heap_escrow$2region                 0x08002775   Thumb Code     2  heapauxi.o(.text)
    __rt_heap_expand$2region                 0x08002777   Thumb Code     2  heapauxi.o(.text)
    __I$use$semihosting                      0x08002779   Thumb Code     0  use_no_semi.o(.text)
    __use_no_semihosting_swi                 0x08002779   Thumb Code     2  use_no_semi.o(.text)
    _printf_int_common                       0x0800277b   Thumb Code   184  _printf_intcommon.o(.text)
    __lib_sel_fp_printf                      0x08002833   Thumb Code     2  _printf_fp_dec.o(.text)
    _printf_fp_dec_real                      0x080029df   Thumb Code   628  _printf_fp_dec.o(.text)
    _printf_char_file                        0x08002c55   Thumb Code    32  _printf_char_file.o(.text)
    __rt_locale                              0x08002c79   Thumb Code     8  rt_locale_intlibspace.o(.text)
    _ll_udiv10                               0x08002c81   Thumb Code   138  lludiv10.o(.text)
    _printf_char_common                      0x08002d17   Thumb Code    32  _printf_char_common.o(.text)
    _printf_fp_infnan                        0x08002d3d   Thumb Code   112  _printf_fp_infnan.o(.text)
    _btod_etento                             0x08002dbd   Thumb Code   222  bigflt0.o(.text)
    ferror                                   0x08002ea1   Thumb Code     8  ferror.o(.text)
    __user_libspace                          0x08002ea9   Thumb Code     8  libspace.o(.text)
    __user_perproc_libspace                  0x08002ea9   Thumb Code     0  libspace.o(.text)
    __user_perthread_libspace                0x08002ea9   Thumb Code     0  libspace.o(.text)
    __user_setup_stackheap                   0x08002eb1   Thumb Code    74  sys_stackheap_outer.o(.text)
    exit                                     0x08002efb   Thumb Code    12  exit.o(.text)
    strcmp                                   0x08002f09   Thumb Code   128  strcmpv7m.o(.text)
    _btod_d2e                                0x08002f89   Thumb Code    62  btod.o(CL$$btod_d2e)
    _d2e_denorm_low                          0x08002fc7   Thumb Code    70  btod.o(CL$$btod_d2e_denorm_low)
    _d2e_norm_op1                            0x0800300d   Thumb Code    96  btod.o(CL$$btod_d2e_norm_op1)
    __btod_div_common                        0x0800306d   Thumb Code   696  btod.o(CL$$btod_div_common)
    _e2e                                     0x080033a5   Thumb Code   198  btod.o(CL$$btod_e2e)
    _btod_ediv                               0x0800346b   Thumb Code    40  btod.o(CL$$btod_ediv)
    _btod_emul                               0x08003493   Thumb Code    40  btod.o(CL$$btod_emul)
    __btod_mult_common                       0x080034bb   Thumb Code   580  btod.o(CL$$btod_mult_common)
    __ARM_fpclassify                         0x080036ff   Thumb Code    40  fpclassify.o(i.__ARM_fpclassify)
    _is_digit                                0x08003727   Thumb Code    14  __printf_wp.o(i._is_digit)
    _get_lc_numeric                          0x08003735   Thumb Code    44  lc_numeric_c.o(locale$$code)
    __aeabi_d2iz                             0x08003761   Thumb Code     0  dfix.o(x$fpl$dfix)
    _dfix                                    0x08003761   Thumb Code    94  dfix.o(x$fpl$dfix)
    __aeabi_dmul                             0x080037c1   Thumb Code     0  dmul.o(x$fpl$dmul)
    _dmul                                    0x080037c1   Thumb Code   332  dmul.o(x$fpl$dmul)
    __fpl_dnaninf                            0x08003915   Thumb Code   156  dnaninf.o(x$fpl$dnaninf)
    __fpl_dretinf                            0x080039b1   Thumb Code    12  dretinf.o(x$fpl$dretinf)
    __aeabi_f2d                              0x080039bd   Thumb Code     0  f2d.o(x$fpl$f2d)
    _f2d                                     0x080039bd   Thumb Code    86  f2d.o(x$fpl$f2d)
    __fpl_fcmp_Inf                           0x08003a13   Thumb Code    24  fcmpi.o(x$fpl$fcmpinf)
    __aeabi_i2f                              0x08003a2d   Thumb Code     0  fflt_clz.o(x$fpl$fflt)
    _fflt                                    0x08003a2d   Thumb Code    48  fflt_clz.o(x$fpl$fflt)
    __aeabi_cfcmple                          0x08003a5d   Thumb Code     0  fleqf.o(x$fpl$fleqf)
    _fcmple                                  0x08003a5d   Thumb Code   104  fleqf.o(x$fpl$fleqf)
    __fpl_fcmple_InfNaN                      0x08003aaf   Thumb Code     0  fleqf.o(x$fpl$fleqf)
    __fpl_fnaninf                            0x08003ac5   Thumb Code   140  fnaninf.o(x$fpl$fnaninf)
    _printf_fp_dec                           0x08003b51   Thumb Code     4  printf1.o(x$fpl$printf1)
    __I$use$fp                               0x08003b54   Number         0  usenofp.o(x$fpl$usenofp)
    Region$$Table$$Base                      0x08003be8   Number         0  anon$$obj.o(Region$$Table)
    Region$$Table$$Limit                     0x08003c08   Number         0  anon$$obj.o(Region$$Table)
    SystemCoreClock                          0x20000000   Data           4  system_stm32f10x.o(.data)
    AHBPrescTable                            0x20000004   Data          16  system_stm32f10x.o(.data)
    temperature                              0x20000014   Data           1  main.o(.data)
    humidity                                 0x20000015   Data           1  main.o(.data)
    USART_RX_STA                             0x2000001c   Data           2  usart.o(.data)
    __stdout                                 0x20000020   Data           4  usart.o(.data)
    USART_RX_BUF                             0x20000038   Data         200  usart.o(.bss)
    __libspace_start                         0x20000100   Data          96  libspace.o(.bss)
    __temporary_stack_top$libspace           0x20000160   Data           0  libspace.o(.bss)



==============================================================================

Memory Map of the image

  Image Entry point : 0x080001a9

  Load Region LR_1 (Base: 0x08000000, Size: 0x00003c5c, Max: 0xffffffff, ABSOLUTE)

    Execution Region ER_RO (Base: 0x08000000, Size: 0x00003c24, Max: 0xffffffff, ABSOLUTE)

    Base Addr    Size         Type   Attr      Idx    E Section Name        Object

    0x08000000   0x000000ec   Data   RO            3    RESET               startup_stm32f10x_md.o
    0x080000ec   0x00000008   Code   RO          568  * !!!main             c_w.l(__main.o)
    0x080000f4   0x00000034   Code   RO          805    !!!scatter          c_w.l(__scatter.o)
    0x08000128   0x0000001a   Code   RO          807    !!handler_copy      c_w.l(__scatter_copy.o)
    0x08000142   0x00000002   PAD
    0x08000144   0x0000001c   Code   RO          809    !!handler_zi        c_w.l(__scatter_zi.o)
    0x08000160   0x00000000   Code   RO          565    .ARM.Collect$$_printf_percent$$00000000  c_w.l(_printf_percent.o)
    0x08000160   0x00000006   Code   RO          564    .ARM.Collect$$_printf_percent$$00000003  c_w.l(_printf_f.o)
    0x08000166   0x00000006   Code   RO          563    .ARM.Collect$$_printf_percent$$00000009  c_w.l(_printf_d.o)
    0x0800016c   0x00000004   Code   RO          597    .ARM.Collect$$_printf_percent$$00000017  c_w.l(_printf_percent_end.o)
    0x08000170   0x00000002   Code   RO          685    .ARM.Collect$$libinit$$00000000  c_w.l(libinit.o)
    0x08000172   0x00000000   Code   RO          687    .ARM.Collect$$libinit$$00000002  c_w.l(libinit2.o)
    0x08000172   0x00000000   Code   RO          690    .ARM.Collect$$libinit$$00000008  c_w.l(libinit2.o)
    0x08000172   0x00000000   Code   RO          692    .ARM.Collect$$libinit$$0000000A  c_w.l(libinit2.o)
    0x08000172   0x00000000   Code   RO          694    .ARM.Collect$$libinit$$0000000C  c_w.l(libinit2.o)
    0x08000172   0x00000006   Code   RO          695    .ARM.Collect$$libinit$$0000000D  c_w.l(libinit2.o)
    0x08000178   0x00000000   Code   RO          697    .ARM.Collect$$libinit$$0000000F  c_w.l(libinit2.o)
    0x08000178   0x00000000   Code   RO          699    .ARM.Collect$$libinit$$00000011  c_w.l(libinit2.o)
    0x08000178   0x00000000   Code   RO          701    .ARM.Collect$$libinit$$00000013  c_w.l(libinit2.o)
    0x08000178   0x0000000a   Code   RO          702    .ARM.Collect$$libinit$$00000014  c_w.l(libinit2.o)
    0x08000182   0x00000000   Code   RO          703    .ARM.Collect$$libinit$$00000015  c_w.l(libinit2.o)
    0x08000182   0x00000000   Code   RO          705    .ARM.Collect$$libinit$$00000017  c_w.l(libinit2.o)
    0x08000182   0x00000000   Code   RO          707    .ARM.Collect$$libinit$$00000019  c_w.l(libinit2.o)
    0x08000182   0x00000000   Code   RO          709    .ARM.Collect$$libinit$$0000001B  c_w.l(libinit2.o)
    0x08000182   0x00000000   Code   RO          711    .ARM.Collect$$libinit$$0000001D  c_w.l(libinit2.o)
    0x08000182   0x00000000   Code   RO          713    .ARM.Collect$$libinit$$0000001F  c_w.l(libinit2.o)
    0x08000182   0x00000000   Code   RO          715    .ARM.Collect$$libinit$$00000021  c_w.l(libinit2.o)
    0x08000182   0x00000000   Code   RO          717    .ARM.Collect$$libinit$$00000023  c_w.l(libinit2.o)
    0x08000182   0x00000000   Code   RO          721    .ARM.Collect$$libinit$$0000002A  c_w.l(libinit2.o)
    0x08000182   0x00000000   Code   RO          723    .ARM.Collect$$libinit$$0000002C  c_w.l(libinit2.o)
    0x08000182   0x00000000   Code   RO          725    .ARM.Collect$$libinit$$0000002E  c_w.l(libinit2.o)
    0x08000182   0x00000000   Code   RO          727    .ARM.Collect$$libinit$$00000030  c_w.l(libinit2.o)
    0x08000182   0x00000002   Code   RO          728    .ARM.Collect$$libinit$$00000031  c_w.l(libinit2.o)
    0x08000184   0x00000002   Code   RO          756    .ARM.Collect$$libshutdown$$00000000  c_w.l(libshutdown.o)
    0x08000186   0x00000000   Code   RO          766    .ARM.Collect$$libshutdown$$00000003  c_w.l(libshutdown2.o)
    0x08000186   0x00000000   Code   RO          769    .ARM.Collect$$libshutdown$$00000006  c_w.l(libshutdown2.o)
    0x08000186   0x00000000   Code   RO          772    .ARM.Collect$$libshutdown$$00000009  c_w.l(libshutdown2.o)
    0x08000186   0x00000000   Code   RO          774    .ARM.Collect$$libshutdown$$0000000B  c_w.l(libshutdown2.o)
    0x08000186   0x00000000   Code   RO          777    .ARM.Collect$$libshutdown$$0000000E  c_w.l(libshutdown2.o)
    0x08000186   0x00000002   Code   RO          778    .ARM.Collect$$libshutdown$$0000000F  c_w.l(libshutdown2.o)
    0x08000188   0x00000000   Code   RO          590    .ARM.Collect$$rtentry$$00000000  c_w.l(rtentry.o)
    0x08000188   0x00000000   Code   RO          608    .ARM.Collect$$rtentry$$00000002  c_w.l(rtentry2.o)
    0x08000188   0x00000006   Code   RO          620    .ARM.Collect$$rtentry$$00000004  c_w.l(rtentry4.o)
    0x0800018e   0x00000000   Code   RO          610    .ARM.Collect$$rtentry$$00000009  c_w.l(rtentry2.o)
    0x0800018e   0x00000004   Code   RO          611    .ARM.Collect$$rtentry$$0000000A  c_w.l(rtentry2.o)
    0x08000192   0x00000000   Code   RO          613    .ARM.Collect$$rtentry$$0000000C  c_w.l(rtentry2.o)
    0x08000192   0x00000008   Code   RO          614    .ARM.Collect$$rtentry$$0000000D  c_w.l(rtentry2.o)
    0x0800019a   0x00000002   Code   RO          729    .ARM.Collect$$rtexit$$00000000  c_w.l(rtexit.o)
    0x0800019c   0x00000000   Code   RO          736    .ARM.Collect$$rtexit$$00000002  c_w.l(rtexit2.o)
    0x0800019c   0x00000004   Code   RO          737    .ARM.Collect$$rtexit$$00000003  c_w.l(rtexit2.o)
    0x080001a0   0x00000006   Code   RO          738    .ARM.Collect$$rtexit$$00000004  c_w.l(rtexit2.o)
    0x080001a6   0x00000002   PAD
    0x080001a8   0x00000040   Code   RO            4  * .text               startup_stm32f10x_md.o
    0x080001e8   0x000001dc   Code   RO           10    .text               system_stm32f10x.o
    0x080003c4   0x0000001a   Code   RO          111    .text               stm32f10x_it.o
    0x080003de   0x00000002   PAD
    0x080003e0   0x00000110   Code   RO          130    .text               main.o
    0x080004f0   0x0000025c   Code   RO          165    .text               dht11.o
    0x0800074c   0x000000d0   Code   RO          178    .text               delay.o
    0x0800081c   0x00000140   Code   RO          208    .text               usart.o
    0x0800095c   0x00000278   Code   RO          231    .text               ds18b20.o
    0x08000bd4   0x000000dc   Code   RO          253    .text               misc.o
    0x08000cb0   0x00000358   Code   RO          397    .text               stm32f10x_gpio.o
    0x08001008   0x000003a4   Code   RO          445    .text               stm32f10x_rcc.o
    0x080013ac   0x00000e1a   Code   RO          495    .text               stm32f10x_tim.o
    0x080021c6   0x00000002   PAD
    0x080021c8   0x00000408   Code   RO          507    .text               stm32f10x_usart.o
    0x080025d0   0x00000002   Code   RO          533    .text               c_w.l(use_no_semi_2.o)
    0x080025d2   0x00000002   PAD
    0x080025d4   0x00000018   Code   RO          537    .text               c_w.l(noretval__2printf.o)
    0x080025ec   0x00000078   Code   RO          541    .text               c_w.l(_printf_dec.o)
    0x08002664   0x0000010e   Code   RO          551    .text               c_w.l(__printf_wp.o)
    0x08002772   0x00000006   Code   RO          566    .text               c_w.l(heapauxi.o)
    0x08002778   0x00000002   Code   RO          588    .text               c_w.l(use_no_semi.o)
    0x0800277a   0x000000b8   Code   RO          591    .text               c_w.l(_printf_intcommon.o)
    0x08002832   0x00000420   Code   RO          593    .text               c_w.l(_printf_fp_dec.o)
    0x08002c52   0x00000002   PAD
    0x08002c54   0x00000024   Code   RO          595    .text               c_w.l(_printf_char_file.o)
    0x08002c78   0x00000008   Code   RO          625    .text               c_w.l(rt_locale_intlibspace.o)
    0x08002c80   0x0000008a   Code   RO          627    .text               c_w.l(lludiv10.o)
    0x08002d0a   0x00000002   PAD
    0x08002d0c   0x00000030   Code   RO          629    .text               c_w.l(_printf_char_common.o)
    0x08002d3c   0x00000080   Code   RO          631    .text               c_w.l(_printf_fp_infnan.o)
    0x08002dbc   0x000000e4   Code   RO          633    .text               c_w.l(bigflt0.o)
    0x08002ea0   0x00000008   Code   RO          658    .text               c_w.l(ferror.o)
    0x08002ea8   0x00000008   Code   RO          669    .text               c_w.l(libspace.o)
    0x08002eb0   0x0000004a   Code   RO          672    .text               c_w.l(sys_stackheap_outer.o)
    0x08002efa   0x0000000c   Code   RO          676    .text               c_w.l(exit.o)
    0x08002f06   0x00000002   PAD
    0x08002f08   0x00000080   Code   RO          678    .text               c_w.l(strcmpv7m.o)
    0x08002f88   0x0000003e   Code   RO          636    CL$$btod_d2e        c_w.l(btod.o)
    0x08002fc6   0x00000046   Code   RO          638    CL$$btod_d2e_denorm_low  c_w.l(btod.o)
    0x0800300c   0x00000060   Code   RO          637    CL$$btod_d2e_norm_op1  c_w.l(btod.o)
    0x0800306c   0x00000338   Code   RO          646    CL$$btod_div_common  c_w.l(btod.o)
    0x080033a4   0x000000c6   Code   RO          643    CL$$btod_e2e        c_w.l(btod.o)
    0x0800346a   0x00000028   Code   RO          640    CL$$btod_ediv       c_w.l(btod.o)
    0x08003492   0x00000028   Code   RO          639    CL$$btod_emul       c_w.l(btod.o)
    0x080034ba   0x00000244   Code   RO          645    CL$$btod_mult_common  c_w.l(btod.o)
    0x080036fe   0x00000028   Code   RO          667    i.__ARM_fpclassify  m_ws.l(fpclassify.o)
    0x08003726   0x0000000e   Code   RO          553    i._is_digit         c_w.l(__printf_wp.o)
    0x08003734   0x0000002c   Code   RO          663    locale$$code        c_w.l(lc_numeric_c.o)
    0x08003760   0x0000005e   Code   RO          570    x$fpl$dfix          fz_ws.l(dfix.o)
    0x080037be   0x00000002   PAD
    0x080037c0   0x00000154   Code   RO          574    x$fpl$dmul          fz_ws.l(dmul.o)
    0x08003914   0x0000009c   Code   RO          598    x$fpl$dnaninf       fz_ws.l(dnaninf.o)
    0x080039b0   0x0000000c   Code   RO          600    x$fpl$dretinf       fz_ws.l(dretinf.o)
    0x080039bc   0x00000056   Code   RO          576    x$fpl$f2d           fz_ws.l(f2d.o)
    0x08003a12   0x00000018   Code   RO          602    x$fpl$fcmpinf       fz_ws.l(fcmpi.o)
    0x08003a2a   0x00000002   PAD
    0x08003a2c   0x00000030   Code   RO          579    x$fpl$fflt          fz_ws.l(fflt_clz.o)
    0x08003a5c   0x00000068   Code   RO          584    x$fpl$fleqf         fz_ws.l(fleqf.o)
    0x08003ac4   0x0000008c   Code   RO          604    x$fpl$fnaninf       fz_ws.l(fnaninf.o)
    0x08003b50   0x00000004   Code   RO          586    x$fpl$printf1       fz_ws.l(printf1.o)
    0x08003b54   0x00000000   Code   RO          606    x$fpl$usenofp       fz_ws.l(usenofp.o)
    0x08003b54   0x00000094   Data   RO          634    .constdata          c_w.l(bigflt0.o)
    0x08003be8   0x00000020   Data   RO          803    Region$$Table       anon$$obj.o
    0x08003c08   0x0000001c   Data   RO          662    locale$$data        c_w.l(lc_numeric_c.o)


    Execution Region ER_RW (Base: 0x20000000, Size: 0x00000038, Max: 0xffffffff, ABSOLUTE)

    Base Addr    Size         Type   Attr      Idx    E Section Name        Object

    0x20000000   0x00000014   Data   RW           11    .data               system_stm32f10x.o
    0x20000014   0x00000002   Data   RW          131    .data               main.o
    0x20000016   0x00000004   Data   RW          179    .data               delay.o
    0x2000001a   0x00000002   PAD
    0x2000001c   0x00000008   Data   RW          210    .data               usart.o
    0x20000024   0x00000014   Data   RW          446    .data               stm32f10x_rcc.o


    Execution Region ER_ZI (Base: 0x20000038, Size: 0x00000728, Max: 0xffffffff, ABSOLUTE)

    Base Addr    Size         Type   Attr      Idx    E Section Name        Object

    0x20000038   0x000000c8   Zero   RW          209    .bss                usart.o
    0x20000100   0x00000060   Zero   RW          670    .bss                c_w.l(libspace.o)
    0x20000160   0x00000200   Zero   RW            2    HEAP                startup_stm32f10x_md.o
    0x20000360   0x00000400   Zero   RW            1    STACK               startup_stm32f10x_md.o


==============================================================================

Image component sizes


      Code (inc. data)   RO Data    RW Data    ZI Data      Debug   Object Name

       208         18          0          4          0        887   delay.o
       604         76          0          0          0       2625   dht11.o
       632         22          0          0          0       2110   ds18b20.o
       272         96          0          2          0        654   main.o
       220         20          0          0          0       1657   misc.o
        64         26        236          0       1536        732   startup_stm32f10x_md.o
       856         40          0          0          0       5497   stm32f10x_gpio.o
        26          0          0          0          0       1142   stm32f10x_it.o
       932         44          0         20          0       8592   stm32f10x_rcc.o
      3610         88          0          0          0      21984   stm32f10x_tim.o
      1032         22          0          0          0       8228   stm32f10x_usart.o
       476         36          0         20          0     252263   system_stm32f10x.o
       320         18          0          8        200       2902   usart.o

    ----------------------------------------------------------------------
      9256        506        268         56       1736     309273   Object Totals
         0          0         32          0          0          0   (incl. Generated)
         4          0          0          2          0          0   (incl. Padding)

    ----------------------------------------------------------------------

      Code (inc. data)   RO Data    RW Data    ZI Data      Debug   Library Member Name

         8          0          0          0          0         68   __main.o
       284          0          0          0          0        156   __printf_wp.o
        52          8          0          0          0          0   __scatter.o
        26          0          0          0          0          0   __scatter_copy.o
        28          0          0          0          0          0   __scatter_zi.o
        48          6          0          0          0         96   _printf_char_common.o
        36          4          0          0          0         80   _printf_char_file.o
         6          0          0          0          0          0   _printf_d.o
       120         18          0          0          0         92   _printf_dec.o
         6          0          0          0          0          0   _printf_f.o
      1056          0          0          0          0        212   _printf_fp_dec.o
       128         16          0          0          0         84   _printf_fp_infnan.o
       184          0          0          0          0         88   _printf_intcommon.o
         0          0          0          0          0          0   _printf_percent.o
         4          0          0          0          0          0   _printf_percent_end.o
       228          6        148          0          0         96   bigflt0.o
      1910        128          0          0          0        672   btod.o
        12          0          0          0          0         72   exit.o
         8          0          0          0          0         68   ferror.o
         6          0          0          0          0        152   heapauxi.o
        44         10         28          0          0         76   lc_numeric_c.o
         2          0          0          0          0          0   libinit.o
        18          0          0          0          0          0   libinit2.o
         2          0          0          0          0          0   libshutdown.o
         2          0          0          0          0          0   libshutdown2.o
         8          4          0          0         96         68   libspace.o
       138          0          0          0          0         80   lludiv10.o
        24          4          0          0          0         84   noretval__2printf.o
         8          4          0          0          0         68   rt_locale_intlibspace.o
         0          0          0          0          0          0   rtentry.o
        12          0          0          0          0          0   rtentry2.o
         6          0          0          0          0          0   rtentry4.o
         2          0          0          0          0          0   rtexit.o
        10          0          0          0          0          0   rtexit2.o
       128          0          0          0          0         68   strcmpv7m.o
        74          0          0          0          0         80   sys_stackheap_outer.o
         2          0          0          0          0         68   use_no_semi.o
         2          0          0          0          0         68   use_no_semi_2.o
        94          4          0          0          0         92   dfix.o
       340         12          0          0          0        104   dmul.o
       156          4          0          0          0         92   dnaninf.o
        12          0          0          0          0         68   dretinf.o
        86          4          0          0          0         84   f2d.o
        24          0          0          0          0         68   fcmpi.o
        48          0          0          0          0         68   fflt_clz.o
       104          4          0          0          0         84   fleqf.o
       140          4          0          0          0         84   fnaninf.o
         4          0          0          0          0         68   printf1.o
         0          0          0          0          0          0   usenofp.o
        40          0          0          0          0         68   fpclassify.o

    ----------------------------------------------------------------------
      5696        240        176          0         96       3476   Library Totals
        16          0          0          0          0          0   (incl. Padding)

    ----------------------------------------------------------------------

      Code (inc. data)   RO Data    RW Data    ZI Data      Debug   Library Name

      4632        208        176          0         96       2596   c_w.l
      1008         32          0          0          0        812   fz_ws.l
        40          0          0          0          0         68   m_ws.l

    ----------------------------------------------------------------------
      5696        240        176          0         96       3476   Library Totals

    ----------------------------------------------------------------------

==============================================================================


      Code (inc. data)   RO Data    RW Data    ZI Data      Debug   

     14952        746        444         56       1832     309629   Grand Totals
     14952        746        444         56       1832     309629   ELF Image Totals
     14952        746        444         56          0          0   ROM Totals

==============================================================================

    Total RO  Size (Code + RO Data)                15396 (  15.04kB)
    Total RW  Size (RW Data + ZI Data)              1888 (   1.84kB)
    Total ROM Size (Code + RO Data + RW Data)      15452 (  15.09kB)

==============================================================================

